******************************************************************************
                  TI ARM Linker PC v16.9.6                     
******************************************************************************
>> Linked Mon Jul 01 15:54:50 2019

OUTPUT FILE NAME:   <Driver_SDCard.out>
ENTRY POINT SYMBOL: "_c_int00"  address: 000087bd


MEMORY CONFIGURATION

         name            origin    length      used     unused   attr    fill
----------------------  --------  ---------  --------  --------  ----  --------
  FLASH                 00000000   00040000  0000d2c4  00032d3c  R  X
  SRAM                  20000000   00008000  00006560  00001aa0  RW X


SEGMENT ALLOCATION MAP

run origin  load origin   length   init length attrs members
----------  ----------- ---------- ----------- ----- -------
00000000    00000000    0000d2d0   0000d2d0    r-x
  00000000    00000000    0000003c   0000003c    r-- .resetVecs
  00000040    00000040    0000ad8a   0000ad8a    r-x .text
  0000add0    0000add0    00002276   00002276    r-- .const
  0000d048    0000d048    00000288   00000288    r-- .cinit
20000000    20000000    00006564   00000000    rw-
  20000000    20000000    00000360   00000000    rw- .vecs
  20000360    20000360    00005812   00000000    rw- .bss
  20005b74    20005b74    000006ee   00000000    rw- .data
  20006264    20006264    00000300   00000000    rw- .stack


SECTION ALLOCATION MAP

 output                                  attributes/
section   page    origin      length       input sections
--------  ----  ----------  ----------   ----------------
.text      0    00000040    0000ad8a     
                  00000040    00000898     rtsv7M4_T_le_v4SPD16_eabi.lib : _scanfi.obj (.text)
                  000008d8    000004ff     main.obj (.text:mainMenuTask)
                  00000dd7    00000001     --HOLE-- [fill = 0]
                  00000dd8    00000430     sysbios.aem4f : BIOS.obj (.text:ti_sysbios_family_arm_m3_Hwi_excDumpRegs__I)
                  00001208    0000034c     ti.targets.arm.rtsarm.aem4f : System.oem4f (.text:xdc_runtime_System_doPrint__I)
                  00001554    00000324     ti.mw.fatfs.aem4f : ff.oem4f (.text:find_volume)
                  00001878    000002a0     rtsv7M4_T_le_v4SPD16_eabi.lib : mktime.obj (.text)
                  00001b18    0000023c     main.obj (.text:CopyFile)
                  00001d54    0000023c     rtsv7M4_T_le_v4SPD16_eabi.lib : strtod.obj (.text)
                  00001f90    0000021e                                   : ll_div_t2.obj (.text)
                  000021ae    00000002                                   : i_div0.obj (.text)
                  000021b0    000001fc     sysbios.aem4f : BIOS.obj (.text:ti_sysbios_family_arm_m3_Hwi_excHandlerMax__I)
                  000023ac    000001f4     drivers_tivaware.aem4f : SDSPITiva.oem4f (.text:SDSPITiva_diskInitialize)
                  000025a0    000001f4     rtsv7M4_T_le_v4SPD16_eabi.lib : ull_div_t2.obj (.text)
                  00002794    000001dc                                   : strtoll.obj (.text)
                  00002970    000001d0                                   : fscanf.obj (.text)
                  00002b40    000001c4                                   : fopen.obj (.text)
                  00002d04    000001b6                                   : fd_add_t2.obj (.text)
                  00002eba    000001a4     ti.mw.fatfs.aem4f : ff.oem4f (.text:f_write)
                  0000305e    00000002     rtsv7M4_T_le_v4SPD16_eabi.lib : l_div0.obj (.text)
                  00003060    00000180     sysbios.aem4f : BIOS.obj (.text:ti_sysbios_knl_Semaphore_pend__E)
                  000031e0    0000017c     main.obj (.text:InterfaceSDInit)
                  0000335c    00000178     ti.mw.fatfs.aem4f : ff.oem4f (.text:f_read)
                  000034d4    00000004                       : ffosal.oem4f (.text:ff_rel_grant)
                  000034d8    00000174     sysbios.aem4f : BIOS.obj (.text:ti_sysbios_family_arm_m3_Hwi_excBusFault__I)
                  0000364c    0000016c     rtsv7M4_T_le_v4SPD16_eabi.lib : fwrite.obj (.text)
                  000037b8    00000164     ti.mw.fatfs.aem4f : ff.oem4f (.text:f_open)
                  0000391c    00000004                       : diskio.oem4f (.text:get_fattime)
                  00003920    00000164     sysbios.aem4f : BIOS.obj (.text:ti_sysbios_family_arm_m3_Hwi_excUsageFault__I)
                  00003a84    0000015c     rtsv7M4_T_le_v4SPD16_eabi.lib : strtoull.obj (.text)
                  00003be0    0000015a     ti.mw.fatfs.aem4f : ff.oem4f (.text:f_lseek)
                  00003d3a    00000002     main_pem4f.oem4f (.text:ti_sysbios_BIOS_nullFunc__I)
                  00003d3c    00000150     drivers_tivaware.aem4f : GPIOTiva.oem4f (.text:GPIO_setConfig)
                  00003e8c    00000004     main_pem4f.oem4f (.text:ti_sysbios_BIOS_RtsGateProxy_enter__E)
                  00003e90    00000148     sysbios.aem4f : BIOS.obj (.text:ti_sysbios_family_arm_m3_Hwi_excMemFault__I)
                  00003fd8    00000144     main.obj (.text:CreateFile)
                  0000411c    00000138     rtsv7M4_T_le_v4SPD16_eabi.lib : localtim.obj (.text)
                  00004254    00000136                                   : fd_div_t2.obj (.text)
                  0000438a    00000002     main_pem4f.oem4f (.text:xdc_runtime_Startup_reset__I)
                  0000438c    00000134     rtsv7M4_T_le_v4SPD16_eabi.lib : strtol.obj (.text)
                  000044c0    00000130     driverlib.lib : gpio.obj (.text:GPIOPadConfigSet)
                  000045f0    00000123     ti.mw.fatfs.aem4f : ff.oem4f (.text:create_name)
                  00004713    00000001     --HOLE-- [fill = 0]
                  00004714    00000118     ti.targets.arm.rtsarm.aem4f : Error.oem4f (.text:xdc_runtime_Error_policyDefault__E)
                  0000482c    00000114     rtsv7M4_T_le_v4SPD16_eabi.lib : strtoul.obj (.text)
                  00004940    00000108     drivers_tivaware.aem4f : SDSPITiva.oem4f (.text:SDSPITiva_open)
                  00004a48    00000108     sysbios.aem4f : BIOS.obj (.text:ti_sysbios_family_arm_lm4_Timer_start__E)
                  00004b50    00000100     Boot.aem4f : Boot_sysctl.oem4f (.text:ti_catalog_arm_cortexm4_tiva_ce_Boot_sysCtlClockSetI__I)
                  00004c50    00000100     ti.targets.arm.rtsarm.aem4f : Core-mem.oem4f (.text:xdc_runtime_Core_createObject__I)
                  00004d50    000000fe     ti.mw.fatfs.aem4f : ff.oem4f (.text:f_rename)
                  00004e4e    000000fc     rtsv7M4_T_le_v4SPD16_eabi.lib : fd_mul_t2.obj (.text)
                  00004f4a    000000fa     ti.mw.fatfs.aem4f : ff.oem4f (.text:dir_next)
                  00005044    000000f9     main.obj (.text:RemoveFile)
                  0000513d    00000003     --HOLE-- [fill = 0]
                  00005140    000000f8     ti.targets.arm.rtsarm.aem4f : Startup.oem4f (.text:xdc_runtime_Startup_startMods__I)
                  00005238    000000f8     main_pem4f.oem4f (.text:xdc_runtime_System_printfExtend__I)
                  00005330    000000f4     drivers_tivaware.aem4f : SDSPITiva.oem4f (.text:SDSPITiva_diskIOctrl)
                  00005424    000000f4     sysbios.aem4f : m3_Hwi_asm.obj (.text:ti_sysbios_family_arm_m3_Hwi_dispatch__I)
                  00005518    000000ec     ti.mw.fatfs.aem4f : ff.oem4f (.text:put_fat)
                  00005604    000000ec     rtsv7M4_T_le_v4SPD16_eabi.lib : fread.obj (.text)
                  000056f0    000000e8     drivers_tivaware.aem4f : SDSPITiva.oem4f (.text:SDSPITiva_diskWrite)
                  000057d8    000000dc     main.obj (.text:IsFile)
                  000058b4    000000dc     main.obj (.text:ShowFileContent)
                  00005990    000000dc     rtsv7M4_T_le_v4SPD16_eabi.lib : setvbuf.obj (.text)
                  00005a6c    000000d6     ti.mw.fatfs.aem4f : ff.oem4f (.text:get_fat)
                  00005b42    00000006     driverlib.lib : gpio.obj (.text:GPIOIntClear)
                  00005b48    000000d4     sysbios.aem4f : BIOS.obj (.text:ti_sysbios_heaps_HeapMem_alloc__E)
                  00005c1c    000000d0     main.obj (.text:Rotina3)
                  00005cec    00000004     main_pem4f.oem4f (.text:ti_sysbios_BIOS_RtsGateProxy_leave__E)
                  00005cf0    000000cc     sysbios.aem4f : BIOS.obj (.text:ti_sysbios_knl_Task_Instance_init__E)
                  00005dbc    000000cc     ti.targets.arm.rtsarm.aem4f : Core-smem.oem4f (.text:xdc_runtime_Core_constructObject__I)
                  00005e88    000000c8     rtsv7M4_T_le_v4SPD16_eabi.lib : fflush.obj (.text)
                  00005f50    000000c6     drivers_tivaware.aem4f : SDSPITiva.oem4f (.text:send_cmd)
                  00006016    00000002     --HOLE-- [fill = 0]
                  00006018    000000c0                            : SDSPITiva.oem4f (.text:SDSPITiva_diskRead)
                  000060d8    000000bc     main.obj (.text:Rotina2)
                  00006194    000000bc     rtsv7M4_T_le_v4SPD16_eabi.lib : open.obj (.text)
                  00006250    000000bc     sysbios.aem4f : BIOS.obj (.text:ti_sysbios_family_arm_m3_Hwi_excDebugMon__I)
                  0000630c    00000004                   : BIOS.obj (.text:ti_sysbios_family_arm_lm4_Timer_masterEnable__I)
                  00006310    000000bc                   : BIOS.obj (.text:ti_sysbios_family_arm_m3_Hwi_excHardFault__I)
                  000063cc    00000004     main_pem4f.oem4f (.text:ti_sysbios_family_arm_m3_TaskSupport_Module__startupDone__S)
                  000063d0    000000bc     sysbios.aem4f : BIOS.obj (.text:ti_sysbios_knl_Task_Instance_finalize__E)
                  0000648c    000000b8     ti.mw.fatfs.aem4f : ffcio.oem4f (.text:ffcio_open)
                  00006544    000000b8     rtsv7M4_T_le_v4SPD16_eabi.lib : add_device.obj (.text)
                  000065fc    000000b4     main.obj (.text:Rotina1)
                  000066b0    000000b4     ti.mw.fatfs.aem4f : ff.oem4f (.text:sync_fs)
                  00006764    00000004     main_pem4f.oem4f (.text:ti_sysbios_heaps_HeapMem_Module_GateProxy_enter__E)
                  00006768    000000b4     sysbios.aem4f : BIOS.obj (.text:ti_sysbios_knl_Task_checkStacks__E)
                  0000681c    000000ac     main.obj (.text:MountSD)
                  000068c8    000000ac     rtsv7M4_T_le_v4SPD16_eabi.lib : _io_perm.obj (.text)
                  00006974    00000004     main_pem4f.oem4f (.text:ti_sysbios_heaps_HeapMem_Module_GateProxy_leave__E)
                  00006978    000000ac     sysbios.aem4f : BIOS.obj (.text:ti_sysbios_family_arm_lm4_Timer_enableTiva__I)
                  00006a24    000000a8     ti.mw.fatfs.aem4f : ff.oem4f (.text:create_chain)
                  00006acc    000000a4                       : ff.oem4f (.text:f_unlink)
                  00006b70    000000a0     auto_init.aem4f : auto_init.oem4f (.text)
                  00006c10    000000a0     drivers_tivaware.aem4f : SDSPITiva.oem4f (.text:rcvr_datablock)
                  00006cb0    000000a0     ti.targets.arm.rtsarm.aem4f : Text.oem4f (.text:xdc_runtime_Text_putMod__E)
                  00006d50    0000009c     ti.mw.fatfs.aem4f : ff.oem4f (.text:f_sync)
                  00006dec    0000009c     rtsv7M4_T_le_v4SPD16_eabi.lib : _bufread.obj (.text)
                  00006e88    0000009c                                   : memcpy_t2.obj (.text)
                  00006f24    0000009a     ti.targets.arm.rtsarm.aem4f : Text.oem4f (.text:xdc_runtime_Text_putSite__E)
                  00006fbe    0000009a     drivers_tivaware.aem4f : SDSPITiva.oem4f (.text:xmit_datablock)
                  00007058    00000098     rtsv7M4_T_le_v4SPD16_eabi.lib : fclose.obj (.text)
                  000070f0    00000098     Boot.aem4f : Boot.oem4f (.text:ti_catalog_arm_cortexm4_tiva_ce_Boot_sysCtlClockSet__E)
                  00007188    00000094     sysbios.aem4f : BIOS.obj (.text:ti_sysbios_family_arm_m3_Hwi_Instance_init__E)
                  0000721c    00000004     main_pem4f.oem4f (.text:ti_sysbios_knl_Clock_TimerProxy_getMaxTicks__E)
                  00007220    00000094     sysbios.aem4f : BIOS.obj (.text:ti_sysbios_family_arm_m3_Hwi_initNVIC__E)
                  000072b4    00000090     rtsv7M4_T_le_v4SPD16_eabi.lib : fgetc.obj (.text)
                  00007344    0000008c     drivers_tivaware.aem4f : GPIOTiva.oem4f (.text:GPIO_init)
                  000073d0    0000008c     sysbios.aem4f : m3_TaskSupport_asm.obj (.text:ti_sysbios_family_arm_m3_TaskSupport_buildTaskStack)
                  0000745c    00000004     main_pem4f.oem4f (.text:ti_sysbios_knl_Clock_TimerProxy_getPeriod__E)
                  00007460    0000008c     sysbios.aem4f : BIOS.obj (.text:ti_sysbios_knl_Event_post__E)
                  000074ec    00000004     main_pem4f.oem4f (.text:ti_sysbios_knl_Queue_destruct)
                  000074f0    0000008c     sysbios.aem4f : BIOS.obj (.text:ti_sysbios_knl_Task_postInit__I)
                  0000757c    00000086     rtsv7M4_T_le_v4SPD16_eabi.lib : fd_cmp_t2.obj (.text:__aeabi_cdcmple)
                  00007602    00000006     driverlib.lib : gpio.obj (.text:GPIOPinWrite)
                  00007608    00000084     sysbios.aem4f : BIOS.obj (.text:ti_sysbios_family_arm_lm4_Timer_getExpiredCounts__E)
                  0000768c    00000004     main_pem4f.oem4f (.text:ti_sysbios_knl_Semaphore_destruct)
                  00007690    00000084     sysbios.aem4f : BIOS.obj (.text:ti_sysbios_family_arm_m3_Hwi_postInit__I)
                  00007714    00000080     rtsv7M4_T_le_v4SPD16_eabi.lib : ungetc.obj (.text)
                  00007794    0000007e     ti.mw.fatfs.aem4f : ff.oem4f (.text:dir_sdi)
                  00007812    00000002     --HOLE-- [fill = 0]
                  00007814    0000007c                       : ff.oem4f (.text:f_mount)
                  00007890    0000007c     sysbios.aem4f : BIOS.obj (.text:ti_sysbios_heaps_HeapMem_free__E)
                  0000790c    0000007a     rtsv7M4_T_le_v4SPD16_eabi.lib : memset_t2.obj (.text)
                  00007986    00000002     --HOLE-- [fill = 0]
                  00007988    00000078     sysbios.aem4f : BIOS.obj (.text:ti_sysbios_knl_Semaphore_post__E)
                  00007a00    00000074     ti.mw.fatfs.aem4f : ff.oem4f (.text:check_fs)
                  00007a74    00000070     EK_TM4C123GXL.obj (.text:EK_TM4C123GXL_initSDSPI)
                  00007ae4    00000070     rtsv7M4_T_le_v4SPD16_eabi.lib : getdevice.obj (.text)
                  00007b54    00000004     ti.targets.arm.rtsarm.aem4f : Error.oem4f (.text:xdc_runtime_Error_getSite__E)
                  00007b58    00000070     sysbios.aem4f : BIOS.obj (.text:ti_sysbios_knl_Clock_workFunc__E)
                  00007bc8    00000070                   : BIOS.obj (.text:ti_sysbios_knl_Semaphore_Instance_init__E)
                  00007c38    00000070                   : BIOS.obj (.text:ti_sysbios_knl_Task_exit__E)
                  00007ca8    0000006e     rtsv7M4_T_le_v4SPD16_eabi.lib : fd_tos_t2.obj (.text)
                  00007d16    00000002     --HOLE-- [fill = 0]
                  00007d18    0000006d     ti.targets.arm.rtsarm.aem4f : System.oem4f (.text:xdc_runtime_System_formatNum__I)
                  00007d85    00000003     --HOLE-- [fill = 0]
                  00007d88    0000006c     main.obj (.text:UnmountSD)
                  00007df4    00000004     main_pem4f.oem4f (.text:xdc_runtime_System_Module_GateProxy_enter__E)
                  00007df8    0000006c     sysbios.aem4f : BIOS.obj (.text:ti_sysbios_knl_Swi_restoreHwi__E)
                  00007e64    0000006c     ti.targets.arm.rtsarm.aem4f : Error.oem4f (.text:xdc_runtime_Error_print__E)
                  00007ed0    0000006c                                 : Memory.oem4f (.text:xdc_runtime_Memory_alloc__E)
                  00007f3c    00000068     rtsv7M4_T_le_v4SPD16_eabi.lib : copy_decompress_lzss.obj (.text:decompress:lzss)
                  00007fa4    00000068                                   : hostlseek.obj (.text)
                  0000800c    00000068                                   : hostrename.obj (.text)
                  00008074    00000068                                   : trgmsg.obj (.text)
                  000080dc    00000066     ti.targets.arm.rtsarm.aem4f : Core-mem.oem4f (.text:xdc_runtime_Core_deleteObject__I)
                  00008142    00000002     --HOLE-- [fill = 0]
                  00008144    00000064     drivers_tivaware.aem4f : GPIOTiva.oem4f (.text:GPIO_hwiIntFxn)
                  000081a8    00000064     ti.mw.fatfs.aem4f : ff.oem4f (.text:follow_path)
                  0000820c    00000064     rtsv7M4_T_le_v4SPD16_eabi.lib : fseek.obj (.text)
                  00008270    00000064                                   : ftell.obj (.text)
                  000082d4    00000004     main_pem4f.oem4f (.text:xdc_runtime_System_Module_GateProxy_leave__E)
                  000082d8    00000064     sysbios.aem4f : BIOS.obj (.text:ti_sysbios_family_arm_lm4_Timer_Module_startup__E)
                  0000833c    00000064     main_pem4f.oem4f (.text:ti_sysbios_family_arm_m3_Hwi_create)
                  000083a0    00000064     sysbios.aem4f : BIOS.obj (.text:ti_sysbios_family_arm_m3_Hwi_dispatchC__I)
                  00008404    00000060     rtsv7M4_T_le_v4SPD16_eabi.lib : hostopen.obj (.text)
                  00008464    00000004     ti.targets.arm.rtsarm.aem4f : System.oem4f (.text:xdc_runtime_System_aprintf_va__F)
                  00008468    00000060     sysbios.aem4f : BIOS.obj (.text:ti_sysbios_knl_Task_schedule__I)
                  000084c8    0000005e     ti.mw.fatfs.aem4f : ff.oem4f (.text:remove_chain)
                  00008526    00000002     --HOLE-- [fill = 0]
                  00008528    0000005c     rtsv7M4_T_le_v4SPD16_eabi.lib : close.obj (.text)
                  00008584    00000004     ti.targets.arm.rtsarm.aem4f : System.oem4f (.text:xdc_runtime_System_printf_va__F)
                  00008588    0000005c     sysbios.aem4f : BIOS.obj (.text:ti_sysbios_knl_Swi_run__I)
                  000085e4    00000004     --HOLE-- [fill = 0]
                  000085e8    0000005c                   : BIOS.obj (.text:ti_sysbios_knl_Swi_schedule__I)
                  00008644    00000004     --HOLE-- [fill = 0]
                  00008648    0000005c                   : BIOS.obj (.text:ti_sysbios_knl_Task_Module_startup__E)
                  000086a4    00000004     --HOLE-- [fill = 0]
                  000086a8    0000005c                   : BIOS.obj (.text:ti_sysbios_knl_Task_startCore__E)
                  00008704    0000005c     drivers_tivaware.aem4f : SDSPITiva.oem4f (.text:wait_ready)
                  00008760    0000005b     ti.targets.arm.rtsarm.aem4f : Text.oem4f (.text:xdc_runtime_Text_putLab__E)
                  000087bb    00000001     --HOLE-- [fill = 0]
                  000087bc    00000058     boot.aem4f : boot.oem4f (.text)
                  00008814    00000058     tirtosport.aem4f : SemaphoreP_tirtos.oem4f (.text:SemaphoreP_create)
                  0000886c    00000058     rtsv7M4_T_le_v4SPD16_eabi.lib : hostread.obj (.text)
                  000088c4    00000058                                   : hostwrite.obj (.text)
                  0000891c    00000004     --HOLE-- [fill = 0]
                  00008920    00000058     sysbios.aem4f : BIOS.obj (.text:ti_sysbios_family_arm_lm4_TimestampProvider_get32__E)
                  00008978    00000058                   : m3_Hwi_asm_switch.obj (.text:ti_sysbios_family_arm_m3_Hwi_initStacks__E)
                  000089d0    00000056     driverlib.lib : gpio.obj (.text:GPIOIntTypeSet)
                  00008a26    00000056     ti.mw.fatfs.aem4f : ff.oem4f (.text:dir_read)
                  00008a7c    00000054     rtsv7M4_T_le_v4SPD16_eabi.lib : exit.obj (.text)
                  00008ad0    00000054     ti.mw.fatfs.aem4f : ff.oem4f (.text:sync_window)
                  00008b24    00000004     --HOLE-- [fill = 0]
                  00008b28    00000054     sysbios.aem4f : BIOS.obj (.text:ti_sysbios_family_arm_lm4_Timer_initDevice__I)
                  00008b7c    00000054     main_pem4f.oem4f (.text:ti_sysbios_knl_Task_construct)
                  00008bd0    00000054     ti.targets.arm.rtsarm.aem4f : Assert.oem4f (.text:xdc_runtime_Assert_raise__I)
                  00008c24    00000050     drivers_tivaware.aem4f : GPIOTiva.oem4f (.text:GPIO_setCallback)
                  00008c74    00000050                            : GPIOTiva.oem4f (.text:GPIO_write)
                  00008cc4    00000004     --HOLE-- [fill = 0]
                  00008cc8    00000050     sysbios.aem4f : BIOS.obj (.text:ti_sysbios_family_arm_m3_Hwi_Module_startup__E)
                  00008d18    00000050     ti.targets.arm.rtsarm.aem4f : Startup.oem4f (.text:xdc_runtime_Startup_exec__E)
                  00008d68    00000050                                 : Text.oem4f (.text:xdc_runtime_Text_visitRope2__I)
                  00008db8    0000004c     rtsv7M4_T_le_v4SPD16_eabi.lib : atoi.obj (.text)
                  00008e04    0000004c                                   : cpy_tbl.obj (.text)
                  00008e50    0000004c     main_pem4f.oem4f (.text:ti_mw_fatfs_startup)
                  00008e9c    00000004     --HOLE-- [fill = 0]
                  00008ea0    0000004c     sysbios.aem4f : BIOS.obj (.text:ti_sysbios_heaps_HeapMem_getStats__E)
                  00008eec    00000004     --HOLE-- [fill = 0]
                  00008ef0    0000004c                   : BIOS.obj (.text:ti_sysbios_knl_Swi_runLoop__I)
                  00008f3c    00000004     --HOLE-- [fill = 0]
                  00008f40    0000004c                   : BIOS.obj (.text:ti_sysbios_knl_Task_allBlockedFunction__I)
                  00008f8c    00000048     driverlib.lib : gpio.obj (.text:GPIOPinConfigure)
                  00008fd4    00000048     ti.mw.fatfs.aem4f : ff.oem4f (.text:dir_find)
                  0000901c    00000004     --HOLE-- [fill = 0]
                  00009020    00000048     sysbios.aem4f : BIOS.obj (.text:ti_sysbios_family_arm_lm4_Timer_enableTimers__I)
                  00009068    00000048                   : BIOS.obj (.text:ti_sysbios_family_arm_m3_Hwi_disableInterrupt__E)
                  000090b0    00000048                   : BIOS.obj (.text:ti_sysbios_family_arm_m3_Hwi_enableInterrupt__E)
                  000090f8    00000048                   : BIOS.obj (.text:ti_sysbios_family_arm_m3_Hwi_excReserved__I)
                  00009140    00000046     ti.targets.arm.rtsarm.aem4f : Core-params.oem4f (.text:xdc_runtime_Core_assignParams__I)
                  00009186    00000044     ti.mw.fatfs.aem4f : ff.oem4f (.text:dir_alloc)
                  000091ca    00000002     --HOLE-- [fill = 0]
                  000091cc    00000044     rtsv7M4_T_le_v4SPD16_eabi.lib : hostclose.obj (.text)
                  00009210    00000044                                   : hostunlink.obj (.text)
                  00009254    00000044     drivers_tivaware.aem4f : SDSPITiva.oem4f (.text:send_initial_clock_train)
                  00009298    00000044     sysbios.aem4f : BIOS.obj (.text:ti_sysbios_family_arm_lm4_Timer_isrStub__E)
                  000092dc    00000004     --HOLE-- [fill = 0]
                  000092e0    00000044                   : BIOS.obj (.text:ti_sysbios_family_arm_m3_Hwi_getStackInfo__E)
                  00009324    00000004     --HOLE-- [fill = 0]
                  00009328    00000044                   : BIOS.obj (.text:ti_sysbios_knl_Swi_post__E)
                  0000936c    00000044     ti.targets.arm.rtsarm.aem4f : Error.oem4f (.text:xdc_runtime_Error_setX__E)
                  000093b0    00000044                                 : SysMin.oem4f (.text:xdc_runtime_SysMin_flush__E)
                  000093f4    00000044                                 : Text.oem4f (.text:xdc_runtime_Text_xprintf__I)
                  00009438    00000040     EK_TM4C123GXL.obj (.text:EK_TM4C123GXL_initGeneral)
                  00009478    00000040     drivers_tivaware.aem4f : SDSPITiva.oem4f (.text:SDSPITiva_close)
                  000094b8    00000040     ti.mw.fatfs.aem4f : ff.oem4f (.text:get_ldnumber)
                  000094f8    00000040     rtsv7M4_T_le_v4SPD16_eabi.lib : u_divt2.obj (.text)
                  00009538    00000040     sysbios.aem4f : BIOS.obj (.text:ti_sysbios_family_arm_lm4_Timer_startup__E)
                  00009578    00000040                   : BIOS.obj (.text:ti_sysbios_heaps_HeapMem_Instance_init__E)
                  000095b8    0000003c     driverlib.lib : ssi.obj (.text:SSIConfigSetExpClk)
                  000095f4    00000004     --HOLE-- [fill = 0]
                  000095f8    0000003c     sysbios.aem4f : BIOS.obj (.text:ti_sysbios_family_arm_m3_Hwi_excSvCall__I)
                  00009634    00000004     --HOLE-- [fill = 0]
                  00009638    0000003c                   : BIOS.obj (.text:ti_sysbios_heaps_HeapMem_init__I)
                  00009674    00000004     --HOLE-- [fill = 0]
                  00009678    0000003c                   : BIOS.obj (.text:ti_sysbios_knl_Swi_restore__E)
                  000096b4    0000003a     main_pem4f.oem4f (.text:ti_mw_fatfs_getFatTime)
                  000096ee    00000002     --HOLE-- [fill = 0]
                  000096f0    00000038     drivers_tivaware.aem4f : SDSPI.oem4f (.text:SDSPI_init)
                  00009728    00000038     ti.mw.fatfs.aem4f : ff.oem4f (.text:dir_register)
                  00009760    00000038     sysbios.aem4f : BIOS.obj (.text:ti_sysbios_family_arm_m3_Hwi_excNoIsr__I)
                  00009798    00000038                   : BIOS.obj (.text:ti_sysbios_knl_Task_processVitalTaskFlag__I)
                  000097d0    00000038     ti.targets.arm.rtsarm.aem4f : SysMin.oem4f (.text:xdc_runtime_SysMin_putch__E)
                  00009808    00000038                                 : System.oem4f (.text:xdc_runtime_System_atexit__E)
                  00009840    00000036     ti.mw.fatfs.aem4f : ff.oem4f (.text:move_window)
                  00009876    00000036     rtsv7M4_T_le_v4SPD16_eabi.lib : strncpy.obj (.text)
                  000098ac    00000034     driverlib.lib : sysctl.obj (.text:SysCtlPeripheralEnable)
                  000098e0    00000034     ti.mw.fatfs.aem4f : ff.oem4f (.text:dir_remove)
                  00009914    00000034                       : ffcio.oem4f (.text:ffcio_lseek)
                  00009948    00000034     sysbios.aem4f : BIOS.obj (.text:ti_sysbios_family_arm_m3_Hwi_Instance_finalize__E)
                  0000997c    00000004     --HOLE-- [fill = 0]
                  00009980    00000034                   : BIOS.obj (.text:ti_sysbios_family_arm_m3_Hwi_excNmi__I)
                  000099b4    00000004     --HOLE-- [fill = 0]
                  000099b8    00000034                   : BIOS.obj (.text:ti_sysbios_hal_Hwi_checkStack)
                  000099ec    00000034     main_pem4f.oem4f (.text:ti_sysbios_knl_Semaphore_create)
                  00009a20    00000034     ti.mw.fatfs.aem4f : ff.oem4f (.text:validate)
                  00009a54    00000034     ti.targets.arm.rtsarm.aem4f : Core-label.oem4f (.text:xdc_runtime_Core_assignLabel__I)
                  00009a88    00000033                                 : Text.oem4f (.text:xdc_runtime_Text_printVisFxn__I)
                  00009abb    00000005     --HOLE-- [fill = 0]
                  00009ac0    00000032     sysbios.aem4f : BIOS.obj (.text:ti_sysbios_hal_Hwi_initStack)
                  00009af2    00000002     --HOLE-- [fill = 0]
                  00009af4    00000030     EK_TM4C123GXL.obj (.text:EK_TM4C123GXL_initGPIO)
                  00009b24    00000030     drivers_tivaware.aem4f : SDSPI.oem4f (.text:SDSPI_open)
                  00009b54    00000030     main_pem4f.oem4f (.text:ti_sysbios_BIOS_atExitFunc__I)
                  00009b84    00000004     --HOLE-- [fill = 0]
                  00009b88    00000030     sysbios.aem4f : BIOS.obj (.text:ti_sysbios_family_arm_lm4_Timer_stop__E)
                  00009bb8    00000030                   : BIOS.obj (.text:ti_sysbios_family_arm_m3_TaskSupport_start__E)
                  00009be8    00000030     main_pem4f.oem4f (.text:ti_sysbios_gates_GateHwi_Object__create__S)
                  00009c18    00000030     main_pem4f.oem4f (.text:ti_sysbios_gates_GateMutex_Object__create__S)
                  00009c48    00000030     sysbios.aem4f : BIOS.obj (.text:ti_sysbios_gates_GateMutex_enter__E)
                  00009c78    00000030     main_pem4f.oem4f (.text:ti_sysbios_heaps_HeapMem_Object__create__S)
                  00009ca8    00000030     main_pem4f.oem4f (.text:ti_sysbios_knl_Semaphore_construct)
                  00009cd8    00000030     sysbios.aem4f : BIOS.obj (.text:ti_sysbios_knl_Semaphore_pendTimeout__I)
                  00009d08    00000030                   : BIOS.obj (.text:ti_sysbios_knl_Task_unblockI__E)
                  00009d38    00000030     ti.targets.arm.rtsarm.aem4f : SysMin.oem4f (.text:xdc_runtime_SysMin_abort__E)
                  00009d68    00000030                                 : System.oem4f (.text:xdc_runtime_System_processAtExit__E)
                  00009d98    0000002e     main_pem4f.oem4f (.text:malloc)
                  00009dc6    00000002     --HOLE-- [fill = 0]
                  00009dc8    0000002c     ti.mw.fatfs.aem4f : diskio.oem4f (.text:disk_register)
                  00009df4    0000002c     rtsv7M4_T_le_v4SPD16_eabi.lib : unlink.obj (.text)
                  00009e20    0000002c     main_pem4f.oem4f (.text:ti_sysbios_knl_Clock_doTick__I)
                  00009e4c    0000002c     main_pem4f.oem4f (.text:ti_sysbios_knl_Queue_construct)
                  00009e78    0000002c     sysbios.aem4f : BIOS.obj (.text:ti_sysbios_knl_Task_restore__E)
                  00009ea4    0000002c     ti.targets.arm.rtsarm.aem4f : Text.oem4f (.text:xdc_runtime_Text_cordText__E)
                  00009ed0    0000002a     driverlib.lib : gpio.obj (.text:GPIODirModeSet)
                  00009efa    0000002a     ti.targets.arm.rtsarm.aem4f : System.oem4f (.text:xdc_runtime_System_putchar__I)
                  00009f24    00000028     ti.mw.fatfs.aem4f : diskio.oem4f (.text:disk_unregister)
                  00009f4c    00000028     rtsv7M4_T_le_v4SPD16_eabi.lib : lseek.obj (.text)
                  00009f74    00000028                                   : read.obj (.text)
                  00009f9c    00000028                                   : write.obj (.text)
                  00009fc4    00000028     main_pem4f.oem4f (.text:ti_sysbios_BIOS_startFunc__I)
                  00009fec    00000004     --HOLE-- [fill = 0]
                  00009ff0    00000028     sysbios.aem4f : BIOS.obj (.text:ti_sysbios_knl_Clock_addI__E)
                  0000a018    00000028                   : BIOS.obj (.text:ti_sysbios_knl_Semaphore_Instance_finalize__E)
                  0000a040    00000028                   : BIOS.obj (.text:ti_sysbios_knl_Swi_Module_startup__E)
                  0000a068    00000026                   : m3_Hwi_asm.obj (.text:ti_sysbios_family_arm_m3_Hwi_pendSV__I)
                  0000a08e    00000026     ti.targets.arm.rtsarm.aem4f : System.oem4f (.text:xdc_runtime_System_avprintf__E)
                  0000a0b4    00000024     ti.mw.fatfs.aem4f : diskio.oem4f (.text:disk_ioctl)
                  0000a0d8    00000024                       : diskio.oem4f (.text:disk_read)
                  0000a0fc    00000024                       : ff.oem4f (.text:f_close)
                  0000a120    00000024                       : ffcio.oem4f (.text:ffcio_close)
                  0000a144    00000024     main_pem4f.oem4f (.text:ti_sysbios_BIOS_errorRaiseHook__I)
                  0000a168    00000024     main_pem4f.oem4f (.text:ti_sysbios_BIOS_registerRTSLock__I)
                  0000a18c    00000024     main_pem4f.oem4f (.text:ti_sysbios_BIOS_removeRTSLock__I)
                  0000a1b0    00000024     main_pem4f.oem4f (.text:ti_sysbios_gates_GateMutex_Object__delete__S)
                  0000a1d4    00000004     --HOLE-- [fill = 0]
                  0000a1d8    00000024     sysbios.aem4f : BIOS.obj (.text:ti_sysbios_knl_Clock_Module_startup__E)
                  0000a1fc    00000004     --HOLE-- [fill = 0]
                  0000a200    00000024                   : BIOS.obj (.text:ti_sysbios_knl_Task_restoreHwi__E)
                  0000a224    00000024     ti.targets.arm.rtsarm.aem4f : System.oem4f (.text:xdc_runtime_System_vprintf__E)
                  0000a248    00000022     sysbios.aem4f : BIOS.obj (.text:ti_sysbios_family_arm_lm4_Timer_write__I)
                  0000a26a    00000022     main_pem4f.oem4f (.text:xdc_runtime_SysMin_output__I)
                  0000a28c    00000020     ti.mw.fatfs.aem4f : diskio.oem4f (.text:disk_write)
                  0000a2ac    00000020                       : ffcio.oem4f (.text:ffcio_read)
                  0000a2cc    00000020                       : ffcio.oem4f (.text:ffcio_write)
                  0000a2ec    00000020     rtsv7M4_T_le_v4SPD16_eabi.lib : memchr.obj (.text)
                  0000a30c    00000020     main_pem4f.oem4f (.text:ti_sysbios_BIOS_rtsLock__I)
                  0000a32c    00000020     sysbios.aem4f : m3_Hwi_asm.obj (.text:ti_sysbios_family_arm_m3_Hwi_excHandlerAsm__I)
                  0000a34c    00000004     --HOLE-- [fill = 0]
                  0000a350    00000020                   : BIOS.obj (.text:ti_sysbios_family_arm_m3_Hwi_excHandler__I)
                  0000a370    00000020     main_pem4f.oem4f (.text:ti_sysbios_gates_GateHwi_Object__delete__S)
                  0000a390    00000020     main_pem4f.oem4f (.text:ti_sysbios_heaps_HeapMem_Object__delete__S)
                  0000a3b0    00000020     sysbios.aem4f : BIOS.obj (.text:ti_sysbios_knl_Idle_run__E)
                  0000a3d0    00000020     main_pem4f.oem4f (.text:ti_sysbios_knl_Semaphore_Object__destruct__S)
                  0000a3f0    00000020     ti.targets.arm.rtsarm.aem4f : Registry.oem4f (.text:xdc_runtime_Registry_findById__E)
                  0000a410    00000020                                 : SysMin.oem4f (.text:xdc_runtime_SysMin_Module_startup__E)
                  0000a430    0000001e     ti.mw.fatfs.aem4f : ff.oem4f (.text:ld_clust)
                  0000a44e    0000001e     rtsv7M4_T_le_v4SPD16_eabi.lib : strcat.obj (.text)
                  0000a46c    0000001e     sysbios.aem4f : m3_Hwi_asm_switch.obj (.text:ti_sysbios_family_xxx_Hwi_switchAndRunFunc)
                  0000a48a    00000002     --HOLE-- [fill = 0]
                  0000a48c    0000001c     ti.mw.fatfs.aem4f : diskio.oem4f (.text:disk_initialize)
                  0000a4a8    0000001c                       : diskio.oem4f (.text:disk_status)
                  0000a4c4    0000001c     drivers_tivaware.aem4f : GPIOTiva.oem4f (.text:getGpioIntIndex)
                  0000a4e0    0000001c     ti.mw.fatfs.aem4f : ff.oem4f (.text:mem_cmp)
                  0000a4fc    00000004     --HOLE-- [fill = 0]
                  0000a500    0000001c     sysbios.aem4f : BIOS.obj (.text:ti_sysbios_family_arm_lm4_Seconds_get__E)
                  0000a51c    00000004     --HOLE-- [fill = 0]
                  0000a520    0000001c                   : BIOS.obj (.text:ti_sysbios_gates_GateMutex_Instance_init__E)
                  0000a53c    0000001c     main_pem4f.oem4f (.text:ti_sysbios_knl_Queue_Object__destruct__S)
                  0000a558    0000001c     sysbios.aem4f : BIOS.obj (.text:ti_sysbios_knl_Queue_put__E)
                  0000a574    00000004     --HOLE-- [fill = 0]
                  0000a578    0000001c                   : BIOS.obj (.text:ti_sysbios_knl_Task_enter__I)
                  0000a594    0000001c     ti.targets.arm.rtsarm.aem4f : Error.oem4f (.text:xdc_runtime_Error_raiseX__E)
                  0000a5b0    0000001c                                 : Memory.oem4f (.text:xdc_runtime_Memory_valloc__E)
                  0000a5cc    0000001c                                 : SysMin.oem4f (.text:xdc_runtime_SysMin_exit__E)
                  0000a5e8    0000001c                                 : System.oem4f (.text:xdc_runtime_System_abort__E)
                  0000a604    0000001a     main_pem4f.oem4f (.text:free)
                  0000a61e    0000001a     main_pem4f.oem4f (.text:ti_sysbios_family_arm_m3_Hwi_Handle__label__S)
                  0000a638    0000001a     main_pem4f.oem4f (.text:ti_sysbios_gates_GateHwi_Handle__label__S)
                  0000a652    0000001a     main_pem4f.oem4f (.text:ti_sysbios_gates_GateMutex_Handle__label__S)
                  0000a66c    0000001a     main_pem4f.oem4f (.text:ti_sysbios_heaps_HeapMem_Handle__label__S)
                  0000a686    0000001a     main_pem4f.oem4f (.text:ti_sysbios_knl_Swi_Handle__label__S)
                  0000a6a0    0000001a     main_pem4f.oem4f (.text:ti_sysbios_knl_Task_Handle__label__S)
                  0000a6ba    0000001a     ti.mw.fatfs.aem4f : ff.oem4f (.text:unlock_fs)
                  0000a6d4    0000001a     main_pem4f.oem4f (.text:xdc_runtime_System_aprintf__E)
                  0000a6ee    0000001a     main_pem4f.oem4f (.text:xdc_runtime_System_printf__E)
                  0000a708    00000018     driverlib.lib : gpio.obj (.text:GPIOPinTypeGPIOOutput)
                  0000a720    00000018     ti.mw.fatfs.aem4f : ff.oem4f (.text:clust2sect)
                  0000a738    00000018                       : ffosal.oem4f (.text:ff_cre_syncobj)
                  0000a750    00000018     rtsv7M4_T_le_v4SPD16_eabi.lib : args_main.obj (.text)
                  0000a768    00000018                                   : ll_mul_t2.obj (.text)
                  0000a780    00000018                                   : strcmp.obj (.text)
                  0000a798    00000018                                   : strrchr.obj (.text)
                  0000a7b0    00000018     main_pem4f.oem4f (.text:ti_sysbios_BIOS_rtsUnlock__I)
                  0000a7c8    00000018     main_pem4f.oem4f (.text:ti_sysbios_family_arm_lm4_Timer_Module__startupDone__F)
                  0000a7e0    00000018     main_pem4f.oem4f (.text:ti_sysbios_family_arm_m3_Hwi_Module__startupDone__F)
                  0000a7f8    00000018     sysbios.aem4f : m3_TaskSupport_asm.obj (.text:ti_sysbios_family_arm_m3_TaskSupport_swap__E)
                  0000a810    00000018                   : BIOS.obj (.text:ti_sysbios_gates_GateMutex_leave__E)
                  0000a828    00000018     main_pem4f.oem4f (.text:time)
                  0000a840    00000018     ti.targets.arm.rtsarm.aem4f : Error.oem4f (.text:xdc_runtime_Error_check__E)
                  0000a858    00000018                                 : System.oem4f (.text:xdc_runtime_System_exit__E)
                  0000a870    00000018                                 : Text.oem4f (.text:xdc_runtime_Text_ropeText__E)
                  0000a888    00000016     tirtosport.aem4f : SemaphoreP_tirtos.oem4f (.text:SemaphoreP_delete)
                  0000a89e    00000016     ti.mw.fatfs.aem4f : ff.oem4f (.text:mem_cpy)
                  0000a8b4    00000016     rtsv7M4_T_le_v4SPD16_eabi.lib : strchr.obj (.text)
                  0000a8ca    00000016     main_pem4f.oem4f (.text:ti_sysbios_BIOS_exitFunc__I)
                  0000a8e0    00000016     main.obj (.text:ti_sysbios_knl_Semaphore_Params_init)
                  0000a8f6    00000016     main.obj (.text:ti_sysbios_knl_Task_Params_init)
                  0000a90c    00000004     --HOLE-- [fill = 0]
                  0000a910    00000016     sysbios.aem4f : BIOS.obj (.text:ti_sysbios_knl_Task_unblock__E)
                  0000a926    00000014     ti.mw.fatfs.aem4f : ffosal.oem4f (.text:ff_req_grant)
                  0000a93a    00000014                       : ff.oem4f (.text:mem_set)
                  0000a94e    00000002     --HOLE-- [fill = 0]
                  0000a950    00000014     rtsv7M4_T_le_v4SPD16_eabi.lib : _lock.obj (.text)
                  0000a964    00000014                                   : strcpy.obj (.text)
                  0000a978    00000014                                   : strlen.obj (.text)
                  0000a98c    00000014     main_pem4f.oem4f (.text:ti_sysbios_family_arm_m3_Hwi_Object__get__S)
                  0000a9a0    00000014     sysbios.aem4f : BIOS.obj (.text:ti_sysbios_family_arm_m3_Hwi_switchFromBootStack__E)
                  0000a9b4    00000014     main_pem4f.oem4f (.text:ti_sysbios_heaps_HeapMem_Object__get__S)
                  0000a9c8    00000014     main_pem4f.oem4f (.text:ti_sysbios_knl_Swi_Object__get__S)
                  0000a9dc    00000012     driverlib.lib : gpio.obj (.text:GPIOPinTypeGPIOInput)
                  0000a9ee    00000012     drivers_tivaware.aem4f : SDSPITiva.oem4f (.text:SDSPITiva_init)
                  0000aa00    00000012     tirtosport.aem4f : SemaphoreP_tirtos.oem4f (.text:SemaphoreP_pend)
                  0000aa12    00000012     ti.mw.fatfs.aem4f : ff.oem4f (.text:chk_chr)
                  0000aa24    00000012                       : ffcio.oem4f (.text:ffcio_rename)
                  0000aa36    00000012                       : ffcio.oem4f (.text:ffcio_unlink)
                  0000aa48    00000012     sysbios.aem4f : BIOS.obj (.text:ti_sysbios_hal_Hwi_Module_startup__E)
                  0000aa5a    00000006     drivers_tivaware.aem4f : SDSPITiva.oem4f (.text:SDSPITiva_control)
                  0000aa60    00000012     sysbios.aem4f : BIOS.obj (.text:ti_sysbios_knl_Event_sync__E)
                  0000aa72    00000012     main_pem4f.oem4f (.text:xdc_runtime_Startup_exec__I)
                  0000aa84    00000010     drivers_tivaware.aem4f : SDSPITiva.oem4f (.text:SDSPITiva_diskStatus)
                  0000aa94    00000010                            : SDSPI.oem4f (.text:SDSPI_Params_init)
                  0000aaa4    00000010     ti.mw.fatfs.aem4f : ff.oem4f (.text:st_clust)
                  0000aab4    00000004     --HOLE-- [fill = 0]
                  0000aab8    00000010     sysbios.aem4f : BIOS.obj (.text:ti_sysbios_BIOS_exit__E)
                  0000aac8    00000010                   : BIOS.obj (.text:ti_sysbios_BIOS_getCpuFreq__E)
                  0000aad8    00000010                   : BIOS.obj (.text:ti_sysbios_BIOS_setThreadType__E)
                  0000aae8    00000010                   : BIOS.obj (.text:ti_sysbios_BIOS_start__E)
                  0000aaf8    00000010                   : BIOS.obj (.text:ti_sysbios_family_arm_lm4_TimestampProvider_rolloverFunc__E)
                  0000ab08    00000010                   : m3_TaskSupport_asm.obj (.text:ti_sysbios_family_arm_m3_TaskSupport_glue)
                  0000ab18    00000010                   : BIOS.obj (.text:ti_sysbios_gates_GateMutex_Instance_finalize__E)
                  0000ab28    00000010                   : BIOS.obj (.text:ti_sysbios_knl_Swi_disable__E)
                  0000ab38    00000010     main_pem4f.oem4f (.text:ti_sysbios_knl_Task_Object__get__S)
                  0000ab48    00000010     sysbios.aem4f : BIOS.obj (.text:ti_sysbios_knl_Task_disable__E)
                  0000ab58    00000010     ti.targets.arm.rtsarm.aem4f : Gate.oem4f (.text:xdc_runtime_Gate_leaveSystem__E)
                  0000ab68    00000010                                 : Memory.oem4f (.text:xdc_runtime_Memory_free__E)
                  0000ab78    00000010                                 : SysMin.oem4f (.text:xdc_runtime_SysMin_ready__E)
                  0000ab88    00000010                                 : System.oem4f (.text:xdc_runtime_System_vsnprintf__E)
                  0000ab98    00000010     main_pem4f.oem4f (.text:xdc_runtime_Text_visitRope__I)
                  0000aba8    0000000e     driverlib.lib : gpio.obj (.text:GPIOIntStatus)
                  0000abb6    0000000e     rtsv7M4_T_le_v4SPD16_eabi.lib : copy_decompress_none.obj (.text:decompress:none)
                  0000abc4    0000000e     main.obj (.text:main)
                  0000abd2    00000006     ti.mw.fatfs.aem4f : ff.oem4f (.text:lock_fs)
                  0000abd8    0000000e     sysbios.aem4f : BIOS.obj (.text:ti_sysbios_knl_Idle_loop__E)
                  0000abe6    00000002     --HOLE-- [fill = 0]
                  0000abe8    0000000e                   : BIOS.obj (.text:ti_sysbios_knl_Queue_empty__E)
                  0000abf6    00000002     --HOLE-- [fill = 0]
                  0000abf8    0000000c     main_pem4f.oem4f (.text:.bootCodeSection:ti_catalog_arm_cortexm4_tiva_ce_Boot_init__I)
                  0000ac04    0000000c     driverlib.lib : ssi.obj (.text:SSIDataGet)
                  0000ac10    0000000c     rtsv7M4_T_le_v4SPD16_eabi.lib : copy_zero_init.obj (.text:decompress:ZI)
                  0000ac1c    00000004     --HOLE-- [fill = 0]
                  0000ac20    0000000c     sysbios.aem4f : BIOS.obj (.text:ti_sysbios_family_arm_lm4_Timer_getMaxTicks__E)
                  0000ac2c    00000004     --HOLE-- [fill = 0]
                  0000ac30    0000000c                   : BIOS.obj (.text:ti_sysbios_family_arm_lm4_TimestampProvider_startTimer__E)
                  0000ac3c    0000000c     main_pem4f.oem4f (.text:ti_sysbios_family_arm_m3_Hwi_Params__init__S)
                  0000ac48    0000000c     sysbios.aem4f : BIOS.obj (.text:ti_sysbios_family_arm_m3_Hwi_disableFxn__E)
                  0000ac54    00000004     --HOLE-- [fill = 0]
                  0000ac58    0000000c                   : BIOS.obj (.text:ti_sysbios_family_arm_m3_TaskSupport_checkStack__E)
                  0000ac64    00000004     --HOLE-- [fill = 0]
                  0000ac68    0000000c                   : BIOS.obj (.text:ti_sysbios_family_arm_m3_TaskSupport_getStackAlignment__E)
                  0000ac74    00000004     --HOLE-- [fill = 0]
                  0000ac78    0000000c                   : BIOS.obj (.text:ti_sysbios_gates_GateHwi_enter__E)
                  0000ac84    00000004     --HOLE-- [fill = 0]
                  0000ac88    0000000c                   : BIOS.obj (.text:ti_sysbios_knl_Clock_getTickPeriod__E)
                  0000ac94    0000000c     main_pem4f.oem4f (.text:ti_sysbios_knl_Queue_Object__get__S)
                  0000aca0    0000000c     main_pem4f.oem4f (.text:ti_sysbios_knl_Semaphore_Params__init__S)
                  0000acac    0000000c     main_pem4f.oem4f (.text:ti_sysbios_knl_Task_Params__init__S)
                  0000acb8    0000000c     ti.targets.arm.rtsarm.aem4f : Error.oem4f (.text:xdc_runtime_Error_init__E)
                  0000acc4    0000000c                                 : Gate.oem4f (.text:xdc_runtime_Gate_enterSystem__E)
                  0000acd0    0000000c                                 : Memory.oem4f (.text:xdc_runtime_Memory_calloc__E)
                  0000acdc    0000000c                                 : Memory.oem4f (.text:xdc_runtime_Memory_getMaxDefaultTypeAlign__E)
                  0000ace8    0000000a     drivers_tivaware.aem4f : SDSPI.oem4f (.text:SDSPI_close)
                  0000acf2    0000000a     driverlib.lib : ssi.obj (.text:SSIDataPut)
                  0000acfc    0000000a                   : ssi.obj (.text:SSIDisable)
                  0000ad06    0000000a                   : ssi.obj (.text:SSIEnable)
                  0000ad10    0000000a     tirtosport.aem4f : SemaphoreP_tirtos.oem4f (.text:SemaphoreP_post)
                  0000ad1a    0000000a     ti.mw.fatfs.aem4f : ffosal.oem4f (.text:ff_del_syncobj)
                  0000ad24    0000000a     main_pem4f.oem4f (.text:xdc_runtime_IHeap_alloc)
                  0000ad2e    0000000a     main_pem4f.oem4f (.text:xdc_runtime_IHeap_free)
                  0000ad38    00000008     rtsv7M4_T_le_v4SPD16_eabi.lib : rewind.obj (.text)
                  0000ad40    00000008     sysbios.aem4f : BIOS.obj (.text:ti_sysbios_family_arm_lm4_Timer_masterDisable__I)
                  0000ad48    00000008                   : BIOS.obj (.text:ti_sysbios_family_arm_m3_Hwi_doSwiRestore__I)
                  0000ad50    00000008                   : BIOS.obj (.text:ti_sysbios_family_arm_m3_Hwi_startup__E)
                  0000ad58    00000006     Boot.aem4f : Boot_sysctl.oem4f (.text:ti_catalog_arm_cortexm4_tiva_ce_Boot_sysCtlDelayI__I)
                  0000ad5e    00000002     --HOLE-- [fill = 0]
                  0000ad60    00000006     sysbios.aem4f : BIOS.obj (.text:ti_sysbios_family_arm_lm4_TimestampProvider_Module_startup__E)
                  0000ad66    00000002     --HOLE-- [fill = 0]
                  0000ad68    00000006                   : BIOS.obj (.text:ti_sysbios_family_arm_m3_Hwi_doTaskRestore__I)
                  0000ad6e    00000002     --HOLE-- [fill = 0]
                  0000ad70    00000006                   : BIOS.obj (.text:ti_sysbios_family_arm_m3_Hwi_restoreFxn__E)
                  0000ad76    00000002     --HOLE-- [fill = 0]
                  0000ad78    00000006                   : BIOS.obj (.text:ti_sysbios_gates_GateHwi_leave__E)
                  0000ad7e    00000002     --HOLE-- [fill = 0]
                  0000ad80    00000006                   : BIOS.obj (.text:ti_sysbios_heaps_HeapMem_isBlocking__E)
                  0000ad86    00000002     --HOLE-- [fill = 0]
                  0000ad88    00000006                   : BIOS.obj (.text:ti_sysbios_knl_Queue_Instance_init__E)
                  0000ad8e    00000002     --HOLE-- [fill = 0]
                  0000ad90    00000006                   : BIOS.obj (.text:ti_sysbios_knl_Swi_startup__E)
                  0000ad96    00000006     ti.targets.arm.rtsarm.aem4f : System.oem4f (.text:xdc_runtime_System_Module_startup__E)
                  0000ad9c    00000004     --HOLE-- [fill = 0]
                  0000ada0    00000004     sysbios.aem4f : BIOS.obj (.text:ti_sysbios_family_arm_lm4_Timer_getPeriod__E)
                  0000ada4    00000004     --HOLE-- [fill = 0]
                  0000ada8    00000004                   : BIOS.obj (.text:ti_sysbios_gates_GateHwi_query__E)
                  0000adac    00000004     --HOLE-- [fill = 0]
                  0000adb0    00000004                   : BIOS.obj (.text:ti_sysbios_gates_GateMutex_query__E)
                  0000adb4    00000004     --HOLE-- [fill = 0]
                  0000adb8    00000004                   : BIOS.obj (.text:ti_sysbios_knl_Task_startup__E)
                  0000adbc    00000004     --HOLE-- [fill = 0]
                  0000adc0    00000002                   : BIOS.obj (.text:ti_sysbios_gates_GateHwi_Instance_init__E)
                  0000adc2    00000006     --HOLE-- [fill = 0]
                  0000adc8    00000002                   : BIOS.obj (.text:ti_sysbios_knl_Clock_logTick__E)

.const     0    0000add0    00002276     
                  0000add0    00001912     main_pem4f.oem4f (.const:xdc_runtime_Text_charTab__A)
                  0000c6e2    00000101     rtsv7M4_T_le_v4SPD16_eabi.lib : ctype.obj (.const:.string:_ctypes_)
                  0000c7e3    00000001     main_pem4f.oem4f (.const:xdc_runtime_Error_policy__C)
                  0000c7e4    000000d0     main_pem4f.oem4f (.const:xdc_runtime_Text_nodeTab__A)
                  0000c8b4    00000004     main_pem4f.oem4f (.const:ti_catalog_arm_cortexm4_tiva_ce_Boot_A_mustUseEnhancedClockMode__C)
                  0000c8b8    00000098     rtsv7M4_T_le_v4SPD16_eabi.lib : strtod.obj (.const:$O1$$)
                  0000c950    00000090     driverlib.lib : gpio.obj (.const:g_pui32GPIOBaseAddrs)
                  0000c9e0    00000069     main.obj (.const:.string:csvarray)
                  0000ca49    00000001     --HOLE-- [fill = 0]
                  0000ca4a    00000002     main_pem4f.oem4f (.const:ti_catalog_arm_cortexm4_tiva_ce_Boot_Module__id__C)
                  0000ca4c    00000060     rtsv7M4_T_le_v4SPD16_eabi.lib : mktime.obj (.const:$O1$$)
                  0000caac    00000054     drivers_tivaware.aem4f : GPIOTiva.oem4f (.const:.string)
                  0000cb00    00000048     main_pem4f.oem4f (.const:.string)
                  0000cb48    00000048     drivers_tivaware.aem4f : GPIOTiva.oem4f (.const:gpioBaseAddresses)
                  0000cb90    0000003c     main_pem4f.oem4f (.const:ti_sysbios_knl_Task_Object__PARAMS__C)
                  0000cbcc    00000030     main_pem4f.oem4f (.const:ti_sysbios_family_arm_m3_Hwi_Object__PARAMS__C)
                  0000cbfc    00000028     main_pem4f.oem4f (.const:ti_sysbios_heaps_HeapMem_Module__FXNS__C)
                  0000cc24    00000024     EK_TM4C123GXL.obj (.const:sdspiTivaHWattrs)
                  0000cc48    00000024     main_pem4f.oem4f (.const:ti_sysbios_gates_GateHwi_Module__FXNS__C)
                  0000cc6c    00000024     main_pem4f.oem4f (.const:ti_sysbios_gates_GateMutex_Module__FXNS__C)
                  0000cc90    00000024     main_pem4f.oem4f (.const:ti_sysbios_heaps_HeapMem_Object__PARAMS__C)
                  0000ccb4    00000024     main_pem4f.oem4f (.const:ti_sysbios_knl_Semaphore_Object__PARAMS__C)
                  0000ccd8    00000024     main_pem4f.oem4f (.const:xdc_runtime_Startup_sfxnTab__A)
                  0000ccfc    00000020     main_pem4f.oem4f (.const:ti_sysbios_family_arm_m3_Hwi_Object__DESC__C)
                  0000cd1c    00000020     main_pem4f.oem4f (.const:ti_sysbios_gates_GateHwi_Object__DESC__C)
                  0000cd3c    00000020     main_pem4f.oem4f (.const:ti_sysbios_gates_GateMutex_Object__DESC__C)
                  0000cd5c    00000020     main_pem4f.oem4f (.const:ti_sysbios_heaps_HeapMem_Object__DESC__C)
                  0000cd7c    00000020     main_pem4f.oem4f (.const:ti_sysbios_knl_Queue_Object__DESC__C)
                  0000cd9c    00000020     main_pem4f.oem4f (.const:ti_sysbios_knl_Semaphore_Object__DESC__C)
                  0000cdbc    00000020     main_pem4f.oem4f (.const:ti_sysbios_knl_Task_Object__DESC__C)
                  0000cddc    00000018     EK_TM4C123GXL.obj (.const:SDSPI_config)
                  0000cdf4    00000018     main_pem4f.oem4f (.const:ti_sysbios_gates_GateHwi_Object__PARAMS__C)
                  0000ce0c    00000018     main_pem4f.oem4f (.const:ti_sysbios_gates_GateMutex_Object__PARAMS__C)
                  0000ce24    00000018     main_pem4f.oem4f (.const:ti_sysbios_knl_Queue_Object__PARAMS__C)
                  0000ce3c    00000014     EK_TM4C123GXL.obj (.const:GPIOTiva_config)
                  0000ce50    00000014     main_pem4f.oem4f (.const:xdc_runtime_Startup_firstFxns__A)
                  0000ce64    00000012     main_pem4f.oem4f (.const:xdc_runtime_Startup_sfxnRts__A)
                  0000ce76    00000002     main_pem4f.oem4f (.const:ti_sysbios_family_arm_lm4_TimestampProvider_useClockTimer__C)
                  0000ce78    00000010     rtsv7M4_T_le_v4SPD16_eabi.lib : _scanfi.obj (.const:$O1$$)
                  0000ce88    00000010     main.obj (.const:.string:$P$T3$4)
                  0000ce98    00000010     drivers_tivaware.aem4f : SDSPITiva.oem4f (.const)
                  0000cea8    00000008     main.obj (.const:.string:$P$T0$1)
                  0000ceb0    00000008     main.obj (.const:.string:$P$T1$2)
                  0000ceb8    00000008     main.obj (.const:.string:$P$T2$3)
                  0000cec0    00000008     drivers_tivaware.aem4f : SDSPI.oem4f (.const)
                  0000cec8    00000008     main_pem4f.oem4f (.const:ti_sysbios_family_arm_m3_Hwi_excHookFuncs__A)
                  0000ced0    00000008     main_pem4f.oem4f (.const:ti_sysbios_knl_Idle_funcList__C)
                  0000ced8    00000008     main_pem4f.oem4f (.const:xdc_runtime_Startup_firstFxns__C)
                  0000cee0    00000008     main_pem4f.oem4f (.const:xdc_runtime_Startup_lastFxns__C)
                  0000cee8    00000004     main_pem4f.oem4f (.const:ti_catalog_arm_cortexm4_tiva_ce_Boot_Module__diagsEnabled__C)
                  0000ceec    00000004     main_pem4f.oem4f (.const:ti_catalog_arm_cortexm4_tiva_ce_Boot_Module__diagsIncluded__C)
                  0000cef0    00000004     main_pem4f.oem4f (.const:ti_catalog_arm_cortexm4_tiva_ce_Boot_Module__diagsMask__C)
                  0000cef4    00000004     main_pem4f.oem4f (.const:ti_sysbios_family_arm_lm4_Timer_enableFunc__C)
                  0000cef8    00000004     main_pem4f.oem4f (.const:ti_sysbios_family_arm_lm4_Timer_numTimerDevices__C)
                  0000cefc    00000004     main_pem4f.oem4f (.const:ti_sysbios_family_arm_lm4_Timer_startupNeeded__C)
                  0000cf00    00000004     main_pem4f.oem4f (.const:ti_sysbios_family_arm_m3_Hwi_E_NMI__C)
                  0000cf04    00000004     main_pem4f.oem4f (.const:ti_sysbios_family_arm_m3_Hwi_E_alreadyDefined__C)
                  0000cf08    00000004     main_pem4f.oem4f (.const:ti_sysbios_family_arm_m3_Hwi_E_busFault__C)
                  0000cf0c    00000004     main_pem4f.oem4f (.const:ti_sysbios_family_arm_m3_Hwi_E_debugMon__C)
                  0000cf10    00000004     main_pem4f.oem4f (.const:ti_sysbios_family_arm_m3_Hwi_E_hardFault__C)
                  0000cf14    00000004     main_pem4f.oem4f (.const:ti_sysbios_family_arm_m3_Hwi_E_memFault__C)
                  0000cf18    00000004     main_pem4f.oem4f (.const:ti_sysbios_family_arm_m3_Hwi_E_noIsr__C)
                  0000cf1c    00000004     main_pem4f.oem4f (.const:ti_sysbios_family_arm_m3_Hwi_E_reserved__C)
                  0000cf20    00000004     main_pem4f.oem4f (.const:ti_sysbios_family_arm_m3_Hwi_E_svCall__C)
                  0000cf24    00000004     main_pem4f.oem4f (.const:ti_sysbios_family_arm_m3_Hwi_E_usageFault__C)
                  0000cf28    00000004     main_pem4f.oem4f (.const:ti_sysbios_family_arm_m3_Hwi_NUM_INTERRUPTS__C)
                  0000cf2c    00000004     main_pem4f.oem4f (.const:ti_sysbios_family_arm_m3_Hwi_Object__count__C)
                  0000cf30    00000004     main_pem4f.oem4f (.const:ti_sysbios_family_arm_m3_Hwi_ccr__C)
                  0000cf34    00000004     main_pem4f.oem4f (.const:ti_sysbios_family_arm_m3_Hwi_excHandlerFunc__C)
                  0000cf38    00000004     main_pem4f.oem4f (.const:ti_sysbios_family_arm_m3_Hwi_excHookFuncs__C)
                  0000cf3c    00000004     main_pem4f.oem4f (.const:ti_sysbios_family_arm_m3_Hwi_nullIsrFunc__C)
                  0000cf40    00000004     main_pem4f.oem4f (.const:ti_sysbios_family_arm_m3_Hwi_priGroup__C)
                  0000cf44    00000004     main_pem4f.oem4f (.const:ti_sysbios_family_arm_m3_TaskSupport_stackAlignment__C)
                  0000cf48    00000004     main_pem4f.oem4f (.const:ti_sysbios_gates_GateMutex_Instance_State_sem__O)
                  0000cf4c    00000004     main_pem4f.oem4f (.const:ti_sysbios_hal_Hwi_E_stackOverflow__C)
                  0000cf50    00000004     main_pem4f.oem4f (.const:ti_sysbios_heaps_HeapMem_E_memory__C)
                  0000cf54    00000004     main_pem4f.oem4f (.const:ti_sysbios_heaps_HeapMem_Module__gateObj__C)
                  0000cf58    00000004     main_pem4f.oem4f (.const:ti_sysbios_heaps_HeapMem_Object__count__C)
                  0000cf5c    00000004     main_pem4f.oem4f (.const:ti_sysbios_heaps_HeapMem_reqAlign__C)
                  0000cf60    00000004     main_pem4f.oem4f (.const:ti_sysbios_knl_Clock_Module_State_clockQ__O)
                  0000cf64    00000004     main_pem4f.oem4f (.const:ti_sysbios_knl_Event_Instance_State_pendQ__O)
                  0000cf68    00000004     main_pem4f.oem4f (.const:ti_sysbios_knl_Idle_funcList__A)
                  0000cf6c    00000004     main_pem4f.oem4f (.const:ti_sysbios_knl_Semaphore_Instance_State_pendQ__O)
                  0000cf70    00000004     main_pem4f.oem4f (.const:ti_sysbios_knl_Semaphore_eventPost__C)
                  0000cf74    00000004     main_pem4f.oem4f (.const:ti_sysbios_knl_Semaphore_eventSync__C)
                  0000cf78    00000004     main_pem4f.oem4f (.const:ti_sysbios_knl_Swi_Object__count__C)
                  0000cf7c    00000004     main_pem4f.oem4f (.const:ti_sysbios_knl_Task_E_spOutOfBounds__C)
                  0000cf80    00000004     main_pem4f.oem4f (.const:ti_sysbios_knl_Task_E_stackOverflow__C)
                  0000cf84    00000004     main_pem4f.oem4f (.const:ti_sysbios_knl_Task_Module_State_inactiveQ__O)
                  0000cf88    00000004     main_pem4f.oem4f (.const:ti_sysbios_knl_Task_Object__count__C)
                  0000cf8c    00000004     main_pem4f.oem4f (.const:ti_sysbios_knl_Task_allBlockedFunc__C)
                  0000cf90    00000004     main_pem4f.oem4f (.const:ti_sysbios_knl_Task_defaultStackHeap__C)
                  0000cf94    00000004     main_pem4f.oem4f (.const:ti_sysbios_knl_Task_defaultStackSize__C)
                  0000cf98    00000004     main_pem4f.oem4f (.const:ti_sysbios_knl_Task_numConstructedTasks__C)
                  0000cf9c    00000004     main_pem4f.oem4f (.const:xdc_runtime_Assert_E_assertFailed__C)
                  0000cfa0    00000004     main_pem4f.oem4f (.const:xdc_runtime_Core_A_initializedParams__C)
                  0000cfa4    00000004     main_pem4f.oem4f (.const:xdc_runtime_Core_Module__diagsEnabled__C)
                  0000cfa8    00000004     main_pem4f.oem4f (.const:xdc_runtime_Core_Module__diagsIncluded__C)
                  0000cfac    00000004     main_pem4f.oem4f (.const:xdc_runtime_Core_Module__diagsMask__C)
                  0000cfb0    00000004     main_pem4f.oem4f (.const:xdc_runtime_Error_E_memory__C)
                  0000cfb4    00000004     main_pem4f.oem4f (.const:xdc_runtime_Error_Module__diagsEnabled__C)
                  0000cfb8    00000004     main_pem4f.oem4f (.const:xdc_runtime_Error_Module__diagsIncluded__C)
                  0000cfbc    00000004     main_pem4f.oem4f (.const:xdc_runtime_Error_Module__diagsMask__C)
                  0000cfc0    00000004     main_pem4f.oem4f (.const:xdc_runtime_Error_Module__loggerFxn8__C)
                  0000cfc4    00000004     main_pem4f.oem4f (.const:xdc_runtime_Error_Module__loggerObj__C)
                  0000cfc8    00000004     main_pem4f.oem4f (.const:xdc_runtime_Error_policyFxn__C)
                  0000cfcc    00000004     main_pem4f.oem4f (.const:xdc_runtime_Error_raiseHook__C)
                  0000cfd0    00000004     main_pem4f.oem4f (.const:xdc_runtime_IGateProvider_Interface__BASE__C)
                  0000cfd4    00000004     main_pem4f.oem4f (.const:xdc_runtime_IHeap_Interface__BASE__C)
                  0000cfd8    00000004     main_pem4f.oem4f (.const:xdc_runtime_IModule_Interface__BASE__C)
                  0000cfdc    00000004     main_pem4f.oem4f (.const:xdc_runtime_Log_L_error__C)
                  0000cfe0    00000004     main_pem4f.oem4f (.const:xdc_runtime_Memory_defaultHeapInstance__C)
                  0000cfe4    00000004     main_pem4f.oem4f (.const:xdc_runtime_Startup_execImpl__C)
                  0000cfe8    00000004     main_pem4f.oem4f (.const:xdc_runtime_Startup_lastFxns__A)
                  0000cfec    00000004     main_pem4f.oem4f (.const:xdc_runtime_Startup_maxPasses__C)
                  0000cff0    00000004     main_pem4f.oem4f (.const:xdc_runtime_Startup_sfxnRts__C)
                  0000cff4    00000004     main_pem4f.oem4f (.const:xdc_runtime_Startup_sfxnTab__C)
                  0000cff8    00000004     main_pem4f.oem4f (.const:xdc_runtime_SysMin_bufSize__C)
                  0000cffc    00000004     main_pem4f.oem4f (.const:xdc_runtime_SysMin_outputFunc__C)
                  0000d000    00000004     main_pem4f.oem4f (.const:xdc_runtime_System_Module__gateObj__C)
                  0000d004    00000004     main_pem4f.oem4f (.const:xdc_runtime_System_abortFxn__C)
                  0000d008    00000004     main_pem4f.oem4f (.const:xdc_runtime_System_exitFxn__C)
                  0000d00c    00000004     main_pem4f.oem4f (.const:xdc_runtime_System_extendFxn__C)
                  0000d010    00000004     main_pem4f.oem4f (.const:xdc_runtime_System_maxAtexitHandlers__C)
                  0000d014    00000004     main_pem4f.oem4f (.const:xdc_runtime_Text_charTab__C)
                  0000d018    00000004     main_pem4f.oem4f (.const:xdc_runtime_Text_nameEmpty__C)
                  0000d01c    00000004     main_pem4f.oem4f (.const:xdc_runtime_Text_nameStatic__C)
                  0000d020    00000004     main_pem4f.oem4f (.const:xdc_runtime_Text_nameUnknown__C)
                  0000d024    00000004     main_pem4f.oem4f (.const:xdc_runtime_Text_nodeTab__C)
                  0000d028    00000004     main_pem4f.oem4f (.const:xdc_runtime_Text_visitRopeFxn__C)
                  0000d02c    00000002     main_pem4f.oem4f (.const:ti_sysbios_family_arm_m3_Hwi_Module__id__C)
                  0000d02e    00000002     main_pem4f.oem4f (.const:ti_sysbios_hal_Hwi_Module__id__C)
                  0000d030    00000002     main_pem4f.oem4f (.const:ti_sysbios_heaps_HeapMem_Module__id__C)
                  0000d032    00000002     main_pem4f.oem4f (.const:ti_sysbios_knl_Task_Module__id__C)
                  0000d034    00000002     main_pem4f.oem4f (.const:xdc_runtime_Core_Module__id__C)
                  0000d036    00000002     main_pem4f.oem4f (.const:xdc_runtime_Error_Module__loggerDefined__C)
                  0000d038    00000002     main_pem4f.oem4f (.const:xdc_runtime_Error_maxDepth__C)
                  0000d03a    00000002     main_pem4f.oem4f (.const:xdc_runtime_Memory_Module__id__C)
                  0000d03c    00000002     main_pem4f.oem4f (.const:xdc_runtime_SysMin_flushAtExit__C)
                  0000d03e    00000002     main_pem4f.oem4f (.const:xdc_runtime_Text_charCnt__C)
                  0000d040    00000002     main_pem4f.oem4f (.const:xdc_runtime_Text_isLoaded__C)
                  0000d042    00000002     main_pem4f.oem4f (.const:xdc_runtime_Text_registryModsLastId__C)
                  0000d044    00000002     main_pem4f.oem4f (.const:xdc_runtime_Text_unnamedModsLastId__C)

.cinit     0    0000d048    00000288     
                  0000d048    0000024e     (.cinit..data.load) [load image, compression = lzss]
                  0000d296    00000002     --HOLE-- [fill = 0]
                  0000d298    0000000c     (__TI_handler_table)
                  0000d2a4    00000004     --HOLE-- [fill = 0]
                  0000d2a8    00000008     (.cinit..bss.load) [load image, compression = zero_init]
                  0000d2b0    00000008     (.cinit..vecs.load) [load image, compression = zero_init]
                  0000d2b8    00000018     (__TI_cinit_table)

.init_array 
*          0    00000000    00000000     UNINITIALIZED

.resetVecs 
*          0    00000000    0000003c     
                  00000000    0000003c     main_pem4f.oem4f (.resetVecs)

.vecs      0    20000000    00000360     UNINITIALIZED
                  20000000    00000360     main_pem4f.oem4f (.vecs)

.bss       0    20000360    00005812     UNINITIALIZED
                  20000360    00001000     (.common:ti_sysbios_heaps_HeapMem_Instance_State_0_buf__A)
                  20001360    00000bb8     (.common:Rotina1Stack)
                  20001f18    00000bb8     (.common:Rotina2Stack)
                  20002ad0    00000bb8     (.common:Rotina3Stack)
                  20003688    00000bb8     (.common:mainMenuStack)
                  20004240    00000804     (.common:buffer_copia)
                  20004a44    00000400     (.common:xdc_runtime_SysMin_Module_State_0_outbuf__A)
                  20004e44    00000360     (.common:ti_sysbios_family_arm_m3_Hwi_dispatchTable)
                  200051a4    00000240     (.common:sdspiTivaObjects)
                  200053e4    00000004     (.common:Rotina1Sem)
                  200053e8    00000200     main_pem4f.oem4f (.bss:taskStackSection)
                  200055e8    00000120     rtsv7M4_T_le_v4SPD16_eabi.lib : trgmsg.obj (.bss:_CIOBUF_)
                  20005708    000000a0     (.common:__TI_tmpnams)
                  200057a8    00000090     drivers_tivaware.aem4f : GPIOTiva.oem4f (.bss:gpioCallbackInfo)
                  20005838    00000050     (.common:Rotina1Struct)
                  20005888    00000050     (.common:Rotina2Struct)
                  200058d8    00000050     (.common:Rotina3Struct)
                  20005928    00000050     (.common:mainMenuStruct)
                  20005978    0000003c     (.common:Rotina1Params)
                  200059b4    0000003c     (.common:Rotina2Params)
                  200059f0    0000003c     (.common:Rotina3Params)
                  20005a2c    0000003c     (.common:mainMenuParams)
                  20005a68    00000028     ti.mw.fatfs.aem4f : ffcio.oem4f (.bss:filTable)
                  20005a90    00000024     (.common:Rotina1SemParams)
                  20005ab4    00000024     (.common:Rotina2SemParams)
                  20005ad8    00000024     (.common:Rotina3SemParams)
                  20005afc    00000024     (.common:mainMenuSemParams)
                  20005b20    00000010     (.common:FatFs)
                  20005b30    00000010     (.common:sdspiHandles)
                  20005b40    00000008     (.common:parmbuf)
                  20005b48    00000008     (.common:sdspiParams)
                  20005b50    00000004     (.common:Rotina2Sem)
                  20005b54    00000004     (.common:Rotina3Sem)
                  20005b58    00000004     (.common:destino)
                  20005b5c    00000004     (.common:filesize)
                  20005b60    00000004     (.common:fonte)
                  20005b64    00000004     (.common:gpioInterruptVectors)
                  20005b68    00000004     (.common:mainMenuSem)
                  20005b6c    00000004     (.common:sdspiHandle)
                  20005b70    00000002     (.common:Fsid)

.data      0    20005b74    000006ee     UNINITIALIZED
                  20005b74    000000f0     rtsv7M4_T_le_v4SPD16_eabi.lib : defs.obj (.data:_ftable)
                  20005c64    00000080     main_pem4f.oem4f (.data:ti_sysbios_family_arm_lm4_Timer_Object__table__V)
                  20005ce4    00000080     main_pem4f.oem4f (.data:ti_sysbios_knl_Swi_Module_State_0_readyQ__A)
                  20005d64    00000080     main_pem4f.oem4f (.data:ti_sysbios_knl_Task_Module_State_0_readyQ__A)
                  20005de4    00000078     rtsv7M4_T_le_v4SPD16_eabi.lib : write.obj (.data:_device)
                  20005e5c    00000050                                   : write.obj (.data:_stream)
                  20005eac    00000050     ti.mw.fatfs.aem4f : diskio.oem4f (.data:drive_fxn_table)
                  20005efc    0000004c     main_pem4f.oem4f (.data:ti_sysbios_knl_Task_Object__table__V)
                  20005f48    00000044     main_pem4f.oem4f (.data:ti_sysbios_knl_Task_Module__state__V)
                  20005f8c    00000038     main_pem4f.oem4f (.data:ti_sysbios_gates_GateMutex_Object__table__V)
                  20005fc4    00000034     main_pem4f.oem4f (.data:ti_sysbios_family_arm_m3_Hwi_Module__state__V)
                  20005ff8    00000030     main_pem4f.oem4f (.data:ti_sysbios_family_arm_lm4_Timer_Module_State_0_device__A)
                  20006028    00000030     main_pem4f.oem4f (.data:ti_sysbios_family_arm_m3_Hwi_Object__table__V)
                  20006058    00000030     main_pem4f.oem4f (.data:ti_sysbios_knl_Swi_Object__table__V)
                  20006088    0000002c     main_pem4f.oem4f (.data:ti_sysbios_knl_Clock_Module__state__V)
                  200060b4    00000024     rtsv7M4_T_le_v4SPD16_eabi.lib : localtim.obj (.data:local_tm)
                  200060d8    00000024     main_pem4f.oem4f (.data:ti_sysbios_BIOS_Module__state__V)
                  200060fc    0000001c     main_pem4f.oem4f (.data:ti_sysbios_knl_Swi_Module__state__V)
                  20006118    00000018     main_pem4f.oem4f (.data:ti_sysbios_family_arm_lm4_Timer_Module_State_0_handles__A)
                  20006130    00000018     main_pem4f.oem4f (.data:ti_sysbios_heaps_HeapMem_Object__table__V)
                  20006148    00000014     EK_TM4C123GXL.obj (.data:gpioPinConfigs)
                  2000615c    00000010     rtsv7M4_T_le_v4SPD16_eabi.lib : tmzone.obj (.data:_tz)
                  2000616c    00000010                                   : defs.obj (.data)
                  2000617c    0000000c                                   : exit.obj (.data:$O1$$)
                  20006188    0000000c     main.obj (.data)
                  20006194    0000000c     main_pem4f.oem4f (.data:ti_sysbios_family_arm_lm4_Timer_Module__state__V)
                  200061a0    0000000c     main_pem4f.oem4f (.data:xdc_runtime_SysMin_Module__state__V)
                  200061ac    00000008     rtsv7M4_T_le_v4SPD16_eabi.lib : _lock.obj (.data:$O1$$)
                  200061b4    00000008     EK_TM4C123GXL.obj (.data:gpioCallbackFunctions)
                  200061bc    00000008     main_pem4f.oem4f (.data:ti_sysbios_family_arm_lm4_Seconds_Module__state__V)
                  200061c4    00000008     main_pem4f.oem4f (.data:ti_sysbios_family_arm_lm4_TimestampProvider_Module__state__V)
                  200061cc    00000008     main_pem4f.oem4f (.data:ti_sysbios_family_arm_m3_Hwi_Module__root__V)
                  200061d4    00000008     main_pem4f.oem4f (.data:ti_sysbios_gates_GateHwi_Module__root__V)
                  200061dc    00000008     main_pem4f.oem4f (.data:ti_sysbios_gates_GateMutex_Module__root__V)
                  200061e4    00000008     main_pem4f.oem4f (.data:ti_sysbios_heaps_HeapMem_Module__root__V)
                  200061ec    00000008     main_pem4f.oem4f (.data:ti_sysbios_knl_Queue_Module__root__V)
                  200061f4    00000008     main_pem4f.oem4f (.data:ti_sysbios_knl_Semaphore_Module__root__V)
                  200061fc    00000008     main_pem4f.oem4f (.data:ti_sysbios_knl_Task_Module__root__V)
                  20006204    00000008     main_pem4f.oem4f (.data:xdc_runtime_Registry_Module__state__V)
                  2000620c    00000008     main_pem4f.oem4f (.data:xdc_runtime_Startup_Module__state__V)
                  20006214    00000008     main_pem4f.oem4f (.data:xdc_runtime_System_Module_State_0_atexitHandlers__A)
                  2000621c    00000008     main_pem4f.oem4f (.data:xdc_runtime_System_Module__state__V)
                  20006224    00000005     drivers_tivaware.aem4f : GPIOTiva.oem4f (.data)
                  20006229    00000001     --HOLE--
                  2000622a    00000002     main_pem4f.oem4f (.data:ti_sysbios_family_arm_m3_Hwi_Module_State_0_excActive__A)
                  2000622c    00000004     drivers_tivaware.aem4f : SDSPI.oem4f (.data)
                  20006230    00000004                            : SDSPITiva.oem4f (.data)
                  20006234    00000004     rtsv7M4_T_le_v4SPD16_eabi.lib : add_device.obj (.data)
                  20006238    00000004                                   : errno.obj (.data)
                  2000623c    00000004                                   : fopen.obj (.data)
                  20006240    00000004                                   : open.obj (.data)
                  20006244    00000004                                   : stkdepth_vars.obj (.data)
                  20006248    00000004     ti.mw.fatfs.aem4f : ffcio.oem4f (.data)
                  2000624c    00000004     main_pem4f.oem4f (.data:ti_sysbios_family_arm_m3_Hwi_Module_State_0_excContext__A)
                  20006250    00000004     main_pem4f.oem4f (.data:ti_sysbios_family_arm_m3_Hwi_Module_State_0_excStack__A)
                  20006254    00000004     main_pem4f.oem4f (.data:ti_sysbios_gates_GateHwi_Object__table__V)
                  20006258    00000004     main_pem4f.oem4f (.data:ti_sysbios_knl_Task_Module_State_0_idleTask__A)
                  2000625c    00000004     main_pem4f.oem4f (.data:xdc_runtime_Memory_Module__state__V)
                  20006260    00000002     main_pem4f.oem4f (.data:xdc_runtime_Error_Module__state__V)

.stack     0    20006264    00000300     UNINITIALIZED
                  20006264    00000300     --HOLE--

.bootVecs 
*          0    00000000    00000008     DSECT
                  00000000    00000008     boot.aem4f : boot.oem4f (.bootVecs)

xdc.meta   0    00000000    000000ef     COPY SECTION
                  00000000    000000ef     main_pem4f.oem4f (xdc.meta)

MODULE SUMMARY

       Module                     code    ro data   rw data
       ------                     ----    -------   -------
    .\
       main.obj                   4158    145       14808  
       EK_TM4C123GXL.obj          224     80        604    
    +--+--------------------------+-------+---------+---------+
       Total:                     4382    225       15412  
                                                           
    C:\TM4C123G_LaunchPad_Workshop\sd_projeto\Driver_SDCard\Debug\configPkg\package\cfg\
       main_pem4f.oem4f           1956    7811      8448   
    +--+--------------------------+-------+---------+---------+
       Total:                     1956    7811      8448   
                                                           
    C:/ti/tirtos_tivac_2_16_01_14/products/TivaWare_C_Series-2.1.1.71b/driverlib/ccs/Debug/driverlib.lib
       gpio.obj                   572     144       0      
       ssi.obj                    102     0         0      
       sysctl.obj                 52      0         0      
    +--+--------------------------+-------+---------+---------+
       Total:                     726     144       0      
                                                           
    C:/ti/tirtos_tivac_2_16_01_14/products/tidrivers_tivac_2_16_01_13/packages/ti/drivers/lib/drivers_tivaware.aem4f
       SDSPITiva.oem4f            2208    16        20     
       GPIOTiva.oem4f             764     156       153    
       SDSPI.oem4f                130     8         4      
    +--+--------------------------+-------+---------+---------+
       Total:                     3102    180       177    
                                                           
    C:/ti/tirtos_tivac_2_16_01_14/products/tidrivers_tivac_2_16_01_13/packages/ti/drivers/ports/lib/tirtosport.aem4f
       SemaphoreP_tirtos.oem4f    138     0         0      
    +--+--------------------------+-------+---------+---------+
       Total:                     138     0         0      
                                                           
    C:\TM4C123G_LaunchPad_Workshop\sd_projeto\Driver_SDCard\src\sysbios\sysbios.aem4f
       BIOS.obj                   9524    0         0      
       m3_Hwi_asm.obj             314     0         0      
       m3_TaskSupport_asm.obj     180     0         0      
       m3_Hwi_asm_switch.obj      118     0         0      
    +--+--------------------------+-------+---------+---------+
       Total:                     10136   0         0      
                                                           
[...]
0000ad71  ti_sysbios_family_arm_m3_Hwi_restoreFxn__E                        
0000ad71  ti_sysbios_hal_Hwi_HwiProxy_restore__E                            
0000ad79  ti_sysbios_gates_GateHwi_leave__E                                 
0000ad81  ti_sysbios_heaps_HeapMem_isBlocking__E                            
0000ad89  ti_sysbios_knl_Queue_Instance_init__E                             
0000ad91  ti_sysbios_knl_Swi_startup__E                                     
0000ad97  xdc_runtime_System_Module_startup__E                              
0000ada1  ti_sysbios_family_arm_lm4_Timer_getPeriod__E                      
0000ada9  ti_sysbios_gates_GateHwi_query__E                                 
0000ada9  xdc_runtime_Main_Module_GateProxy_query__E                        
0000ada9  xdc_runtime_System_Module_GateProxy_query__E                      
0000adb1  ti_sysbios_BIOS_RtsGateProxy_query__E                             
0000adb1  ti_sysbios_gates_GateMutex_query__E                               
0000adb1  ti_sysbios_heaps_HeapMem_Module_GateProxy_query__E                
0000adb9  ti_sysbios_knl_Task_startup__E                                    
0000adc1  ti_sysbios_gates_GateHwi_Instance_init__E                         
0000adc9  ti_sysbios_knl_Clock_logTick__E                                   
0000add0  xdc_runtime_Text_charTab__A                                       
0000c6e2  _ctypes_                                                          
0000c7e3  xdc_runtime_Error_policy__C                                       
0000c7e4  xdc_runtime_Text_nodeTab__A                                       
0000c8b4  ti_catalog_arm_cortexm4_tiva_ce_Boot_A_mustUseEnhancedClockMode__C
0000c9e0  csvarray                                                          
0000ca4a  ti_catalog_arm_cortexm4_tiva_ce_Boot_Module__id__C                
0000cb90  ti_sysbios_knl_Task_Object__PARAMS__C                             
0000cbcc  ti_sysbios_family_arm_m3_Hwi_Object__PARAMS__C                    
0000cbfc  ti_sysbios_heaps_HeapMem_Module__FXNS__C                          
0000cc24  sdspiTivaHWattrs                                                  
0000cc48  ti_sysbios_gates_GateHwi_Module__FXNS__C                          
0000cc6c  ti_sysbios_gates_GateMutex_Module__FXNS__C                        
0000cc90  ti_sysbios_heaps_HeapMem_Object__PARAMS__C                        
0000ccb4  ti_sysbios_knl_Semaphore_Object__PARAMS__C                        
0000ccd8  xdc_runtime_Startup_sfxnTab__A                                    
0000ccfc  ti_sysbios_family_arm_m3_Hwi_Object__DESC__C                      
0000cd1c  ti_sysbios_gates_GateHwi_Object__DESC__C                          
0000cd3c  ti_sysbios_gates_GateMutex_Object__DESC__C                        
0000cd5c  ti_sysbios_heaps_HeapMem_Object__DESC__C                          
0000cd7c  ti_sysbios_knl_Queue_Object__DESC__C                              
0000cd9c  ti_sysbios_knl_Semaphore_Object__DESC__C                          
0000cdbc  ti_sysbios_knl_Task_Object__DESC__C                               
0000cddc  SDSPI_config                                                      
0000cdf4  ti_sysbios_gates_GateHwi_Object__PARAMS__C                        
0000ce0c  ti_sysbios_gates_GateMutex_Object__PARAMS__C                      
0000ce24  ti_sysbios_knl_Queue_Object__PARAMS__C                            
0000ce3c  GPIOTiva_config                                                   
0000ce50  xdc_runtime_Startup_firstFxns__A                                  
0000ce64  xdc_runtime_Startup_sfxnRts__A                                    
0000ce76  ti_sysbios_family_arm_lm4_TimestampProvider_useClockTimer__C      
0000ce98  SDSPITiva_fxnTable                                                
0000cec0  SDSPI_defaultParams                                               
0000cec8  ti_sysbios_family_arm_m3_Hwi_excHookFuncs__A                      
0000ced0  ti_sysbios_knl_Idle_funcList__C                                   
0000ced8  xdc_runtime_Startup_firstFxns__C                                  
0000cee0  xdc_runtime_Startup_lastFxns__C                                   
0000cee8  ti_catalog_arm_cortexm4_tiva_ce_Boot_Module__diagsEnabled__C      
0000ceec  ti_catalog_arm_cortexm4_tiva_ce_Boot_Module__diagsIncluded__C     
0000cef0  ti_catalog_arm_cortexm4_tiva_ce_Boot_Module__diagsMask__C         
0000cef4  ti_sysbios_family_arm_lm4_Timer_enableFunc__C                     
0000cef8  ti_sysbios_family_arm_lm4_Timer_numTimerDevices__C                
0000cefc  ti_sysbios_family_arm_lm4_Timer_startupNeeded__C                  
0000cf00  ti_sysbios_family_arm_m3_Hwi_E_NMI__C                             
0000cf04  ti_sysbios_family_arm_m3_Hwi_E_alreadyDefined__C                  
0000cf08  ti_sysbios_family_arm_m3_Hwi_E_busFault__C                        
0000cf0c  ti_sysbios_family_arm_m3_Hwi_E_debugMon__C                        
0000cf10  ti_sysbios_family_arm_m3_Hwi_E_hardFault__C                       
0000cf14  ti_sysbios_family_arm_m3_Hwi_E_memFault__C                        
0000cf18  ti_sysbios_family_arm_m3_Hwi_E_noIsr__C                           
0000cf1c  ti_sysbios_family_arm_m3_Hwi_E_reserved__C                        
0000cf20  ti_sysbios_family_arm_m3_Hwi_E_svCall__C                          
0000cf24  ti_sysbios_family_arm_m3_Hwi_E_usageFault__C                      
0000cf28  ti_sysbios_family_arm_m3_Hwi_NUM_INTERRUPTS__C                    
0000cf2c  ti_sysbios_family_arm_m3_Hwi_Object__count__C                     
0000cf30  ti_sysbios_family_arm_m3_Hwi_ccr__C                               
0000cf34  ti_sysbios_family_arm_m3_Hwi_excHandlerFunc__C                    
0000cf38  ti_sysbios_family_arm_m3_Hwi_excHookFuncs__C                      
0000cf3c  ti_sysbios_family_arm_m3_Hwi_nullIsrFunc__C                       
0000cf40  ti_sysbios_family_arm_m3_Hwi_priGroup__C                          
0000cf44  ti_sysbios_family_arm_m3_TaskSupport_stackAlignment__C            
0000cf48  ti_sysbios_gates_GateMutex_Instance_State_sem__O                  
0000cf4c  ti_sysbios_hal_Hwi_E_stackOverflow__C                             
0000cf50  ti_sysbios_heaps_HeapMem_E_memory__C                              
0000cf54  ti_sysbios_heaps_HeapMem_Module__gateObj__C                       
0000cf58  ti_sysbios_heaps_HeapMem_Object__count__C                         
0000cf5c  ti_sysbios_heaps_HeapMem_reqAlign__C                              
0000cf60  ti_sysbios_knl_Clock_Module_State_clockQ__O                       
0000cf64  ti_sysbios_knl_Event_Instance_State_pendQ__O                      
0000cf68  ti_sysbios_knl_Idle_funcList__A                                   
0000cf6c  ti_sysbios_knl_Semaphore_Instance_State_pendQ__O                  
0000cf70  ti_sysbios_knl_Semaphore_eventPost__C                             
0000cf74  ti_sysbios_knl_Semaphore_eventSync__C                             
0000cf78  ti_sysbios_knl_Swi_Object__count__C                               
0000cf7c  ti_sysbios_knl_Task_E_spOutOfBounds__C                            
0000cf80  ti_sysbios_knl_Task_E_stackOverflow__C                            
0000cf84  ti_sysbios_knl_Task_Module_State_inactiveQ__O                     
0000cf88  ti_sysbios_knl_Task_Object__count__C                              
0000cf8c  ti_sysbios_knl_Task_allBlockedFunc__C                             
0000cf90  ti_sysbios_knl_Task_defaultStackHeap__C                           
0000cf94  ti_sysbios_knl_Task_defaultStackSize__C                           
0000cf98  ti_sysbios_knl_Task_numConstructedTasks__C                        
0000cf9c  xdc_runtime_Assert_E_assertFailed__C                              
0000cfa0  xdc_runtime_Core_A_initializedParams__C                           
0000cfa4  xdc_runtime_Core_Module__diagsEnabled__C                          
0000cfa8  xdc_runtime_Core_Module__diagsIncluded__C                         
0000cfac  xdc_runtime_Core_Module__diagsMask__C                             
0000cfb0  xdc_runtime_Error_E_memory__C                                     
0000cfb4  xdc_runtime_Error_Module__diagsEnabled__C                         
0000cfb8  xdc_runtime_Error_Module__diagsIncluded__C                        
0000cfbc  xdc_runtime_Error_Module__diagsMask__C                            
0000cfc0  xdc_runtime_Error_Module__loggerFxn8__C                           
0000cfc4  xdc_runtime_Error_Module__loggerObj__C                            
0000cfc8  xdc_runtime_Error_policyFxn__C                                    
0000cfcc  xdc_runtime_Error_raiseHook__C                                    
0000cfd0  xdc_runtime_IGateProvider_Interface__BASE__C                      
0000cfd4  xdc_runtime_IHeap_Interface__BASE__C                              
0000cfd8  xdc_runtime_IModule_Interface__BASE__C                            
0000cfdc  xdc_runtime_Log_L_error__C                                        
0000cfe0  xdc_runtime_Memory_defaultHeapInstance__C                         
0000cfe4  xdc_runtime_Startup_execImpl__C                                   
0000cfe8  xdc_runtime_Startup_lastFxns__A                                   
0000cfec  xdc_runtime_Startup_maxPasses__C                                  
0000cff0  xdc_runtime_Startup_sfxnRts__C                                    
0000cff4  xdc_runtime_Startup_sfxnTab__C                                    
0000cff8  xdc_runtime_SysMin_bufSize__C                                     
0000cffc  xdc_runtime_SysMin_outputFunc__C                                  
0000d000  xdc_runtime_System_Module__gateObj__C                             
0000d004  xdc_runtime_System_abortFxn__C                                    
0000d008  xdc_runtime_System_exitFxn__C                                     
0000d00c  xdc_runtime_System_extendFxn__C                                   
0000d010  xdc_runtime_System_maxAtexitHandlers__C                           
0000d014  xdc_runtime_Text_charTab__C                                       
0000d018  xdc_runtime_Text_nameEmpty__C                                     
0000d01c  xdc_runtime_Text_nameStatic__C                                    
0000d020  xdc_runtime_Text_nameUnknown__C                                   
0000d024  xdc_runtime_Text_nodeTab__C                                       
0000d028  xdc_runtime_Text_visitRopeFxn__C                                  
0000d02c  ti_sysbios_family_arm_m3_Hwi_Module__id__C                        
0000d02e  ti_sysbios_hal_Hwi_Module__id__C                                  
0000d030  ti_sysbios_heaps_HeapMem_Module__id__C                            
0000d032  ti_sysbios_knl_Task_Module__id__C                                 
0000d034  xdc_runtime_Core_Module__id__C                                    
0000d036  xdc_runtime_Error_Module__loggerDefined__C                        
0000d038  xdc_runtime_Error_maxDepth__C                                     
0000d03a  xdc_runtime_Memory_Module__id__C                                  
0000d03c  xdc_runtime_SysMin_flushAtExit__C                                 
0000d03e  xdc_runtime_Text_charCnt__C                                       
0000d040  xdc_runtime_Text_isLoaded__C                                      
0000d042  xdc_runtime_Text_registryModsLastId__C                            
0000d044  xdc_runtime_Text_unnamedModsLastId__C                             
0000d048  __TI_static_base__                                                
0000d298  __TI_Handler_Table_Base                                           
0000d2a4  __TI_Handler_Table_Limit                                          
0000d2b8  __TI_CINIT_Base                                                   
0000d2d0  __TI_CINIT_Limit                                                  
20000000  ti_sysbios_family_arm_m3_Hwi_ramVectors                           
20000360  ti_sysbios_heaps_HeapMem_Instance_State_0_buf__A                  
20001360  Rotina1Stack                                                      
20001f18  Rotina2Stack                                                      
20002ad0  Rotina3Stack                                                      
20003688  mainMenuStack                                                     
20004240  buffer_copia                                                      
20004a44  xdc_runtime_SysMin_Module_State_0_outbuf__A                       
20004e44  ti_sysbios_family_arm_m3_Hwi_dispatchTable                        
200051a4  sdspiTivaObjects                                                  
200053e4  Rotina1Sem                                                        
200053e8  ti_sysbios_knl_Task_Instance_State_0_stack__A                     
200055e8  __CIOBUF_                                                         
20005708  __TI_tmpnams                                                      
20005838  Rotina1Struct                                                     
20005888  Rotina2Struct                                                     
200058d8  Rotina3Struct                                                     
20005928  mainMenuStruct                                                    
20005978  Rotina1Params                                                     
200059b4  Rotina2Params                                                     
200059f0  Rotina3Params                                                     
20005a2c  mainMenuParams                                                    
20005a90  Rotina1SemParams                                                  
20005ab4  Rotina2SemParams                                                  
20005ad8  Rotina3SemParams                                                  
20005afc  mainMenuSemParams                                                 
20005b40  parmbuf                                                           
20005b48  sdspiParams                                                       
20005b50  Rotina2Sem                                                        
20005b54  Rotina3Sem                                                        
20005b58  destino                                                           
20005b5c  filesize                                                          
20005b60  fonte                                                             
20005b68  mainMenuSem                                                       
20005b6c  sdspiHandle                                                       
20005b74  _ftable                                                           
20005c64  ti_sysbios_family_arm_lm4_Timer_Object__table__V                  
20005ce4  ti_sysbios_knl_Swi_Module_State_0_readyQ__A                       
20005d64  ti_sysbios_knl_Task_Module_State_0_readyQ__A                      
20005de4  _device                                                           
20005e5c  _stream                                                           
20005efc  ti_sysbios_knl_Task_Object__table__V                              
20005f48  ti_sysbios_knl_Task_Module__state__V                              
20005f8c  ti_sysbios_gates_GateMutex_Object__table__V                       
20005fc4  ti_sysbios_family_arm_m3_Hwi_Module__state__V                     
20005ff8  ti_sysbios_family_arm_lm4_Timer_Module_State_0_device__A          
20006028  ti_sysbios_family_arm_m3_Hwi_Object__table__V                     
20006058  ti_sysbios_knl_Swi_Object__table__V                               
20006088  ti_sysbios_knl_Clock_Module__state__V                             
200060d8  ti_sysbios_BIOS_Module__state__V                                  
200060fc  ti_sysbios_knl_Swi_Module__state__V                               
20006118  ti_sysbios_family_arm_lm4_Timer_Module_State_0_handles__A         
20006130  ti_sysbios_heaps_HeapMem_Object__table__V                         
20006148  gpioPinConfigs                                                    
2000615c  _tz                                                               
2000616c  __TI_ft_end                                                       
20006170  __aeabi_stdin                                                     
20006174  __aeabi_stdout                                                    
20006178  __aeabi_stderr                                                    
2000617c  __TI_cleanup_ptr                                                  
20006180  __TI_dtors_ptr                                                    
20006184  __TI_enable_exit_profile_output                                   
20006188  bytesRead                                                         
2000618c  bytesWritten                                                      
20006190  totalBytesCopied                                                  
20006194  ti_sysbios_family_arm_lm4_Timer_Module__state__V                  
200061a0  xdc_runtime_SysMin_Module__state__V                               
200061ac  _lock                                                             
200061b0  _unlock                                                           
200061b4  gpioCallbackFunctions                                             
200061bc  ti_sysbios_family_arm_lm4_Seconds_Module__state__V                
200061c4  ti_sysbios_family_arm_lm4_TimestampProvider_Module__state__V      
200061cc  ti_sysbios_family_arm_m3_Hwi_Module__root__V                      
200061d4  ti_sysbios_gates_GateHwi_Module__root__V                          
200061dc  ti_sysbios_gates_GateMutex_Module__root__V                        
200061e4  ti_sysbios_heaps_HeapMem_Module__root__V                          
200061ec  ti_sysbios_knl_Queue_Module__root__V                              
200061f4  ti_sysbios_knl_Semaphore_Module__root__V                          
200061fc  ti_sysbios_knl_Task_Module__root__V                               
20006204  xdc_runtime_Registry_Module__state__V                             
2000620c  xdc_runtime_Startup_Module__state__V                              
20006214  xdc_runtime_System_Module_State_0_atexitHandlers__A               
2000621c  xdc_runtime_System_Module__state__V                               
2000622a  ti_sysbios_family_arm_m3_Hwi_Module_State_0_excActive__A          
20006238  errno                                                             
20006244  main_func_sp                                                      
2000624c  ti_sysbios_family_arm_m3_Hwi_Module_State_0_excContext__A         
20006250  ti_sysbios_family_arm_m3_Hwi_Module_State_0_excStack__A           
20006254  ti_sysbios_gates_GateHwi_Object__table__V                         
20006258  ti_sysbios_knl_Task_Module_State_0_idleTask__A                    
2000625c  xdc_runtime_Memory_Module__state__V                               
20006260  xdc_runtime_Error_Module__state__V                                
20006264  __stack                                                           
20006564  __STACK_END                                                       
e000e000  ti_sysbios_family_arm_m3_Hwi_nvic                                 
ffffffff  __TI_pprof_out_hndl                                               
ffffffff  __TI_prof_data_size                                               
ffffffff  __TI_prof_data_start                                              
ffffffff  __binit__                                                         
ffffffff  __c_args__                                                        
ffffffff  binit                                                             
UNDEFED   SHT$$INIT_ARRAY$$Base                                             
UNDEFED   SHT$$INIT_ARRAY$$Limit                                            

[736 symbols]
