******************************************************************************
                  TI ARM Linker PC v16.9.6                     
******************************************************************************
>> Linked Fri Jun 14 13:33:28 2019

OUTPUT FILE NAME:   <fatsd_EK_TM4C123GXL_TI_TivaTM4C123GH6PM.out>
ENTRY POINT SYMBOL: "_c_int00"  address: 0000600d


MEMORY CONFIGURATION

         name            origin    length      used     unused   attr    fill
----------------------  --------  ---------  --------  --------  ----  --------
  FLASH                 00000000   00040000  0000a90c  000356f4  R  X
  SRAM                  20000000   00008000  000036dc  00004924  RW X


SEGMENT ALLOCATION MAP

run origin  load origin   length   init length attrs members
----------  ----------- ---------- ----------- ----- -------
00000000    00000000    0000a918   0000a918    r-x
  00000000    00000000    0000003c   0000003c    r-- .resetVecs
  00000040    00000040    00008482   00008482    r-x .text
  000084c4    000084c4    000021c6   000021c6    r-- .const
  0000a690    0000a690    00000288   00000288    r-- .cinit
20000000    20000000    000036e0   00000000    rw-
  20000000    20000000    00000360   00000000    rw- .vecs
  20000360    20000360    0000299a   00000000    rw- .bss
  20002cfc    20002cfc    000006e2   00000000    rw- .data
  200033e0    200033e0    00000300   00000000    rw- .stack


SECTION ALLOCATION MAP

 output                                  attributes/
section   page    origin      length       input sections
--------  ----  ----------  ----------   ----------------
.text      0    00000040    00008482     
                  00000040    00000430     sysbios.aem4f : BIOS.obj (.text:ti_sysbios_family_arm_m3_Hwi_excDumpRegs__I)
                  00000470    0000034c     ti.targets.arm.rtsarm.aem4f : System.oem4f (.text:xdc_runtime_System_doPrint__I)
                  000007bc    0000032c     fatsd.obj (.text:taskFxn)
                  00000ae8    00000324     ti.mw.fatfs.aem4f : ff.oem4f (.text:find_volume)
                  00000e0c    000002a0     rtsv7M4_T_le_v4SPD16_eabi.lib : mktime.obj (.text)
                  000010ac    0000021e                                   : ll_div_t2.obj (.text)
                  000012ca    00000006     driverlib.lib : gpio.obj (.text:GPIOIntClear)
                  000012d0    000001fc     sysbios.aem4f : BIOS.obj (.text:ti_sysbios_family_arm_m3_Hwi_excHandlerMax__I)
                  000014cc    000001f4     drivers_tivaware.aem4f : SDSPITiva.oem4f (.text:SDSPITiva_diskInitialize)
                  000016c0    000001c4     rtsv7M4_T_le_v4SPD16_eabi.lib : fopen.obj (.text)
                  00001884    000001a4     ti.mw.fatfs.aem4f : ff.oem4f (.text:f_write)
                  00001a28    00000178                       : ff.oem4f (.text:f_read)
                  00001ba0    00000174     sysbios.aem4f : BIOS.obj (.text:ti_sysbios_family_arm_m3_Hwi_excBusFault__I)
                  00001d14    0000016c     rtsv7M4_T_le_v4SPD16_eabi.lib : fwrite.obj (.text)
                  00001e80    00000164     ti.mw.fatfs.aem4f : ff.oem4f (.text:f_open)
                  00001fe4    00000004                       : ffosal.oem4f (.text:ff_rel_grant)
                  00001fe8    00000164     sysbios.aem4f : BIOS.obj (.text:ti_sysbios_family_arm_m3_Hwi_excUsageFault__I)
                  0000214c    0000015a     ti.mw.fatfs.aem4f : ff.oem4f (.text:f_lseek)
                  000022a6    00000002     rtsv7M4_T_le_v4SPD16_eabi.lib : i_div0.obj (.text)
                  000022a8    00000154     sysbios.aem4f : BIOS.obj (.text:ti_sysbios_knl_Semaphore_pend__E)
                  000023fc    00000150     drivers_tivaware.aem4f : GPIOTiva.oem4f (.text:GPIO_setConfig)
                  0000254c    00000004     ti.mw.fatfs.aem4f : diskio.oem4f (.text:get_fattime)
                  00002550    00000148     sysbios.aem4f : BIOS.obj (.text:ti_sysbios_family_arm_m3_Hwi_excMemFault__I)
                  00002698    00000138     rtsv7M4_T_le_v4SPD16_eabi.lib : localtim.obj (.text)
                  000027d0    00000130     driverlib.lib : gpio.obj (.text:GPIOPadConfigSet)
                  00002900    00000123     ti.mw.fatfs.aem4f : ff.oem4f (.text:create_name)
                  00002a23    00000001     --HOLE-- [fill = 0]
                  00002a24    00000118     ti.targets.arm.rtsarm.aem4f : Error.oem4f (.text:xdc_runtime_Error_policyDefault__E)
                  00002b3c    00000108     drivers_tivaware.aem4f : SDSPITiva.oem4f (.text:SDSPITiva_open)
                  00002c44    00000004     fatsd_pem4f.oem4f (.text:ti_sysbios_BIOS_RtsGateProxy_enter__E)
                  00002c48    00000108     sysbios.aem4f : BIOS.obj (.text:ti_sysbios_family_arm_lm4_Timer_start__E)
                  00002d50    00000100     Boot.aem4f : Boot_sysctl.oem4f (.text:ti_catalog_arm_cortexm4_tiva_ce_Boot_sysCtlClockSetI__I)
                  00002e50    00000100     ti.targets.arm.rtsarm.aem4f : Core-mem.oem4f (.text:xdc_runtime_Core_createObject__I)
                  00002f50    000000fe     ti.mw.fatfs.aem4f : ff.oem4f (.text:f_rename)
                  0000304e    000000fa                       : ff.oem4f (.text:dir_next)
                  00003148    000000f8     ti.targets.arm.rtsarm.aem4f : Startup.oem4f (.text:xdc_runtime_Startup_startMods__I)
                  00003240    000000f8     fatsd_pem4f.oem4f (.text:xdc_runtime_System_printfExtend__I)
                  00003338    000000f4     drivers_tivaware.aem4f : SDSPITiva.oem4f (.text:SDSPITiva_diskIOctrl)
                  0000342c    000000f4     sysbios.aem4f : m3_Hwi_asm.obj (.text:ti_sysbios_family_arm_m3_Hwi_dispatch__I)
                  00003520    000000ec     ti.mw.fatfs.aem4f : ff.oem4f (.text:put_fat)
                  0000360c    000000ec     rtsv7M4_T_le_v4SPD16_eabi.lib : fread.obj (.text)
                  000036f8    000000e8     drivers_tivaware.aem4f : SDSPITiva.oem4f (.text:SDSPITiva_diskWrite)
                  000037e0    000000dc     rtsv7M4_T_le_v4SPD16_eabi.lib : setvbuf.obj (.text)
                  000038bc    000000d6     ti.mw.fatfs.aem4f : ff.oem4f (.text:get_fat)
                  00003992    00000006     driverlib.lib : gpio.obj (.text:GPIOPinWrite)
                  00003998    000000d4     sysbios.aem4f : BIOS.obj (.text:ti_sysbios_heaps_HeapMem_alloc__E)
                  00003a6c    00000004     fatsd_pem4f.oem4f (.text:ti_sysbios_BIOS_RtsGateProxy_leave__E)
                  00003a70    000000cc     sysbios.aem4f : BIOS.obj (.text:ti_sysbios_knl_Task_Instance_init__E)
                  00003b3c    000000cc     ti.targets.arm.rtsarm.aem4f : Core-smem.oem4f (.text:xdc_runtime_Core_constructObject__I)
                  00003c08    000000c8     rtsv7M4_T_le_v4SPD16_eabi.lib : fflush.obj (.text)
                  00003cd0    000000c6     drivers_tivaware.aem4f : SDSPITiva.oem4f (.text:send_cmd)
                  00003d96    00000002     rtsv7M4_T_le_v4SPD16_eabi.lib : l_div0.obj (.text)
                  00003d98    000000c0     drivers_tivaware.aem4f : SDSPITiva.oem4f (.text:SDSPITiva_diskRead)
                  00003e58    000000bc     rtsv7M4_T_le_v4SPD16_eabi.lib : open.obj (.text)
                  00003f14    00000004     sysbios.aem4f : BIOS.obj (.text:ti_sysbios_family_arm_lm4_Timer_masterEnable__I)
                  00003f18    000000bc                   : BIOS.obj (.text:ti_sysbios_family_arm_m3_Hwi_excDebugMon__I)
                  00003fd4    00000004     fatsd_pem4f.oem4f (.text:ti_sysbios_family_arm_m3_TaskSupport_Module__startupDone__S)
                  00003fd8    000000bc     sysbios.aem4f : BIOS.obj (.text:ti_sysbios_family_arm_m3_Hwi_excHardFault__I)
                  00004094    00000004     fatsd_pem4f.oem4f (.text:ti_sysbios_heaps_HeapMem_Module_GateProxy_enter__E)
                  00004098    000000bc     sysbios.aem4f : BIOS.obj (.text:ti_sysbios_knl_Task_Instance_finalize__E)
                  00004154    000000b8     ti.mw.fatfs.aem4f : ffcio.oem4f (.text:ffcio_open)
                  0000420c    000000b8     rtsv7M4_T_le_v4SPD16_eabi.lib : add_device.obj (.text)
                  000042c4    000000b4     ti.mw.fatfs.aem4f : ff.oem4f (.text:sync_fs)
                  00004378    000000b4     sysbios.aem4f : BIOS.obj (.text:ti_sysbios_knl_Task_checkStacks__E)
                  0000442c    000000ac     rtsv7M4_T_le_v4SPD16_eabi.lib : _io_perm.obj (.text)
                  000044d8    000000ac     sysbios.aem4f : BIOS.obj (.text:ti_sysbios_family_arm_lm4_Timer_enableTiva__I)
                  00004584    000000a8     ti.mw.fatfs.aem4f : ff.oem4f (.text:create_chain)
                  0000462c    000000a4                       : ff.oem4f (.text:f_unlink)
                  000046d0    000000a0     auto_init.aem4f : auto_init.oem4f (.text)
                  00004770    000000a0     drivers_tivaware.aem4f : SDSPITiva.oem4f (.text:rcvr_datablock)
                  00004810    000000a0     ti.targets.arm.rtsarm.aem4f : Text.oem4f (.text:xdc_runtime_Text_putMod__E)
                  000048b0    0000009c     ti.mw.fatfs.aem4f : ff.oem4f (.text:f_sync)
                  0000494c    0000009c     rtsv7M4_T_le_v4SPD16_eabi.lib : _bufread.obj (.text)
                  000049e8    0000009c                                   : memcpy_t2.obj (.text)
                  00004a84    0000009a     ti.targets.arm.rtsarm.aem4f : Text.oem4f (.text:xdc_runtime_Text_putSite__E)
                  00004b1e    0000009a     drivers_tivaware.aem4f : SDSPITiva.oem4f (.text:xmit_datablock)
                  00004bb8    00000098     rtsv7M4_T_le_v4SPD16_eabi.lib : fclose.obj (.text)
                  00004c50    00000098     Boot.aem4f : Boot.oem4f (.text:ti_catalog_arm_cortexm4_tiva_ce_Boot_sysCtlClockSet__E)
                  00004ce8    00000094     sysbios.aem4f : BIOS.obj (.text:ti_sysbios_family_arm_m3_Hwi_Instance_init__E)
                  00004d7c    00000004     fatsd_pem4f.oem4f (.text:ti_sysbios_heaps_HeapMem_Module_GateProxy_leave__E)
                  00004d80    00000094     sysbios.aem4f : BIOS.obj (.text:ti_sysbios_family_arm_m3_Hwi_initNVIC__E)
                  00004e14    00000004     fatsd_pem4f.oem4f (.text:ti_sysbios_knl_Clock_TimerProxy_getMaxTicks__E)
                  00004e18    00000094     sysbios.aem4f : BIOS.obj (.text:ti_sysbios_knl_Task_postInit__I)
                  00004eac    0000008c     drivers_tivaware.aem4f : GPIOTiva.oem4f (.text:GPIO_init)
                  00004f38    0000008c     sysbios.aem4f : m3_TaskSupport_asm.obj (.text:ti_sysbios_family_arm_m3_TaskSupport_buildTaskStack)
                  00004fc4    00000004     fatsd_pem4f.oem4f (.text:ti_sysbios_knl_Clock_TimerProxy_getPeriod__E)
                  00004fc8    00000084     sysbios.aem4f : BIOS.obj (.text:ti_sysbios_family_arm_lm4_Timer_getExpiredCounts__E)
                  0000504c    00000004     fatsd_pem4f.oem4f (.text:ti_sysbios_knl_Queue_destruct)
                  00005050    00000084     sysbios.aem4f : BIOS.obj (.text:ti_sysbios_family_arm_m3_Hwi_postInit__I)
                  000050d4    0000007e     ti.mw.fatfs.aem4f : ff.oem4f (.text:dir_sdi)
                  00005152    00000002     fatsd_pem4f.oem4f (.text:ti_sysbios_BIOS_nullFunc__I)
                  00005154    0000007c     ti.mw.fatfs.aem4f : ff.oem4f (.text:f_mount)
                  000051d0    0000007c     sysbios.aem4f : BIOS.obj (.text:ti_sysbios_heaps_HeapMem_free__E)
                  0000524c    0000007a     rtsv7M4_T_le_v4SPD16_eabi.lib : memset_t2.obj (.text)
                  000052c6    00000002     fatsd_pem4f.oem4f (.text:xdc_runtime_Startup_reset__I)
                  000052c8    00000074     ti.mw.fatfs.aem4f : ff.oem4f (.text:check_fs)
                  0000533c    00000070     EK_TM4C123GXL.obj (.text:EK_TM4C123GXL_initSDSPI)
                  000053ac    00000070     fatsd.obj (.text:main)
                  0000541c    00000070     rtsv7M4_T_le_v4SPD16_eabi.lib : getdevice.obj (.text)
                  0000548c    00000004     fatsd_pem4f.oem4f (.text:ti_sysbios_knl_Semaphore_destruct)
                  00005490    00000070     sysbios.aem4f : BIOS.obj (.text:ti_sysbios_knl_Clock_workFunc__E)
                  00005500    00000070                   : BIOS.obj (.text:ti_sysbios_knl_Task_exit__E)
                  00005570    0000006d     ti.targets.arm.rtsarm.aem4f : System.oem4f (.text:xdc_runtime_System_formatNum__I)
                  000055dd    00000003     --HOLE-- [fill = 0]
                  000055e0    0000006c     sysbios.aem4f : BIOS.obj (.text:ti_sysbios_knl_Swi_restoreHwi__E)
                  0000564c    0000006c     ti.targets.arm.rtsarm.aem4f : Error.oem4f (.text:xdc_runtime_Error_print__E)
                  000056b8    0000006c                                 : Memory.oem4f (.text:xdc_runtime_Memory_alloc__E)
                  00005724    00000068     rtsv7M4_T_le_v4SPD16_eabi.lib : copy_decompress_lzss.obj (.text:decompress:lzss)
                  0000578c    00000068                                   : hostlseek.obj (.text)
                  000057f4    00000068                                   : hostrename.obj (.text)
                  0000585c    00000068                                   : trgmsg.obj (.text)
                  000058c4    00000066     ti.targets.arm.rtsarm.aem4f : Core-mem.oem4f (.text:xdc_runtime_Core_deleteObject__I)
                  0000592a    00000002     --HOLE-- [fill = 0]
                  0000592c    00000064     drivers_tivaware.aem4f : GPIOTiva.oem4f (.text:GPIO_hwiIntFxn)
                  00005990    00000064     ti.mw.fatfs.aem4f : ff.oem4f (.text:follow_path)
                  000059f4    00000064     rtsv7M4_T_le_v4SPD16_eabi.lib : fseek.obj (.text)
                  00005a58    00000064                                   : ftell.obj (.text)
                  00005abc    00000004     ti.targets.arm.rtsarm.aem4f : Error.oem4f (.text:xdc_runtime_Error_getSite__E)
                  00005ac0    00000064     sysbios.aem4f : BIOS.obj (.text:ti_sysbios_family_arm_lm4_Timer_Module_startup__E)
                  00005b24    00000064     fatsd_pem4f.oem4f (.text:ti_sysbios_family_arm_m3_Hwi_create)
                  00005b88    00000064     sysbios.aem4f : BIOS.obj (.text:ti_sysbios_family_arm_m3_Hwi_dispatchC__I)
                  00005bec    00000004     fatsd_pem4f.oem4f (.text:xdc_runtime_System_Module_GateProxy_enter__E)
                  00005bf0    00000064     sysbios.aem4f : BIOS.obj (.text:ti_sysbios_knl_Semaphore_post__E)
                  00005c54    00000060     rtsv7M4_T_le_v4SPD16_eabi.lib : hostopen.obj (.text)
                  00005cb4    00000004     fatsd_pem4f.oem4f (.text:xdc_runtime_System_Module_GateProxy_leave__E)
                  00005cb8    00000060     sysbios.aem4f : BIOS.obj (.text:ti_sysbios_knl_Task_schedule__I)
                  00005d18    0000005e     ti.mw.fatfs.aem4f : ff.oem4f (.text:remove_chain)
                  00005d76    00000002     --HOLE-- [fill = 0]
                  00005d78    0000005c     rtsv7M4_T_le_v4SPD16_eabi.lib : close.obj (.text)
                  00005dd4    00000004     ti.targets.arm.rtsarm.aem4f : System.oem4f (.text:xdc_runtime_System_aprintf_va__F)
                  00005dd8    0000005c     sysbios.aem4f : BIOS.obj (.text:ti_sysbios_knl_Swi_run__I)
                  00005e34    00000004     ti.targets.arm.rtsarm.aem4f : System.oem4f (.text:xdc_runtime_System_printf_va__F)
                  00005e38    0000005c     sysbios.aem4f : BIOS.obj (.text:ti_sysbios_knl_Swi_schedule__I)
                  00005e94    00000004     --HOLE-- [fill = 0]
                  00005e98    0000005c                   : BIOS.obj (.text:ti_sysbios_knl_Task_Module_startup__E)
                  00005ef4    00000004     --HOLE-- [fill = 0]
                  00005ef8    0000005c                   : BIOS.obj (.text:ti_sysbios_knl_Task_startCore__E)
                  00005f54    0000005c     drivers_tivaware.aem4f : SDSPITiva.oem4f (.text:wait_ready)
                  00005fb0    0000005b     ti.targets.arm.rtsarm.aem4f : Text.oem4f (.text:xdc_runtime_Text_putLab__E)
                  0000600b    00000001     --HOLE-- [fill = 0]
                  0000600c    00000058     boot.aem4f : boot.oem4f (.text)
                  00006064    00000058     tirtosport.aem4f : SemaphoreP_tirtos.oem4f (.text:SemaphoreP_create)
                  000060bc    00000058     rtsv7M4_T_le_v4SPD16_eabi.lib : hostread.obj (.text)
                  00006114    00000058                                   : hostwrite.obj (.text)
                  0000616c    00000058     sysbios.aem4f : m3_Hwi_asm_switch.obj (.text:ti_sysbios_family_arm_m3_Hwi_initStacks__E)
                  000061c4    00000056     driverlib.lib : gpio.obj (.text:GPIOIntTypeSet)
                  0000621a    00000056     ti.mw.fatfs.aem4f : ff.oem4f (.text:dir_read)
                  00006270    00000054     rtsv7M4_T_le_v4SPD16_eabi.lib : exit.obj (.text)
                  000062c4    00000054     ti.mw.fatfs.aem4f : ff.oem4f (.text:sync_window)
                  00006318    00000054     sysbios.aem4f : BIOS.obj (.text:ti_sysbios_family_arm_lm4_Timer_initDevice__I)
                  0000636c    00000004     --HOLE-- [fill = 0]
                  00006370    00000054                   : BIOS.obj (.text:ti_sysbios_family_arm_lm4_TimestampProvider_get32__E)
                  000063c4    00000054     fatsd_pem4f.oem4f (.text:ti_sysbios_knl_Task_construct)
                  00006418    00000054     ti.targets.arm.rtsarm.aem4f : Assert.oem4f (.text:xdc_runtime_Assert_raise__I)
                  0000646c    00000050     drivers_tivaware.aem4f : GPIOTiva.oem4f (.text:GPIO_setCallback)
                  000064bc    00000050                            : GPIOTiva.oem4f (.text:GPIO_write)
                  0000650c    00000004     --HOLE-- [fill = 0]
                  00006510    00000050     sysbios.aem4f : BIOS.obj (.text:ti_sysbios_family_arm_m3_Hwi_Module_startup__E)
                  00006560    00000050     ti.targets.arm.rtsarm.aem4f : Startup.oem4f (.text:xdc_runtime_Startup_exec__E)
                  000065b0    00000050                                 : Text.oem4f (.text:xdc_runtime_Text_visitRope2__I)
                  00006600    0000004c     rtsv7M4_T_le_v4SPD16_eabi.lib : cpy_tbl.obj (.text)
                  0000664c    0000004c     fatsd_pem4f.oem4f (.text:ti_mw_fatfs_startup)
                  00006698    0000004c     sysbios.aem4f : BIOS.obj (.text:ti_sysbios_heaps_HeapMem_getStats__E)
                  000066e4    00000004     --HOLE-- [fill = 0]
                  000066e8    0000004c                   : BIOS.obj (.text:ti_sysbios_knl_Swi_runLoop__I)
                  00006734    00000004     --HOLE-- [fill = 0]
                  00006738    0000004c                   : BIOS.obj (.text:ti_sysbios_knl_Task_allBlockedFunction__I)
                  00006784    00000048     driverlib.lib : gpio.obj (.text:GPIOPinConfigure)
                  000067cc    00000048     ti.mw.fatfs.aem4f : ff.oem4f (.text:dir_find)
                  00006814    00000004     --HOLE-- [fill = 0]
                  00006818    00000048     sysbios.aem4f : BIOS.obj (.text:ti_sysbios_family_arm_lm4_Timer_enableTimers__I)
                  00006860    00000048                   : BIOS.obj (.text:ti_sysbios_family_arm_m3_Hwi_disableInterrupt__E)
                  000068a8    00000048                   : BIOS.obj (.text:ti_sysbios_family_arm_m3_Hwi_enableInterrupt__E)
                  000068f0    00000048                   : BIOS.obj (.text:ti_sysbios_family_arm_m3_Hwi_excReserved__I)
                  00006938    00000046     ti.targets.arm.rtsarm.aem4f : Core-params.oem4f (.text:xdc_runtime_Core_assignParams__I)
                  0000697e    00000044     ti.mw.fatfs.aem4f : ff.oem4f (.text:dir_alloc)
                  000069c2    00000002     --HOLE-- [fill = 0]
                  000069c4    00000044     rtsv7M4_T_le_v4SPD16_eabi.lib : hostclose.obj (.text)
                  00006a08    00000044                                   : hostunlink.obj (.text)
                  00006a4c    00000044     drivers_tivaware.aem4f : SDSPITiva.oem4f (.text:send_initial_clock_train)
                  00006a90    00000044     sysbios.aem4f : BIOS.obj (.text:ti_sysbios_family_arm_lm4_Timer_isrStub__E)
                  00006ad4    00000004     --HOLE-- [fill = 0]
                  00006ad8    00000044                   : BIOS.obj (.text:ti_sysbios_family_arm_m3_Hwi_getStackInfo__E)
                  00006b1c    00000004     --HOLE-- [fill = 0]
                  00006b20    00000044                   : BIOS.obj (.text:ti_sysbios_knl_Swi_post__E)
                  00006b64    00000044     ti.targets.arm.rtsarm.aem4f : Error.oem4f (.text:xdc_runtime_Error_setX__E)
                  00006ba8    00000044                                 : SysMin.oem4f (.text:xdc_runtime_SysMin_flush__E)
                  00006bec    00000044                                 : Text.oem4f (.text:xdc_runtime_Text_xprintf__I)
                  00006c30    00000040     EK_TM4C123GXL.obj (.text:EK_TM4C123GXL_initGeneral)
                  00006c70    00000040     drivers_tivaware.aem4f : SDSPITiva.oem4f (.text:SDSPITiva_close)
                  00006cb0    00000040     ti.mw.fatfs.aem4f : ff.oem4f (.text:get_ldnumber)
                  00006cf0    00000040     rtsv7M4_T_le_v4SPD16_eabi.lib : u_divt2.obj (.text)
                  00006d30    00000040     sysbios.aem4f : BIOS.obj (.text:ti_sysbios_family_arm_lm4_Timer_startup__E)
                  00006d70    00000040                   : BIOS.obj (.text:ti_sysbios_heaps_HeapMem_Instance_init__E)
                  00006db0    0000003c     driverlib.lib : ssi.obj (.text:SSIConfigSetExpClk)
                  00006dec    00000004     --HOLE-- [fill = 0]
                  00006df0    0000003c     sysbios.aem4f : BIOS.obj (.text:ti_sysbios_family_arm_m3_Hwi_excSvCall__I)
                  00006e2c    00000004     --HOLE-- [fill = 0]
                  00006e30    0000003c                   : BIOS.obj (.text:ti_sysbios_heaps_HeapMem_init__I)
                  00006e6c    00000004     --HOLE-- [fill = 0]
                  00006e70    0000003c                   : BIOS.obj (.text:ti_sysbios_knl_Swi_restore__E)
                  00006eac    0000003a     fatsd_pem4f.oem4f (.text:ti_mw_fatfs_getFatTime)
                  00006ee6    00000002     --HOLE-- [fill = 0]
                  00006ee8    00000038     drivers_tivaware.aem4f : SDSPI.oem4f (.text:SDSPI_init)
                  00006f20    00000038     ti.mw.fatfs.aem4f : ff.oem4f (.text:dir_register)
                  00006f58    00000038     sysbios.aem4f : BIOS.obj (.text:ti_sysbios_family_arm_m3_Hwi_excNoIsr__I)
                  00006f90    00000038                   : BIOS.obj (.text:ti_sysbios_knl_Task_processVitalTaskFlag__I)
                  00006fc8    00000038     ti.targets.arm.rtsarm.aem4f : SysMin.oem4f (.text:xdc_runtime_SysMin_putch__E)
                  00007000    00000038                                 : System.oem4f (.text:xdc_runtime_System_atexit__E)
                  00007038    00000036     ti.mw.fatfs.aem4f : ff.oem4f (.text:move_window)
                  0000706e    00000036     rtsv7M4_T_le_v4SPD16_eabi.lib : strncpy.obj (.text)
                  000070a4    00000034     driverlib.lib : sysctl.obj (.text:SysCtlPeripheralEnable)
                  000070d8    00000034     ti.mw.fatfs.aem4f : ff.oem4f (.text:dir_remove)
                  0000710c    00000034                       : ffcio.oem4f (.text:ffcio_lseek)
                  00007140    00000034     sysbios.aem4f : BIOS.obj (.text:ti_sysbios_family_arm_m3_Hwi_Instance_finalize__E)
                  00007174    00000004     --HOLE-- [fill = 0]
                  00007178    00000034                   : BIOS.obj (.text:ti_sysbios_family_arm_m3_Hwi_excNmi__I)
                  000071ac    00000004     --HOLE-- [fill = 0]
                  000071b0    00000034                   : BIOS.obj (.text:ti_sysbios_hal_Hwi_checkStack)
                  000071e4    00000034     ti.mw.fatfs.aem4f : ff.oem4f (.text:validate)
                  00007218    00000034     ti.targets.arm.rtsarm.aem4f : Core-label.oem4f (.text:xdc_runtime_Core_assignLabel__I)
                  0000724c    00000033                                 : Text.oem4f (.text:xdc_runtime_Text_printVisFxn__I)
                  0000727f    00000001     --HOLE-- [fill = 0]
                  00007280    00000032     sysbios.aem4f : BIOS.obj (.text:ti_sysbios_hal_Hwi_initStack)
                  000072b2    00000002     --HOLE-- [fill = 0]
                  000072b4    00000030     EK_TM4C123GXL.obj (.text:EK_TM4C123GXL_initGPIO)
                  000072e4    00000030     drivers_tivaware.aem4f : SDSPI.oem4f (.text:SDSPI_open)
                  00007314    00000030     fatsd_pem4f.oem4f (.text:ti_sysbios_BIOS_atExitFunc__I)
                  00007344    00000004     --HOLE-- [fill = 0]
                  00007348    00000030     sysbios.aem4f : BIOS.obj (.text:ti_sysbios_family_arm_lm4_Timer_stop__E)
                  00007378    00000030                   : BIOS.obj (.text:ti_sysbios_family_arm_m3_TaskSupport_start__E)
                  000073a8    00000030     fatsd_pem4f.oem4f (.text:ti_sysbios_gates_GateHwi_Object__create__S)
                  000073d8    00000030     fatsd_pem4f.oem4f (.text:ti_sysbios_gates_GateMutex_Object__create__S)
                  00007408    00000030     sysbios.aem4f : BIOS.obj (.text:ti_sysbios_gates_GateMutex_enter__E)
                  00007438    00000030     fatsd_pem4f.oem4f (.text:ti_sysbios_heaps_HeapMem_Object__create__S)
                  00007468    00000030     fatsd_pem4f.oem4f (.text:ti_sysbios_knl_Semaphore_construct)
                  00007498    00000030     sysbios.aem4f : BIOS.obj (.text:ti_sysbios_knl_Semaphore_pendTimeout__I)
                  000074c8    00000030                   : BIOS.obj (.text:ti_sysbios_knl_Task_unblockI__E)
                  000074f8    00000030     ti.targets.arm.rtsarm.aem4f : SysMin.oem4f (.text:xdc_runtime_SysMin_abort__E)
                  00007528    00000030                                 : System.oem4f (.text:xdc_runtime_System_processAtExit__E)
                  00007558    0000002e     fatsd_pem4f.oem4f (.text:malloc)
                  00007586    00000002     --HOLE-- [fill = 0]
                  00007588    0000002c     ti.mw.fatfs.aem4f : diskio.oem4f (.text:disk_register)
                  000075b4    0000002c     rtsv7M4_T_le_v4SPD16_eabi.lib : unlink.obj (.text)
                  000075e0    0000002c     fatsd_pem4f.oem4f (.text:ti_sysbios_knl_Clock_doTick__I)
                  0000760c    0000002c     fatsd_pem4f.oem4f (.text:ti_sysbios_knl_Queue_construct)
                  00007638    0000002c     sysbios.aem4f : BIOS.obj (.text:ti_sysbios_knl_Task_restore__E)
                  00007664    0000002c     ti.targets.arm.rtsarm.aem4f : Text.oem4f (.text:xdc_runtime_Text_cordText__E)
                  00007690    0000002a     driverlib.lib : gpio.obj (.text:GPIODirModeSet)
                  000076ba    0000002a     ti.targets.arm.rtsarm.aem4f : System.oem4f (.text:xdc_runtime_System_putchar__I)
                  000076e4    00000028     ti.mw.fatfs.aem4f : diskio.oem4f (.text:disk_unregister)
                  0000770c    00000028     rtsv7M4_T_le_v4SPD16_eabi.lib : lseek.obj (.text)
                  00007734    00000028                                   : read.obj (.text)
                  0000775c    00000028                                   : write.obj (.text)
                  00007784    00000028     fatsd_pem4f.oem4f (.text:ti_sysbios_BIOS_startFunc__I)
                  000077ac    00000004     --HOLE-- [fill = 0]
                  000077b0    00000028     sysbios.aem4f : BIOS.obj (.text:ti_sysbios_knl_Swi_Module_startup__E)
                  000077d8    00000026                   : m3_Hwi_asm.obj (.text:ti_sysbios_family_arm_m3_Hwi_pendSV__I)
                  000077fe    00000026     ti.targets.arm.rtsarm.aem4f : System.oem4f (.text:xdc_runtime_System_avprintf__E)
                  00007824    00000024     ti.mw.fatfs.aem4f : diskio.oem4f (.text:disk_ioctl)
                  00007848    00000024                       : diskio.oem4f (.text:disk_read)
                  0000786c    00000024                       : ff.oem4f (.text:f_close)
                  00007890    00000024                       : ffcio.oem4f (.text:ffcio_close)
                  000078b4    00000024     fatsd_pem4f.oem4f (.text:ti_sysbios_BIOS_errorRaiseHook__I)
                  000078d8    00000024     fatsd_pem4f.oem4f (.text:ti_sysbios_BIOS_registerRTSLock__I)
                  000078fc    00000024     fatsd_pem4f.oem4f (.text:ti_sysbios_BIOS_removeRTSLock__I)
                  00007920    00000024     fatsd_pem4f.oem4f (.text:ti_sysbios_gates_GateMutex_Object__delete__S)
                  00007944    00000004     --HOLE-- [fill = 0]
                  00007948    00000024     sysbios.aem4f : BIOS.obj (.text:ti_sysbios_knl_Clock_Module_startup__E)
                  0000796c    00000004     --HOLE-- [fill = 0]
                  00007970    00000024                   : BIOS.obj (.text:ti_sysbios_knl_Semaphore_Instance_init__E)
                  00007994    00000004     --HOLE-- [fill = 0]
                  00007998    00000024                   : BIOS.obj (.text:ti_sysbios_knl_Task_restoreHwi__E)
                  000079bc    00000024     ti.targets.arm.rtsarm.aem4f : System.oem4f (.text:xdc_runtime_System_vprintf__E)
                  000079e0    00000022     sysbios.aem4f : BIOS.obj (.text:ti_sysbios_family_arm_lm4_Timer_write__I)
                  00007a02    00000022     fatsd_pem4f.oem4f (.text:xdc_runtime_SysMin_output__I)
                  00007a24    00000020     ti.mw.fatfs.aem4f : diskio.oem4f (.text:disk_write)
                  00007a44    00000020                       : ffcio.oem4f (.text:ffcio_read)
                  00007a64    00000020                       : ffcio.oem4f (.text:ffcio_write)
                  00007a84    00000020     rtsv7M4_T_le_v4SPD16_eabi.lib : memchr.obj (.text)
                  00007aa4    00000020     fatsd_pem4f.oem4f (.text:ti_sysbios_BIOS_rtsLock__I)
                  00007ac4    00000020     sysbios.aem4f : m3_Hwi_asm.obj (.text:ti_sysbios_family_arm_m3_Hwi_excHandlerAsm__I)
                  00007ae4    00000004     --HOLE-- [fill = 0]
                  00007ae8    00000020                   : BIOS.obj (.text:ti_sysbios_family_arm_m3_Hwi_excHandler__I)
                  00007b08    00000020     fatsd_pem4f.oem4f (.text:ti_sysbios_gates_GateHwi_Object__delete__S)
                  00007b28    00000020     fatsd_pem4f.oem4f (.text:ti_sysbios_heaps_HeapMem_Object__delete__S)
                  00007b48    00000020     sysbios.aem4f : BIOS.obj (.text:ti_sysbios_knl_Idle_run__E)
                  00007b68    00000020     fatsd_pem4f.oem4f (.text:ti_sysbios_knl_Semaphore_Object__destruct__S)
                  00007b88    00000020     ti.targets.arm.rtsarm.aem4f : Registry.oem4f (.text:xdc_runtime_Registry_findById__E)
                  00007ba8    00000020                                 : SysMin.oem4f (.text:xdc_runtime_SysMin_Module_startup__E)
                  00007bc8    0000001e     ti.mw.fatfs.aem4f : ff.oem4f (.text:ld_clust)
                  00007be6    0000001e     sysbios.aem4f : m3_Hwi_asm_switch.obj (.text:ti_sysbios_family_xxx_Hwi_switchAndRunFunc)
                  00007c04    0000001c     ti.mw.fatfs.aem4f : diskio.oem4f (.text:disk_initialize)
                  00007c20    0000001c                       : diskio.oem4f (.text:disk_status)
                  00007c3c    0000001c     drivers_tivaware.aem4f : GPIOTiva.oem4f (.text:getGpioIntIndex)
                  00007c58    0000001c     ti.mw.fatfs.aem4f : ff.oem4f (.text:mem_cmp)
                  00007c74    00000004     --HOLE-- [fill = 0]
                  00007c78    0000001c     sysbios.aem4f : BIOS.obj (.text:ti_sysbios_family_arm_lm4_Seconds_get__E)
                  00007c94    00000004     --HOLE-- [fill = 0]
                  00007c98    0000001c                   : BIOS.obj (.text:ti_sysbios_gates_GateMutex_Instance_init__E)
                  00007cb4    0000001c     fatsd_pem4f.oem4f (.text:ti_sysbios_knl_Queue_Object__destruct__S)
                  00007cd0    0000001c     sysbios.aem4f : BIOS.obj (.text:ti_sysbios_knl_Queue_put__E)
                  00007cec    00000004     --HOLE-- [fill = 0]
                  00007cf0    0000001c                   : BIOS.obj (.text:ti_sysbios_knl_Task_enter__I)
                  00007d0c    0000001c     ti.targets.arm.rtsarm.aem4f : Error.oem4f (.text:xdc_runtime_Error_raiseX__E)
                  00007d28    0000001c                                 : Memory.oem4f (.text:xdc_runtime_Memory_valloc__E)
                  00007d44    0000001c                                 : SysMin.oem4f (.text:xdc_runtime_SysMin_exit__E)
                  00007d60    0000001c                                 : System.oem4f (.text:xdc_runtime_System_abort__E)
                  00007d7c    0000001a     fatsd_pem4f.oem4f (.text:free)
                  00007d96    0000001a     fatsd_pem4f.oem4f (.text:ti_sysbios_family_arm_m3_Hwi_Handle__label__S)
                  00007db0    0000001a     fatsd_pem4f.oem4f (.text:ti_sysbios_gates_GateHwi_Handle__label__S)
                  00007dca    0000001a     fatsd_pem4f.oem4f (.text:ti_sysbios_gates_GateMutex_Handle__label__S)
                  00007de4    0000001a     fatsd_pem4f.oem4f (.text:ti_sysbios_heaps_HeapMem_Handle__label__S)
                  00007dfe    0000001a     fatsd_pem4f.oem4f (.text:ti_sysbios_knl_Swi_Handle__label__S)
                  00007e18    0000001a     fatsd_pem4f.oem4f (.text:ti_sysbios_knl_Task_Handle__label__S)
                  00007e32    0000001a     ti.mw.fatfs.aem4f : ff.oem4f (.text:unlock_fs)
                  00007e4c    0000001a     fatsd_pem4f.oem4f (.text:xdc_runtime_System_aprintf__E)
                  00007e66    0000001a     fatsd_pem4f.oem4f (.text:xdc_runtime_System_printf__E)
                  00007e80    00000018     driverlib.lib : gpio.obj (.text:GPIOPinTypeGPIOOutput)
                  00007e98    00000018     ti.mw.fatfs.aem4f : ff.oem4f (.text:clust2sect)
                  00007eb0    00000018                       : ffosal.oem4f (.text:ff_cre_syncobj)
                  00007ec8    00000018     rtsv7M4_T_le_v4SPD16_eabi.lib : args_main.obj (.text)
                  00007ee0    00000018                                   : strcmp.obj (.text)
                  00007ef8    00000018     fatsd_pem4f.oem4f (.text:ti_sysbios_BIOS_rtsUnlock__I)
                  00007f10    00000018     fatsd_pem4f.oem4f (.text:ti_sysbios_family_arm_lm4_Timer_Module__startupDone__F)
                  00007f28    00000018     fatsd_pem4f.oem4f (.text:ti_sysbios_family_arm_m3_Hwi_Module__startupDone__F)
                  00007f40    00000018     sysbios.aem4f : m3_TaskSupport_asm.obj (.text:ti_sysbios_family_arm_m3_TaskSupport_swap__E)
                  00007f58    00000018                   : BIOS.obj (.text:ti_sysbios_gates_GateMutex_leave__E)
                  00007f70    00000018     fatsd_pem4f.oem4f (.text:time)
                  00007f88    00000018     ti.targets.arm.rtsarm.aem4f : Error.oem4f (.text:xdc_runtime_Error_check__E)
                  00007fa0    00000018                                 : System.oem4f (.text:xdc_runtime_System_exit__E)
                  00007fb8    00000018                                 : Text.oem4f (.text:xdc_runtime_Text_ropeText__E)
                  00007fd0    00000016     tirtosport.aem4f : SemaphoreP_tirtos.oem4f (.text:SemaphoreP_delete)
                  00007fe6    00000016     ti.mw.fatfs.aem4f : ff.oem4f (.text:mem_cpy)
                  00007ffc    00000016     rtsv7M4_T_le_v4SPD16_eabi.lib : strchr.obj (.text)
                  00008012    00000016     fatsd_pem4f.oem4f (.text:ti_sysbios_BIOS_exitFunc__I)
                  00008028    00000016     fatsd.obj (.text:ti_sysbios_knl_Task_Params_init)
                  0000803e    00000014     ti.mw.fatfs.aem4f : ffosal.oem4f (.text:ff_req_grant)
                  00008052    00000014                       : ff.oem4f (.text:mem_set)
                  00008066    00000002     --HOLE-- [fill = 0]
                  00008068    00000014     rtsv7M4_T_le_v4SPD16_eabi.lib : _lock.obj (.text)
                  0000807c    00000014                                   : strcpy.obj (.text)
                  00008090    00000014                                   : strlen.obj (.text)
                  000080a4    00000014     fatsd_pem4f.oem4f (.text:ti_sysbios_family_arm_m3_Hwi_Object__get__S)
                  000080b8    00000014     sysbios.aem4f : BIOS.obj (.text:ti_sysbios_family_arm_m3_Hwi_switchFromBootStack__E)
                  000080cc    00000014     fatsd_pem4f.oem4f (.text:ti_sysbios_heaps_HeapMem_Object__get__S)
                  000080e0    00000014     fatsd_pem4f.oem4f (.text:ti_sysbios_knl_Swi_Object__get__S)
                  000080f4    00000012     driverlib.lib : gpio.obj (.text:GPIOPinTypeGPIOInput)
                  00008106    00000012     drivers_tivaware.aem4f : SDSPITiva.oem4f (.text:SDSPITiva_init)
                  00008118    00000012     tirtosport.aem4f : SemaphoreP_tirtos.oem4f (.text:SemaphoreP_pend)
                  0000812a    00000012     ti.mw.fatfs.aem4f : ff.oem4f (.text:chk_chr)
                  0000813c    00000012                       : ffcio.oem4f (.text:ffcio_rename)
                  0000814e    00000012                       : ffcio.oem4f (.text:ffcio_unlink)
                  00008160    00000012     sysbios.aem4f : BIOS.obj (.text:ti_sysbios_hal_Hwi_Module_startup__E)
                  00008172    00000012     fatsd_pem4f.oem4f (.text:xdc_runtime_Startup_exec__I)
                  00008184    00000010     drivers_tivaware.aem4f : SDSPITiva.oem4f (.text:SDSPITiva_diskStatus)
                  00008194    00000010                            : SDSPI.oem4f (.text:SDSPI_Params_init)
                  000081a4    00000010     ti.mw.fatfs.aem4f : ff.oem4f (.text:st_clust)
                  000081b4    00000004     --HOLE-- [fill = 0]
                  000081b8    00000010     sysbios.aem4f : BIOS.obj (.text:ti_sysbios_BIOS_exit__E)
                  000081c8    00000010                   : BIOS.obj (.text:ti_sysbios_BIOS_getCpuFreq__E)
                  000081d8    00000010                   : BIOS.obj (.text:ti_sysbios_BIOS_setThreadType__E)
                  000081e8    00000010                   : BIOS.obj (.text:ti_sysbios_BIOS_start__E)
                  000081f8    00000010                   : BIOS.obj (.text:ti_sysbios_family_arm_lm4_TimestampProvider_rolloverFunc__E)
                  00008208    00000010                   : m3_TaskSupport_asm.obj (.text:ti_sysbios_family_arm_m3_TaskSupport_glue)
                  00008218    00000010                   : BIOS.obj (.text:ti_sysbios_gates_GateMutex_Instance_finalize__E)
                  00008228    00000010                   : BIOS.obj (.text:ti_sysbios_knl_Semaphore_Instance_finalize__E)
                  00008238    00000010                   : BIOS.obj (.text:ti_sysbios_knl_Swi_disable__E)
                  00008248    00000010     fatsd_pem4f.oem4f (.text:ti_sysbios_knl_Task_Object__get__S)
                  00008258    00000010     sysbios.aem4f : BIOS.obj (.text:ti_sysbios_knl_Task_disable__E)
                  00008268    00000010     ti.targets.arm.rtsarm.aem4f : Gate.oem4f (.text:xdc_runtime_Gate_leaveSystem__E)
                  00008278    00000010                                 : Memory.oem4f (.text:xdc_runtime_Memory_free__E)
                  00008288    00000010                                 : SysMin.oem4f (.text:xdc_runtime_SysMin_ready__E)
                  00008298    00000010                                 : System.oem4f (.text:xdc_runtime_System_vsnprintf__E)
                  000082a8    00000010     fatsd_pem4f.oem4f (.text:xdc_runtime_Text_visitRope__I)
                  000082b8    0000000e     driverlib.lib : gpio.obj (.text:GPIOIntStatus)
                  000082c6    0000000e     rtsv7M4_T_le_v4SPD16_eabi.lib : copy_decompress_none.obj (.text:decompress:none)
                  000082d4    00000004     --HOLE-- [fill = 0]
                  000082d8    0000000e     sysbios.aem4f : BIOS.obj (.text:ti_sysbios_knl_Idle_loop__E)
                  000082e6    00000002     --HOLE-- [fill = 0]
                  000082e8    0000000e                   : BIOS.obj (.text:ti_sysbios_knl_Queue_empty__E)
                  000082f6    00000002     --HOLE-- [fill = 0]
                  000082f8    0000000c     fatsd_pem4f.oem4f (.text:.bootCodeSection:ti_catalog_arm_cortexm4_tiva_ce_Boot_init__I)
                  00008304    0000000c     driverlib.lib : ssi.obj (.text:SSIDataGet)
                  00008310    0000000c     rtsv7M4_T_le_v4SPD16_eabi.lib : copy_zero_init.obj (.text:decompress:ZI)
                  0000831c    00000004     --HOLE-- [fill = 0]
                  00008320    0000000c     sysbios.aem4f : BIOS.obj (.text:ti_sysbios_family_arm_lm4_Timer_getMaxTicks__E)
                  0000832c    00000004     --HOLE-- [fill = 0]
                  00008330    0000000c                   : BIOS.obj (.text:ti_sysbios_family_arm_lm4_TimestampProvider_startTimer__E)
                  0000833c    0000000c     fatsd_pem4f.oem4f (.text:ti_sysbios_family_arm_m3_Hwi_Params__init__S)
                  00008348    0000000c     sysbios.aem4f : BIOS.obj (.text:ti_sysbios_family_arm_m3_Hwi_disableFxn__E)
                  00008354    00000004     --HOLE-- [fill = 0]
                  00008358    0000000c                   : BIOS.obj (.text:ti_sysbios_family_arm_m3_TaskSupport_checkStack__E)
                  00008364    00000004     --HOLE-- [fill = 0]
                  00008368    0000000c                   : BIOS.obj (.text:ti_sysbios_family_arm_m3_TaskSupport_getStackAlignment__E)
                  00008374    00000004     --HOLE-- [fill = 0]
                  00008378    0000000c                   : BIOS.obj (.text:ti_sysbios_gates_GateHwi_enter__E)
                  00008384    0000000c     fatsd_pem4f.oem4f (.text:ti_sysbios_knl_Queue_Object__get__S)
                  00008390    0000000c     fatsd_pem4f.oem4f (.text:ti_sysbios_knl_Semaphore_Params__init__S)
                  0000839c    0000000c     fatsd_pem4f.oem4f (.text:ti_sysbios_knl_Task_Params__init__S)
                  000083a8    0000000c     ti.targets.arm.rtsarm.aem4f : Error.oem4f (.text:xdc_runtime_Error_init__E)
                  000083b4    0000000c                                 : Gate.oem4f (.text:xdc_runtime_Gate_enterSystem__E)
                  000083c0    0000000c                                 : Memory.oem4f (.text:xdc_runtime_Memory_calloc__E)
                  000083cc    0000000c                                 : Memory.oem4f (.text:xdc_runtime_Memory_getMaxDefaultTypeAlign__E)
                  000083d8    0000000a     drivers_tivaware.aem4f : SDSPI.oem4f (.text:SDSPI_close)
                  000083e2    0000000a     driverlib.lib : ssi.obj (.text:SSIDataPut)
                  000083ec    0000000a                   : ssi.obj (.text:SSIDisable)
                  000083f6    0000000a                   : ssi.obj (.text:SSIEnable)
                  00008400    0000000a     tirtosport.aem4f : SemaphoreP_tirtos.oem4f (.text:SemaphoreP_post)
                  0000840a    0000000a     ti.mw.fatfs.aem4f : ffosal.oem4f (.text:ff_del_syncobj)
                  00008414    0000000a     fatsd_pem4f.oem4f (.text:xdc_runtime_IHeap_alloc)
                  0000841e    0000000a     fatsd_pem4f.oem4f (.text:xdc_runtime_IHeap_free)
                  00008428    00000008     rtsv7M4_T_le_v4SPD16_eabi.lib : rewind.obj (.text)
                  00008430    00000008     sysbios.aem4f : BIOS.obj (.text:ti_sysbios_family_arm_lm4_Timer_masterDisable__I)
                  00008438    00000008                   : BIOS.obj (.text:ti_sysbios_family_arm_m3_Hwi_doSwiRestore__I)
                  00008440    00000008                   : BIOS.obj (.text:ti_sysbios_family_arm_m3_Hwi_startup__E)
                  00008448    00000006     drivers_tivaware.aem4f : SDSPITiva.oem4f (.text:SDSPITiva_control)
                  0000844e    00000006     ti.mw.fatfs.aem4f : ff.oem4f (.text:lock_fs)
                  00008454    00000006     Boot.aem4f : Boot_sysctl.oem4f (.text:ti_catalog_arm_cortexm4_tiva_ce_Boot_sysCtlDelayI__I)
                  0000845a    00000006     ti.targets.arm.rtsarm.aem4f : System.oem4f (.text:xdc_runtime_System_Module_startup__E)
                  00008460    00000006     sysbios.aem4f : BIOS.obj (.text:ti_sysbios_family_arm_lm4_TimestampProvider_Module_startup__E)
                  00008466    00000002     --HOLE-- [fill = 0]
                  00008468    00000006                   : BIOS.obj (.text:ti_sysbios_family_arm_m3_Hwi_doTaskRestore__I)
                  0000846e    00000002     --HOLE-- [fill = 0]
                  00008470    00000006                   : BIOS.obj (.text:ti_sysbios_family_arm_m3_Hwi_restoreFxn__E)
                  00008476    00000002     --HOLE-- [fill = 0]
                  00008478    00000006                   : BIOS.obj (.text:ti_sysbios_gates_GateHwi_leave__E)
                  0000847e    00000002     --HOLE-- [fill = 0]
                  00008480    00000006                   : BIOS.obj (.text:ti_sysbios_heaps_HeapMem_isBlocking__E)
                  00008486    00000002     --HOLE-- [fill = 0]
                  00008488    00000006                   : BIOS.obj (.text:ti_sysbios_knl_Queue_Instance_init__E)
                  0000848e    00000002     --HOLE-- [fill = 0]
                  00008490    00000006                   : BIOS.obj (.text:ti_sysbios_knl_Swi_startup__E)
                  00008496    00000002     --HOLE-- [fill = 0]
                  00008498    00000004                   : BIOS.obj (.text:ti_sysbios_family_arm_lm4_Timer_getPeriod__E)
                  0000849c    00000004     --HOLE-- [fill = 0]
                  000084a0    00000004                   : BIOS.obj (.text:ti_sysbios_gates_GateHwi_query__E)
                  000084a4    00000004     --HOLE-- [fill = 0]
                  000084a8    00000004                   : BIOS.obj (.text:ti_sysbios_gates_GateMutex_query__E)
                  000084ac    00000004     --HOLE-- [fill = 0]
                  000084b0    00000004                   : BIOS.obj (.text:ti_sysbios_knl_Task_startup__E)
                  000084b4    00000004     --HOLE-- [fill = 0]
                  000084b8    00000002                   : BIOS.obj (.text:ti_sysbios_gates_GateHwi_Instance_init__E)
                  000084ba    00000006     --HOLE-- [fill = 0]
                  000084c0    00000002                   : BIOS.obj (.text:ti_sysbios_knl_Clock_logTick__E)

.const     0    000084c4    000021c6     
                  000084c4    00001885     fatsd_pem4f.oem4f (.const:xdc_runtime_Text_charTab__A)
                  00009d49    00000207     fatsd.obj (.const:.string:textarray)
                  00009f50    000000cc     fatsd_pem4f.oem4f (.const:xdc_runtime_Text_nodeTab__A)
                  0000a01c    00000090     driverlib.lib : gpio.obj (.const:g_pui32GPIOBaseAddrs)
                  0000a0ac    00000060     rtsv7M4_T_le_v4SPD16_eabi.lib : mktime.obj (.const:$O1$$)
                  0000a10c    00000054     drivers_tivaware.aem4f : GPIOTiva.oem4f (.const:.string)
                  0000a160    00000048     fatsd_pem4f.oem4f (.const:.string)
                  0000a1a8    00000048     drivers_tivaware.aem4f : GPIOTiva.oem4f (.const:gpioBaseAddresses)
                  0000a1f0    0000003c     fatsd_pem4f.oem4f (.const:ti_sysbios_knl_Task_Object__PARAMS__C)
                  0000a22c    00000030     fatsd_pem4f.oem4f (.const:ti_sysbios_family_arm_m3_Hwi_Object__PARAMS__C)
                  0000a25c    00000028     fatsd_pem4f.oem4f (.const:ti_sysbios_heaps_HeapMem_Module__FXNS__C)
                  0000a284    00000024     EK_TM4C123GXL.obj (.const:sdspiTivaHWattrs)
                  0000a2a8    00000024     fatsd_pem4f.oem4f (.const:ti_sysbios_gates_GateHwi_Module__FXNS__C)
                  0000a2cc    00000024     fatsd_pem4f.oem4f (.const:ti_sysbios_gates_GateMutex_Module__FXNS__C)
                  0000a2f0    00000024     fatsd_pem4f.oem4f (.const:ti_sysbios_heaps_HeapMem_Object__PARAMS__C)
                  0000a314    00000024     fatsd_pem4f.oem4f (.const:ti_sysbios_knl_Semaphore_Object__PARAMS__C)
                  0000a338    00000024     fatsd_pem4f.oem4f (.const:xdc_runtime_Startup_sfxnTab__A)
                  0000a35c    00000020     fatsd_pem4f.oem4f (.const:ti_sysbios_family_arm_m3_Hwi_Object__DESC__C)
                  0000a37c    00000020     fatsd_pem4f.oem4f (.const:ti_sysbios_gates_GateHwi_Object__DESC__C)
                  0000a39c    00000020     fatsd_pem4f.oem4f (.const:ti_sysbios_gates_GateMutex_Object__DESC__C)
                  0000a3bc    00000020     fatsd_pem4f.oem4f (.const:ti_sysbios_heaps_HeapMem_Object__DESC__C)
                  0000a3dc    00000020     fatsd_pem4f.oem4f (.const:ti_sysbios_knl_Queue_Object__DESC__C)
                  0000a3fc    00000020     fatsd_pem4f.oem4f (.const:ti_sysbios_knl_Semaphore_Object__DESC__C)
                  0000a41c    00000020     fatsd_pem4f.oem4f (.const:ti_sysbios_knl_Task_Object__DESC__C)
                  0000a43c    00000018     EK_TM4C123GXL.obj (.const:SDSPI_config)
                  0000a454    00000018     fatsd_pem4f.oem4f (.const:ti_sysbios_gates_GateHwi_Object__PARAMS__C)
                  0000a46c    00000018     fatsd_pem4f.oem4f (.const:ti_sysbios_gates_GateMutex_Object__PARAMS__C)
                  0000a484    00000018     fatsd_pem4f.oem4f (.const:ti_sysbios_knl_Queue_Object__PARAMS__C)
                  0000a49c    00000014     EK_TM4C123GXL.obj (.const:GPIOTiva_config)
                  0000a4b0    00000014     fatsd_pem4f.oem4f (.const:xdc_runtime_Startup_firstFxns__A)
                  0000a4c4    00000012     fatsd_pem4f.oem4f (.const:xdc_runtime_Startup_sfxnRts__A)
                  0000a4d6    00000011     fatsd.obj (.const:.string:outputfile)
                  0000a4e7    00000010     fatsd.obj (.const:.string:inputfile)
                  0000a4f7    00000001     fatsd_pem4f.oem4f (.const:xdc_runtime_Error_policy__C)
                  0000a4f8    00000010     drivers_tivaware.aem4f : SDSPITiva.oem4f (.const)
                  0000a508    00000008                            : SDSPI.oem4f (.const)
                  0000a510    00000008     fatsd_pem4f.oem4f (.const:ti_sysbios_family_arm_m3_Hwi_excHookFuncs__A)
                  0000a518    00000008     fatsd_pem4f.oem4f (.const:ti_sysbios_knl_Idle_funcList__C)
                  0000a520    00000008     fatsd_pem4f.oem4f (.const:xdc_runtime_Startup_firstFxns__C)
                  0000a528    00000008     fatsd_pem4f.oem4f (.const:xdc_runtime_Startup_lastFxns__C)
                  0000a530    00000004     fatsd_pem4f.oem4f (.const:ti_catalog_arm_cortexm4_tiva_ce_Boot_A_mustUseEnhancedClockMode__C)
                  0000a534    00000004     fatsd_pem4f.oem4f (.const:ti_catalog_arm_cortexm4_tiva_ce_Boot_Module__diagsEnabled__C)
                  0000a538    00000004     fatsd_pem4f.oem4f (.const:ti_catalog_arm_cortexm4_tiva_ce_Boot_Module__diagsIncluded__C)
                  0000a53c    00000004     fatsd_pem4f.oem4f (.const:ti_catalog_arm_cortexm4_tiva_ce_Boot_Module__diagsMask__C)
                  0000a540    00000004     fatsd_pem4f.oem4f (.const:ti_sysbios_family_arm_lm4_Timer_enableFunc__C)
                  0000a544    00000004     fatsd_pem4f.oem4f (.const:ti_sysbios_family_arm_lm4_Timer_numTimerDevices__C)
                  0000a548    00000004     fatsd_pem4f.oem4f (.const:ti_sysbios_family_arm_lm4_Timer_startupNeeded__C)
                  0000a54c    00000004     fatsd_pem4f.oem4f (.const:ti_sysbios_family_arm_m3_Hwi_E_NMI__C)
                  0000a550    00000004     fatsd_pem4f.oem4f (.const:ti_sysbios_family_arm_m3_Hwi_E_alreadyDefined__C)
                  0000a554    00000004     fatsd_pem4f.oem4f (.const:ti_sysbios_family_arm_m3_Hwi_E_busFault__C)
                  0000a558    00000004     fatsd_pem4f.oem4f (.const:ti_sysbios_family_arm_m3_Hwi_E_debugMon__C)
                  0000a55c    00000004     fatsd_pem4f.oem4f (.const:ti_sysbios_family_arm_m3_Hwi_E_hardFault__C)
                  0000a560    00000004     fatsd_pem4f.oem4f (.const:ti_sysbios_family_arm_m3_Hwi_E_memFault__C)
                  0000a564    00000004     fatsd_pem4f.oem4f (.const:ti_sysbios_family_arm_m3_Hwi_E_noIsr__C)
                  0000a568    00000004     fatsd_pem4f.oem4f (.const:ti_sysbios_family_arm_m3_Hwi_E_reserved__C)
                  0000a56c    00000004     fatsd_pem4f.oem4f (.const:ti_sysbios_family_arm_m3_Hwi_E_svCall__C)
                  0000a570    00000004     fatsd_pem4f.oem4f (.const:ti_sysbios_family_arm_m3_Hwi_E_usageFault__C)
                  0000a574    00000004     fatsd_pem4f.oem4f (.const:ti_sysbios_family_arm_m3_Hwi_NUM_INTERRUPTS__C)
                  0000a578    00000004     fatsd_pem4f.oem4f (.const:ti_sysbios_family_arm_m3_Hwi_Object__count__C)
                  0000a57c    00000004     fatsd_pem4f.oem4f (.const:ti_sysbios_family_arm_m3_Hwi_ccr__C)
                  0000a580    00000004     fatsd_pem4f.oem4f (.const:ti_sysbios_family_arm_m3_Hwi_excHandlerFunc__C)
                  0000a584    00000004     fatsd_pem4f.oem4f (.const:ti_sysbios_family_arm_m3_Hwi_excHookFuncs__C)
                  0000a588    00000004     fatsd_pem4f.oem4f (.const:ti_sysbios_family_arm_m3_Hwi_nullIsrFunc__C)
                  0000a58c    00000004     fatsd_pem4f.oem4f (.const:ti_sysbios_family_arm_m3_Hwi_priGroup__C)
                  0000a590    00000004     fatsd_pem4f.oem4f (.const:ti_sysbios_family_arm_m3_TaskSupport_stackAlignment__C)
                  0000a594    00000004     fatsd_pem4f.oem4f (.const:ti_sysbios_gates_GateMutex_Instance_State_sem__O)
                  0000a598    00000004     fatsd_pem4f.oem4f (.const:ti_sysbios_hal_Hwi_E_stackOverflow__C)
                  0000a59c    00000004     fatsd_pem4f.oem4f (.const:ti_sysbios_heaps_HeapMem_E_memory__C)
                  0000a5a0    00000004     fatsd_pem4f.oem4f (.const:ti_sysbios_heaps_HeapMem_Module__gateObj__C)
                  0000a5a4    00000004     fatsd_pem4f.oem4f (.const:ti_sysbios_heaps_HeapMem_Object__count__C)
                  0000a5a8    00000004     fatsd_pem4f.oem4f (.const:ti_sysbios_heaps_HeapMem_reqAlign__C)
                  0000a5ac    00000004     fatsd_pem4f.oem4f (.const:ti_sysbios_knl_Clock_Module_State_clockQ__O)
                  0000a5b0    00000004     fatsd_pem4f.oem4f (.const:ti_sysbios_knl_Idle_funcList__A)
                  0000a5b4    00000004     fatsd_pem4f.oem4f (.const:ti_sysbios_knl_Semaphore_Instance_State_pendQ__O)
                  0000a5b8    00000004     fatsd_pem4f.oem4f (.const:ti_sysbios_knl_Swi_Object__count__C)
                  0000a5bc    00000004     fatsd_pem4f.oem4f (.const:ti_sysbios_knl_Task_E_spOutOfBounds__C)
                  0000a5c0    00000004     fatsd_pem4f.oem4f (.const:ti_sysbios_knl_Task_E_stackOverflow__C)
                  0000a5c4    00000004     fatsd_pem4f.oem4f (.const:ti_sysbios_knl_Task_Module_State_inactiveQ__O)
                  0000a5c8    00000004     fatsd_pem4f.oem4f (.const:ti_sysbios_knl_Task_Object__count__C)
                  0000a5cc    00000004     fatsd_pem4f.oem4f (.const:ti_sysbios_knl_Task_allBlockedFunc__C)
                  0000a5d0    00000004     fatsd_pem4f.oem4f (.const:ti_sysbios_knl_Task_defaultStackHeap__C)
                  0000a5d4    00000004     fatsd_pem4f.oem4f (.const:ti_sysbios_knl_Task_defaultStackSize__C)
                  0000a5d8    00000004     fatsd_pem4f.oem4f (.const:ti_sysbios_knl_Task_numConstructedTasks__C)
                  0000a5dc    00000004     fatsd_pem4f.oem4f (.const:xdc_runtime_Assert_E_assertFailed__C)
                  0000a5e0    00000004     fatsd_pem4f.oem4f (.const:xdc_runtime_Core_A_initializedParams__C)
                  0000a5e4    00000004     fatsd_pem4f.oem4f (.const:xdc_runtime_Core_Module__diagsEnabled__C)
                  0000a5e8    00000004     fatsd_pem4f.oem4f (.const:xdc_runtime_Core_Module__diagsIncluded__C)
                  0000a5ec    00000004     fatsd_pem4f.oem4f (.const:xdc_runtime_Core_Module__diagsMask__C)
                  0000a5f0    00000004     fatsd_pem4f.oem4f (.const:xdc_runtime_Error_E_memory__C)
                  0000a5f4    00000004     fatsd_pem4f.oem4f (.const:xdc_runtime_Error_Module__diagsEnabled__C)
                  0000a5f8    00000004     fatsd_pem4f.oem4f (.const:xdc_runtime_Error_Module__diagsIncluded__C)
                  0000a5fc    00000004     fatsd_pem4f.oem4f (.const:xdc_runtime_Error_Module__diagsMask__C)
                  0000a600    00000004     fatsd_pem4f.oem4f (.const:xdc_runtime_Error_Module__loggerFxn8__C)
                  0000a604    00000004     fatsd_pem4f.oem4f (.const:xdc_runtime_Error_Module__loggerObj__C)
                  0000a608    00000004     fatsd_pem4f.oem4f (.const:xdc_runtime_Error_policyFxn__C)
                  0000a60c    00000004     fatsd_pem4f.oem4f (.const:xdc_runtime_Error_raiseHook__C)
                  0000a610    00000004     fatsd_pem4f.oem4f (.const:xdc_runtime_IGateProvider_Interface__BASE__C)
                  0000a614    00000004     fatsd_pem4f.oem4f (.const:xdc_runtime_IHeap_Interface__BASE__C)
                  0000a618    00000004     fatsd_pem4f.oem4f (.const:xdc_runtime_IModule_Interface__BASE__C)
                  0000a61c    00000004     fatsd_pem4f.oem4f (.const:xdc_runtime_Log_L_error__C)
                  0000a620    00000004     fatsd_pem4f.oem4f (.const:xdc_runtime_Memory_defaultHeapInstance__C)
                  0000a624    00000004     fatsd_pem4f.oem4f (.const:xdc_runtime_Startup_execImpl__C)
                  0000a628    00000004     fatsd_pem4f.oem4f (.const:xdc_runtime_Startup_lastFxns__A)
                  0000a62c    00000004     fatsd_pem4f.oem4f (.const:xdc_runtime_Startup_maxPasses__C)
                  0000a630    00000004     fatsd_pem4f.oem4f (.const:xdc_runtime_Startup_sfxnRts__C)
                  0000a634    00000004     fatsd_pem4f.oem4f (.const:xdc_runtime_Startup_sfxnTab__C)
                  0000a638    00000004     fatsd_pem4f.oem4f (.const:xdc_runtime_SysMin_bufSize__C)
                  0000a63c    00000004     fatsd_pem4f.oem4f (.const:xdc_runtime_SysMin_outputFunc__C)
                  0000a640    00000004     fatsd_pem4f.oem4f (.const:xdc_runtime_System_Module__gateObj__C)
                  0000a644    00000004     fatsd_pem4f.oem4f (.const:xdc_runtime_System_abortFxn__C)
                  0000a648    00000004     fatsd_pem4f.oem4f (.const:xdc_runtime_System_exitFxn__C)
                  0000a64c    00000004     fatsd_pem4f.oem4f (.const:xdc_runtime_System_extendFxn__C)
                  0000a650    00000004     fatsd_pem4f.oem4f (.const:xdc_runtime_System_maxAtexitHandlers__C)
                  0000a654    00000004     fatsd_pem4f.oem4f (.const:xdc_runtime_Text_charTab__C)
                  0000a658    00000004     fatsd_pem4f.oem4f (.const:xdc_runtime_Text_nameEmpty__C)
                  0000a65c    00000004     fatsd_pem4f.oem4f (.const:xdc_runtime_Text_nameStatic__C)
                  0000a660    00000004     fatsd_pem4f.oem4f (.const:xdc_runtime_Text_nameUnknown__C)
                  0000a664    00000004     fatsd_pem4f.oem4f (.const:xdc_runtime_Text_nodeTab__C)
                  0000a668    00000004     fatsd_pem4f.oem4f (.const:xdc_runtime_Text_visitRopeFxn__C)
                  0000a66c    00000002     fatsd_pem4f.oem4f (.const:ti_catalog_arm_cortexm4_tiva_ce_Boot_Module__id__C)
                  0000a66e    00000002     fatsd_pem4f.oem4f (.const:ti_sysbios_family_arm_lm4_TimestampProvider_useClockTimer__C)
                  0000a670    00000002     fatsd_pem4f.oem4f (.const:ti_sysbios_family_arm_m3_Hwi_Module__id__C)
                  0000a672    00000002     fatsd_pem4f.oem4f (.const:ti_sysbios_hal_Hwi_Module__id__C)
                  0000a674    00000002     fatsd_pem4f.oem4f (.const:ti_sysbios_heaps_HeapMem_Module__id__C)
                  0000a676    00000002     fatsd_pem4f.oem4f (.const:ti_sysbios_knl_Task_Module__id__C)
                  0000a678    00000002     fatsd_pem4f.oem4f (.const:xdc_runtime_Core_Module__id__C)
                  0000a67a    00000002     fatsd_pem4f.oem4f (.const:xdc_runtime_Error_Module__loggerDefined__C)
                  0000a67c    00000002     fatsd_pem4f.oem4f (.const:xdc_runtime_Error_maxDepth__C)
                  0000a67e    00000002     fatsd_pem4f.oem4f (.const:xdc_runtime_Memory_Module__id__C)
                  0000a680    00000002     fatsd_pem4f.oem4f (.const:xdc_runtime_SysMin_flushAtExit__C)
                  0000a682    00000002     fatsd_pem4f.oem4f (.const:xdc_runtime_Text_charCnt__C)
                  0000a684    00000002     fatsd_pem4f.oem4f (.const:xdc_runtime_Text_isLoaded__C)
                  0000a686    00000002     fatsd_pem4f.oem4f (.const:xdc_runtime_Text_registryModsLastId__C)
                  0000a688    00000002     fatsd_pem4f.oem4f (.const:xdc_runtime_Text_unnamedModsLastId__C)

.cinit     0    0000a690    00000288     
                  0000a690    00000253     (.cinit..data.load) [load image, compression = lzss]
                  0000a8e3    00000001     --HOLE-- [fill = 0]
                  0000a8e4    0000000c     (__TI_handler_table)
                  0000a8f0    00000008     (.cinit..bss.load) [load image, compression = zero_init]
                  0000a8f8    00000008     (.cinit..vecs.load) [load image, compression = zero_init]
                  0000a900    00000018     (__TI_cinit_table)

.init_array 
*          0    00000000    00000000     UNINITIALIZED

.resetVecs 
*          0    00000000    0000003c     
                  00000000    0000003c     fatsd_pem4f.oem4f (.resetVecs)

.vecs      0    20000000    00000360     UNINITIALIZED
                  20000000    00000360     fatsd_pem4f.oem4f (.vecs)

.bss       0    20000360    0000299a     UNINITIALIZED
                  20000360    00001000     (.common:ti_sysbios_heaps_HeapMem_Instance_State_0_buf__A)
                  20001360    00000804     (.common:cpy_buff)
                  20001b64    00000400     (.common:xdc_runtime_SysMin_Module_State_0_outbuf__A)
                  20001f64    00000360     (.common:ti_sysbios_family_arm_m3_Hwi_dispatchTable)
                  200022c4    00000300     (.common:task0Stack)
                  200025c4    00000240     (.common:sdspiTivaObjects)
                  20002804    00000004     (.common:gpioInterruptVectors)
                  20002808    00000200     fatsd_pem4f.oem4f (.bss:taskStackSection)
                  20002a08    00000120     rtsv7M4_T_le_v4SPD16_eabi.lib : trgmsg.obj (.bss:_CIOBUF_)
                  20002b28    000000a0     (.common:__TI_tmpnams)
                  20002bc8    00000090     drivers_tivaware.aem4f : GPIOTiva.oem4f (.bss:gpioCallbackInfo)
                  20002c58    00000050     (.common:task0Struct)
                  20002ca8    00000028     ti.mw.fatfs.aem4f : ffcio.oem4f (.bss:filTable)
                  20002cd0    00000010     (.common:FatFs)
                  20002ce0    00000010     (.common:sdspiHandles)
                  20002cf0    00000008     (.common:parmbuf)
                  20002cf8    00000002     (.common:Fsid)

.data      0    20002cfc    000006e2     UNINITIALIZED
                  20002cfc    000000f0     rtsv7M4_T_le_v4SPD16_eabi.lib : defs.obj (.data:_ftable)
                  20002dec    00000080     fatsd_pem4f.oem4f (.data:ti_sysbios_family_arm_lm4_Timer_Object__table__V)
                  20002e6c    00000080     fatsd_pem4f.oem4f (.data:ti_sysbios_knl_Swi_Module_State_0_readyQ__A)
                  20002eec    00000080     fatsd_pem4f.oem4f (.data:ti_sysbios_knl_Task_Module_State_0_readyQ__A)
                  20002f6c    00000078     rtsv7M4_T_le_v4SPD16_eabi.lib : write.obj (.data:_device)
                  20002fe4    00000050                                   : write.obj (.data:_stream)
                  20003034    00000050     ti.mw.fatfs.aem4f : diskio.oem4f (.data:drive_fxn_table)
                  20003084    0000004c     fatsd_pem4f.oem4f (.data:ti_sysbios_knl_Task_Object__table__V)
                  200030d0    00000044     fatsd_pem4f.oem4f (.data:ti_sysbios_knl_Task_Module__state__V)
                  20003114    00000038     fatsd_pem4f.oem4f (.data:ti_sysbios_gates_GateMutex_Object__table__V)
                  2000314c    00000034     fatsd_pem4f.oem4f (.data:ti_sysbios_family_arm_m3_Hwi_Module__state__V)
                  20003180    00000030     fatsd_pem4f.oem4f (.data:ti_sysbios_family_arm_lm4_Timer_Module_State_0_device__A)
                  200031b0    00000030     fatsd_pem4f.oem4f (.data:ti_sysbios_family_arm_m3_Hwi_Object__table__V)
                  200031e0    00000030     fatsd_pem4f.oem4f (.data:ti_sysbios_knl_Swi_Object__table__V)
                  20003210    0000002c     fatsd_pem4f.oem4f (.data:ti_sysbios_knl_Clock_Module__state__V)
                  2000323c    00000024     rtsv7M4_T_le_v4SPD16_eabi.lib : localtim.obj (.data:local_tm)
                  20003260    00000024     fatsd_pem4f.oem4f (.data:ti_sysbios_BIOS_Module__state__V)
                  20003284    0000001c     fatsd_pem4f.oem4f (.data:ti_sysbios_knl_Swi_Module__state__V)
                  200032a0    00000018     fatsd_pem4f.oem4f (.data:ti_sysbios_family_arm_lm4_Timer_Module_State_0_handles__A)
                  200032b8    00000018     fatsd_pem4f.oem4f (.data:ti_sysbios_heaps_HeapMem_Object__table__V)
                  200032d0    00000014     EK_TM4C123GXL.obj (.data:gpioPinConfigs)
                  200032e4    00000010     rtsv7M4_T_le_v4SPD16_eabi.lib : tmzone.obj (.data:_tz)
                  200032f4    00000010                                   : defs.obj (.data)
                  20003304    0000000c                                   : exit.obj (.data:$O1$$)
                  20003310    0000000c     fatsd_pem4f.oem4f (.data:ti_sysbios_family_arm_lm4_Timer_Module__state__V)
                  2000331c    0000000c     fatsd_pem4f.oem4f (.data:xdc_runtime_SysMin_Module__state__V)
                  20003328    00000008     rtsv7M4_T_le_v4SPD16_eabi.lib : _lock.obj (.data:$O1$$)
                  20003330    00000008     EK_TM4C123GXL.obj (.data:gpioCallbackFunctions)
                  20003338    00000008     fatsd_pem4f.oem4f (.data:ti_sysbios_family_arm_lm4_Seconds_Module__state__V)
                  20003340    00000008     fatsd_pem4f.oem4f (.data:ti_sysbios_family_arm_lm4_TimestampProvider_Module__state__V)
                  20003348    00000008     fatsd_pem4f.oem4f (.data:ti_sysbios_family_arm_m3_Hwi_Module__root__V)
                  20003350    00000008     fatsd_pem4f.oem4f (.data:ti_sysbios_gates_GateHwi_Module__root__V)
                  20003358    00000008     fatsd_pem4f.oem4f (.data:ti_sysbios_gates_GateMutex_Module__root__V)
                  20003360    00000008     fatsd_pem4f.oem4f (.data:ti_sysbios_heaps_HeapMem_Module__root__V)
                  20003368    00000008     fatsd_pem4f.oem4f (.data:ti_sysbios_knl_Queue_Module__root__V)
                  20003370    00000008     fatsd_pem4f.oem4f (.data:ti_sysbios_knl_Semaphore_Module__root__V)
                  20003378    00000008     fatsd_pem4f.oem4f (.data:ti_sysbios_knl_Task_Module__root__V)
                  20003380    00000008     fatsd_pem4f.oem4f (.data:xdc_runtime_Registry_Module__state__V)
                  20003388    00000008     fatsd_pem4f.oem4f (.data:xdc_runtime_Startup_Module__state__V)
                  20003390    00000008     fatsd_pem4f.oem4f (.data:xdc_runtime_System_Module_State_0_atexitHandlers__A)
                  20003398    00000008     fatsd_pem4f.oem4f (.data:xdc_runtime_System_Module__state__V)
                  200033a0    00000005     drivers_tivaware.aem4f : GPIOTiva.oem4f (.data)
                  200033a5    00000001     --HOLE--
                  200033a6    00000002     fatsd_pem4f.oem4f (.data:ti_sysbios_family_arm_m3_Hwi_Module_State_0_excActive__A)
                  200033a8    00000004     drivers_tivaware.aem4f : SDSPI.oem4f (.data)
                  200033ac    00000004                            : SDSPITiva.oem4f (.data)
                  200033b0    00000004     rtsv7M4_T_le_v4SPD16_eabi.lib : add_device.obj (.data)
                  200033b4    00000004                                   : errno.obj (.data)
                  200033b8    00000004                                   : fopen.obj (.data)
                  200033bc    00000004                                   : open.obj (.data)
                  200033c0    00000004                                   : stkdepth_vars.obj (.data)
                  200033c4    00000004     ti.mw.fatfs.aem4f : ffcio.oem4f (.data)
                  200033c8    00000004     fatsd_pem4f.oem4f (.data:ti_sysbios_family_arm_m3_Hwi_Module_State_0_excContext__A)
                  200033cc    00000004     fatsd_pem4f.oem4f (.data:ti_sysbios_family_arm_m3_Hwi_Module_State_0_excStack__A)
                  200033d0    00000004     fatsd_pem4f.oem4f (.data:ti_sysbios_gates_GateHwi_Object__table__V)
                  200033d4    00000004     fatsd_pem4f.oem4f (.data:ti_sysbios_knl_Task_Module_State_0_idleTask__A)
                  200033d8    00000004     fatsd_pem4f.oem4f (.data:xdc_runtime_Memory_Module__state__V)
                  200033dc    00000002     fatsd_pem4f.oem4f (.data:xdc_runtime_Error_Module__state__V)

.stack     0    200033e0    00000300     UNINITIALIZED
                  200033e0    00000300     --HOLE--

.bootVecs 
*          0    00000000    00000008     DSECT
                  00000000    00000008     boot.aem4f : boot.oem4f (.bootVecs)

xdc.meta   0    00000000    0000010a     COPY SECTION
                  00000000    0000010a     fatsd_pem4f.oem4f (xdc.meta)

MODULE SUMMARY

       Module                     code    ro data   rw data
       ------                     ----    -------   -------
    .\
       fatsd.obj                  946     552       2900   
       EK_TM4C123GXL.obj          224     80        604    
    +--+--------------------------+-------+---------+---------+
       Total:                     1170    632       3504   
                                                           
    C:\TM4C123G_LaunchPad_Workshop\sd_projeto\fatsd_EK_TM4C123GXL_TI_TivaTM4C123GH6PM\Debug\configPkg\package\cfg\
       fatsd_pem4f.oem4f          1904    7654      8448   
    +--+--------------------------+-------+---------+---------+
       Total:                     1904    7654      8448   
                                                           
    C:/ti/tirtos_tivac_2_16_01_14/products/TivaWare_C_Series-2.1.1.71b/driverlib/ccs/Debug/driverlib.lib
       gpio.obj                   572     144       0      
       ssi.obj                    102     0         0      
       sysctl.obj                 52      0         0      
    +--+--------------------------+-------+---------+---------+
       Total:                     726     144       0      
                                                           
    C:/ti/tirtos_tivac_2_16_01_14/products/tidrivers_tivac_2_16_01_13/packages/ti/drivers/lib/drivers_tivaware.aem4f
       SDSPITiva.oem4f            2208    16        20     
       GPIOTiva.oem4f             764     156       153    
       SDSPI.oem4f                130     8         4      
    +--+--------------------------+-------+---------+---------+
       Total:                     3102    180       177    
                                                           
    C:/ti/tirtos_tivac_2_16_01_14/products/tidrivers_tivac_2_16_01_13/packages/ti/drivers/ports/lib/tirtosport.aem4f
       SemaphoreP_tirtos.oem4f    138     0         0      
    +--+--------------------------+-------+---------+---------+
       Total:                     138     0         0      
                                                           
    C:\TM4C123G_LaunchPad_Workshop\sd_projeto\fatsd_EK_TM4C123GXL_TI_TivaTM4C123GH6PM\src\sysbios\sysbios.aem4f
       BIOS.obj                   9132    0         0      
       m3_Hwi_asm.obj             314     0         0      
       m3_TaskSupport_asm.obj     180     0         0      
       m3_Hwi_asm_switch.obj      118     0         0      
    +--+--------------------------+-------+---------+---------+
       Total:                     9744    0         0      
                                                           
    C:\ti\ccsv7\tools\compiler\ti-cgt-arm_16.9.6.LTS\lib\rtsv7M4_T_le_v4SPD16_eabi.lib
       mktime.obj                 672     96        0      
       ll_div_t2.obj              542     0         0      
       fopen.obj                  452     0         4      
       defs.obj                   0       0         416    
       trgmsg.obj                 104     0         288    
       fwrite.obj                 364     0         0      
       localtim.obj               312     0         36     
       write.obj                  40      0         200    
       fread.obj                  236     0         0      
       setvbuf.obj                220     0         0      
       fflush.obj                 200     0         0      
       open.obj                   188     0         4      
       add_device.obj             184     0         4      
       _io_perm.obj               172     0         0      
       _bufread.obj               156     0         0      
       memcpy_t2.obj              156     0         0      
       fclose.obj                 152     0         0      
       memset_t2.obj              122     0         0      
       getdevice.obj              112     0         0      
       copy_decompress_lzss.obj   104     0         0      
       hostlseek.obj              104     0         0      
       hostopen.obj               96      0         8      
       hostrename.obj             104     0         0      
       fseek.obj                  100     0         0      
       ftell.obj                  100     0         0      
       exit.obj                   84      0         12     
       close.obj                  92      0         0      
       hostread.obj               88      0         0      
       hostwrite.obj              88      0         0      
       cpy_tbl.obj                76      0         0      
       hostclose.obj              68      0         0      
       hostunlink.obj             68      0         0      
       u_divt2.obj                64      0         0      
       strncpy.obj                54      0         0      
       unlink.obj                 44      0         0      
       lseek.obj                  40      0         0      
       read.obj                   40      0         0      
       memchr.obj                 32      0         0      
       _lock.obj                  20      0         8      
       args_main.obj              24      0         0      
       strcmp.obj                 24      0         0      
       strchr.obj                 22      0         0      
       strcpy.obj                 20      0         0      
       strlen.obj                 20      0         0      
       tmzone.obj                 0       0         16     
       copy_decompress_none.obj   14      0         0      
       copy_zero_init.obj         12      0         0      
       rewind.obj                 8       0         0      
       errno.obj                  0       0         4      
       stkdepth_vars.obj          0       0         4      
       i_div0.obj                 2       0         0      
       l_div0.obj                 2       0         0      
    +--+--------------------------+-------+---------+---------+
       Total:                     5998    96        1004   
                                                           
    C:\ti\tirtos_tivac_2_16_01_14\products\bios_6_45_02_31\packages\ti\catalog\arm\cortexm4\tiva\ce\lib\Boot.aem4f
       Boot_sysctl.oem4f          262     0         0      
       Boot.oem4f                 152     0         0      
    +--+--------------------------+-------+---------+---------+
       Total:                     414     0         0      
                                                           
    C:\ti\tirtos_tivac_2_16_01_14\products\bios_6_45_02_31\packages\ti\targets\arm\rtsarm\lib\auto_init.aem4f
       auto_init.oem4f            160     0         0      
    +--+--------------------------+-------+---------+---------+
       Total:                     160     0         0      
                                                           
    C:\ti\tirtos_tivac_2_16_01_14\products\bios_6_45_02_31\packages\ti\targets\arm\rtsarm\lib\boot.aem4f
       boot.oem4f                 88      0         0      
    +--+--------------------------+-------+---------+---------+
       Total:                     88      0         0      
                                                           
    C:\ti\tirtos_tivac_2_16_01_14\products\bios_6_45_02_31\packages\ti\targets\arm\rtsarm\lib\ti.targets.arm.rtsarm.aem4f
       System.oem4f               1255    0         0      
       Text.oem4f                 672     0         0      
       Error.oem4f                524     0         0      
       Core-mem.oem4f             358     0         0      
       Startup.oem4f              328     0         0      
       SysMin.oem4f               248     0         0      
       Core-smem.oem4f            204     0         0      
       Memory.oem4f               176     0         0      
       Assert.oem4f               84      0         0      
       Core-params.oem4f          70      0         0      
       Core-label.oem4f           52      0         0      
       Registry.oem4f             32      0         0      
       Gate.oem4f                 28      0         0      
    +--+--------------------------+-------+---------+---------+
       Total:                     4031    0         0      
                                                           
    C:\ti\tirtos_tivac_2_16_01_14\products\tidrivers_tivac_2_16_01_13\packages\ti\mw\fatfs\lib\release\ti.mw.fatfs.aem4f
       ff.oem4f                   5589    0         18     
       ffcio.oem4f                372     0         44     
       diskio.oem4f               248     0         80     
       ffosal.oem4f               58      0         0      
    +--+--------------------------+-------+---------+---------+
       Total:                     6267    0         142    
                                                           
       Stack:                     0       0         768    
[...]
00008379  ti_sysbios_gates_GateHwi_enter__E                                 
00008385  ti_sysbios_knl_Queue_Object__get__S                               
00008391  ti_sysbios_knl_Semaphore_Params__init__S                          
0000839d  ti_sysbios_knl_Task_Params__init__S                               
000083a9  xdc_runtime_Error_init__E                                         
000083b5  xdc_runtime_Gate_enterSystem__E                                   
000083c1  xdc_runtime_Memory_calloc__E                                      
000083cd  xdc_runtime_Memory_getMaxDefaultTypeAlign__E                      
000083d9  SDSPI_close                                                       
000083e3  SSIDataPut                                                        
000083ed  SSIDisable                                                        
000083f7  SSIEnable                                                         
00008401  SemaphoreP_post                                                   
00008401  SemaphoreP_postFromClock                                          
00008401  SemaphoreP_postFromISR                                            
0000840b  ff_del_syncobj                                                    
00008415  xdc_runtime_Memory_HeapProxy_alloc__E                             
0000841f  xdc_runtime_Memory_HeapProxy_free__E                              
00008429  rewind                                                            
00008431  ti_sysbios_family_arm_lm4_Timer_masterDisable__I                  
00008439  ti_sysbios_family_arm_m3_Hwi_doSwiRestore__I                      
00008441  ti_sysbios_family_arm_m3_Hwi_startup__E                           
00008441  ti_sysbios_hal_Hwi_HwiProxy_startup__E                            
00008441  ti_sysbios_hal_Hwi_startup__E                                     
00008449  SDSPITiva_control                                                 
00008455  ti_catalog_arm_cortexm4_tiva_ce_Boot_sysCtlDelayI__I              
0000845b  xdc_runtime_System_Module_startup__E                              
00008461  ti_sysbios_family_arm_lm4_TimestampProvider_Module_startup__E     
00008469  ti_sysbios_family_arm_m3_Hwi_doTaskRestore__I                     
00008471  ti_sysbios_family_arm_m3_Hwi_restoreFxn__E                        
00008471  ti_sysbios_hal_Hwi_HwiProxy_restore__E                            
00008479  ti_sysbios_gates_GateHwi_leave__E                                 
00008481  ti_sysbios_heaps_HeapMem_isBlocking__E                            
00008489  ti_sysbios_knl_Queue_Instance_init__E                             
00008491  ti_sysbios_knl_Swi_startup__E                                     
00008499  ti_sysbios_family_arm_lm4_Timer_getPeriod__E                      
000084a1  ti_sysbios_gates_GateHwi_query__E                                 
000084a1  xdc_runtime_Main_Module_GateProxy_query__E                        
000084a1  xdc_runtime_System_Module_GateProxy_query__E                      
000084a9  ti_sysbios_BIOS_RtsGateProxy_query__E                             
000084a9  ti_sysbios_gates_GateMutex_query__E                               
000084a9  ti_sysbios_heaps_HeapMem_Module_GateProxy_query__E                
000084b1  ti_sysbios_knl_Task_startup__E                                    
000084b9  ti_sysbios_gates_GateHwi_Instance_init__E                         
000084c1  ti_sysbios_knl_Clock_logTick__E                                   
000084c4  xdc_runtime_Text_charTab__A                                       
00009d49  textarray                                                         
00009f50  xdc_runtime_Text_nodeTab__A                                       
0000a1f0  ti_sysbios_knl_Task_Object__PARAMS__C                             
0000a22c  ti_sysbios_family_arm_m3_Hwi_Object__PARAMS__C                    
0000a25c  ti_sysbios_heaps_HeapMem_Module__FXNS__C                          
0000a284  sdspiTivaHWattrs                                                  
0000a2a8  ti_sysbios_gates_GateHwi_Module__FXNS__C                          
0000a2cc  ti_sysbios_gates_GateMutex_Module__FXNS__C                        
0000a2f0  ti_sysbios_heaps_HeapMem_Object__PARAMS__C                        
0000a314  ti_sysbios_knl_Semaphore_Object__PARAMS__C                        
0000a338  xdc_runtime_Startup_sfxnTab__A                                    
0000a35c  ti_sysbios_family_arm_m3_Hwi_Object__DESC__C                      
0000a37c  ti_sysbios_gates_GateHwi_Object__DESC__C                          
0000a39c  ti_sysbios_gates_GateMutex_Object__DESC__C                        
0000a3bc  ti_sysbios_heaps_HeapMem_Object__DESC__C                          
0000a3dc  ti_sysbios_knl_Queue_Object__DESC__C                              
0000a3fc  ti_sysbios_knl_Semaphore_Object__DESC__C                          
0000a41c  ti_sysbios_knl_Task_Object__DESC__C                               
0000a43c  SDSPI_config                                                      
0000a454  ti_sysbios_gates_GateHwi_Object__PARAMS__C                        
0000a46c  ti_sysbios_gates_GateMutex_Object__PARAMS__C                      
0000a484  ti_sysbios_knl_Queue_Object__PARAMS__C                            
0000a49c  GPIOTiva_config                                                   
0000a4b0  xdc_runtime_Startup_firstFxns__A                                  
0000a4c4  xdc_runtime_Startup_sfxnRts__A                                    
0000a4d6  outputfile                                                        
0000a4e7  inputfile                                                         
0000a4f7  xdc_runtime_Error_policy__C                                       
0000a4f8  SDSPITiva_fxnTable                                                
0000a508  SDSPI_defaultParams                                               
0000a510  ti_sysbios_family_arm_m3_Hwi_excHookFuncs__A                      
0000a518  ti_sysbios_knl_Idle_funcList__C                                   
0000a520  xdc_runtime_Startup_firstFxns__C                                  
0000a528  xdc_runtime_Startup_lastFxns__C                                   
0000a530  ti_catalog_arm_cortexm4_tiva_ce_Boot_A_mustUseEnhancedClockMode__C
0000a534  ti_catalog_arm_cortexm4_tiva_ce_Boot_Module__diagsEnabled__C      
0000a538  ti_catalog_arm_cortexm4_tiva_ce_Boot_Module__diagsIncluded__C     
0000a53c  ti_catalog_arm_cortexm4_tiva_ce_Boot_Module__diagsMask__C         
0000a540  ti_sysbios_family_arm_lm4_Timer_enableFunc__C                     
0000a544  ti_sysbios_family_arm_lm4_Timer_numTimerDevices__C                
0000a548  ti_sysbios_family_arm_lm4_Timer_startupNeeded__C                  
0000a54c  ti_sysbios_family_arm_m3_Hwi_E_NMI__C                             
0000a550  ti_sysbios_family_arm_m3_Hwi_E_alreadyDefined__C                  
0000a554  ti_sysbios_family_arm_m3_Hwi_E_busFault__C                        
0000a558  ti_sysbios_family_arm_m3_Hwi_E_debugMon__C                        
0000a55c  ti_sysbios_family_arm_m3_Hwi_E_hardFault__C                       
0000a560  ti_sysbios_family_arm_m3_Hwi_E_memFault__C                        
0000a564  ti_sysbios_family_arm_m3_Hwi_E_noIsr__C                           
0000a568  ti_sysbios_family_arm_m3_Hwi_E_reserved__C                        
0000a56c  ti_sysbios_family_arm_m3_Hwi_E_svCall__C                          
0000a570  ti_sysbios_family_arm_m3_Hwi_E_usageFault__C                      
0000a574  ti_sysbios_family_arm_m3_Hwi_NUM_INTERRUPTS__C                    
0000a578  ti_sysbios_family_arm_m3_Hwi_Object__count__C                     
0000a57c  ti_sysbios_family_arm_m3_Hwi_ccr__C                               
0000a580  ti_sysbios_family_arm_m3_Hwi_excHandlerFunc__C                    
0000a584  ti_sysbios_family_arm_m3_Hwi_excHookFuncs__C                      
0000a588  ti_sysbios_family_arm_m3_Hwi_nullIsrFunc__C                       
0000a58c  ti_sysbios_family_arm_m3_Hwi_priGroup__C                          
0000a590  ti_sysbios_family_arm_m3_TaskSupport_stackAlignment__C            
0000a594  ti_sysbios_gates_GateMutex_Instance_State_sem__O                  
0000a598  ti_sysbios_hal_Hwi_E_stackOverflow__C                             
0000a59c  ti_sysbios_heaps_HeapMem_E_memory__C                              
0000a5a0  ti_sysbios_heaps_HeapMem_Module__gateObj__C                       
0000a5a4  ti_sysbios_heaps_HeapMem_Object__count__C                         
0000a5a8  ti_sysbios_heaps_HeapMem_reqAlign__C                              
0000a5ac  ti_sysbios_knl_Clock_Module_State_clockQ__O                       
0000a5b0  ti_sysbios_knl_Idle_funcList__A                                   
0000a5b4  ti_sysbios_knl_Semaphore_Instance_State_pendQ__O                  
0000a5b8  ti_sysbios_knl_Swi_Object__count__C                               
0000a5bc  ti_sysbios_knl_Task_E_spOutOfBounds__C                            
0000a5c0  ti_sysbios_knl_Task_E_stackOverflow__C                            
0000a5c4  ti_sysbios_knl_Task_Module_State_inactiveQ__O                     
0000a5c8  ti_sysbios_knl_Task_Object__count__C                              
0000a5cc  ti_sysbios_knl_Task_allBlockedFunc__C                             
0000a5d0  ti_sysbios_knl_Task_defaultStackHeap__C                           
0000a5d4  ti_sysbios_knl_Task_defaultStackSize__C                           
0000a5d8  ti_sysbios_knl_Task_numConstructedTasks__C                        
0000a5dc  xdc_runtime_Assert_E_assertFailed__C                              
0000a5e0  xdc_runtime_Core_A_initializedParams__C                           
0000a5e4  xdc_runtime_Core_Module__diagsEnabled__C                          
0000a5e8  xdc_runtime_Core_Module__diagsIncluded__C                         
0000a5ec  xdc_runtime_Core_Module__diagsMask__C                             
0000a5f0  xdc_runtime_Error_E_memory__C                                     
0000a5f4  xdc_runtime_Error_Module__diagsEnabled__C                         
0000a5f8  xdc_runtime_Error_Module__diagsIncluded__C                        
0000a5fc  xdc_runtime_Error_Module__diagsMask__C                            
0000a600  xdc_runtime_Error_Module__loggerFxn8__C                           
0000a604  xdc_runtime_Error_Module__loggerObj__C                            
0000a608  xdc_runtime_Error_policyFxn__C                                    
0000a60c  xdc_runtime_Error_raiseHook__C                                    
0000a610  xdc_runtime_IGateProvider_Interface__BASE__C                      
0000a614  xdc_runtime_IHeap_Interface__BASE__C                              
0000a618  xdc_runtime_IModule_Interface__BASE__C                            
0000a61c  xdc_runtime_Log_L_error__C                                        
0000a620  xdc_runtime_Memory_defaultHeapInstance__C                         
0000a624  xdc_runtime_Startup_execImpl__C                                   
0000a628  xdc_runtime_Startup_lastFxns__A                                   
0000a62c  xdc_runtime_Startup_maxPasses__C                                  
0000a630  xdc_runtime_Startup_sfxnRts__C                                    
0000a634  xdc_runtime_Startup_sfxnTab__C                                    
0000a638  xdc_runtime_SysMin_bufSize__C                                     
0000a63c  xdc_runtime_SysMin_outputFunc__C                                  
0000a640  xdc_runtime_System_Module__gateObj__C                             
0000a644  xdc_runtime_System_abortFxn__C                                    
0000a648  xdc_runtime_System_exitFxn__C                                     
0000a64c  xdc_runtime_System_extendFxn__C                                   
0000a650  xdc_runtime_System_maxAtexitHandlers__C                           
0000a654  xdc_runtime_Text_charTab__C                                       
0000a658  xdc_runtime_Text_nameEmpty__C                                     
0000a65c  xdc_runtime_Text_nameStatic__C                                    
0000a660  xdc_runtime_Text_nameUnknown__C                                   
0000a664  xdc_runtime_Text_nodeTab__C                                       
0000a668  xdc_runtime_Text_visitRopeFxn__C                                  
0000a66c  ti_catalog_arm_cortexm4_tiva_ce_Boot_Module__id__C                
0000a66e  ti_sysbios_family_arm_lm4_TimestampProvider_useClockTimer__C      
0000a670  ti_sysbios_family_arm_m3_Hwi_Module__id__C                        
0000a672  ti_sysbios_hal_Hwi_Module__id__C                                  
0000a674  ti_sysbios_heaps_HeapMem_Module__id__C                            
0000a676  ti_sysbios_knl_Task_Module__id__C                                 
0000a678  xdc_runtime_Core_Module__id__C                                    
0000a67a  xdc_runtime_Error_Module__loggerDefined__C                        
0000a67c  xdc_runtime_Error_maxDepth__C                                     
0000a67e  xdc_runtime_Memory_Module__id__C                                  
0000a680  xdc_runtime_SysMin_flushAtExit__C                                 
0000a682  xdc_runtime_Text_charCnt__C                                       
0000a684  xdc_runtime_Text_isLoaded__C                                      
0000a686  xdc_runtime_Text_registryModsLastId__C                            
0000a688  xdc_runtime_Text_unnamedModsLastId__C                             
0000a690  __TI_static_base__                                                
0000a8e4  __TI_Handler_Table_Base                                           
0000a8f0  __TI_Handler_Table_Limit                                          
0000a900  __TI_CINIT_Base                                                   
0000a918  __TI_CINIT_Limit                                                  
20000000  ti_sysbios_family_arm_m3_Hwi_ramVectors                           
20000360  ti_sysbios_heaps_HeapMem_Instance_State_0_buf__A                  
20001360  cpy_buff                                                          
20001b64  xdc_runtime_SysMin_Module_State_0_outbuf__A                       
20001f64  ti_sysbios_family_arm_m3_Hwi_dispatchTable                        
200022c4  task0Stack                                                        
200025c4  sdspiTivaObjects                                                  
20002808  ti_sysbios_knl_Task_Instance_State_0_stack__A                     
20002a08  __CIOBUF_                                                         
20002b28  __TI_tmpnams                                                      
20002c58  task0Struct                                                       
20002cf0  parmbuf                                                           
20002cfc  _ftable                                                           
20002dec  ti_sysbios_family_arm_lm4_Timer_Object__table__V                  
20002e6c  ti_sysbios_knl_Swi_Module_State_0_readyQ__A                       
20002eec  ti_sysbios_knl_Task_Module_State_0_readyQ__A                      
20002f6c  _device                                                           
20002fe4  _stream                                                           
20003084  ti_sysbios_knl_Task_Object__table__V                              
200030d0  ti_sysbios_knl_Task_Module__state__V                              
20003114  ti_sysbios_gates_GateMutex_Object__table__V                       
2000314c  ti_sysbios_family_arm_m3_Hwi_Module__state__V                     
20003180  ti_sysbios_family_arm_lm4_Timer_Module_State_0_device__A          
200031b0  ti_sysbios_family_arm_m3_Hwi_Object__table__V                     
200031e0  ti_sysbios_knl_Swi_Object__table__V                               
20003210  ti_sysbios_knl_Clock_Module__state__V                             
20003260  ti_sysbios_BIOS_Module__state__V                                  
20003284  ti_sysbios_knl_Swi_Module__state__V                               
200032a0  ti_sysbios_family_arm_lm4_Timer_Module_State_0_handles__A         
200032b8  ti_sysbios_heaps_HeapMem_Object__table__V                         
200032d0  gpioPinConfigs                                                    
200032e4  _tz                                                               
200032f4  __TI_ft_end                                                       
200032f8  __aeabi_stdin                                                     
200032fc  __aeabi_stdout                                                    
20003300  __aeabi_stderr                                                    
20003304  __TI_cleanup_ptr                                                  
20003308  __TI_dtors_ptr                                                    
2000330c  __TI_enable_exit_profile_output                                   
20003310  ti_sysbios_family_arm_lm4_Timer_Module__state__V                  
2000331c  xdc_runtime_SysMin_Module__state__V                               
20003328  _lock                                                             
2000332c  _unlock                                                           
20003330  gpioCallbackFunctions                                             
20003338  ti_sysbios_family_arm_lm4_Seconds_Module__state__V                
20003340  ti_sysbios_family_arm_lm4_TimestampProvider_Module__state__V      
20003348  ti_sysbios_family_arm_m3_Hwi_Module__root__V                      
20003350  ti_sysbios_gates_GateHwi_Module__root__V                          
20003358  ti_sysbios_gates_GateMutex_Module__root__V                        
20003360  ti_sysbios_heaps_HeapMem_Module__root__V                          
20003368  ti_sysbios_knl_Queue_Module__root__V                              
20003370  ti_sysbios_knl_Semaphore_Module__root__V                          
20003378  ti_sysbios_knl_Task_Module__root__V                               
20003380  xdc_runtime_Registry_Module__state__V                             
20003388  xdc_runtime_Startup_Module__state__V                              
20003390  xdc_runtime_System_Module_State_0_atexitHandlers__A               
20003398  xdc_runtime_System_Module__state__V                               
200033a6  ti_sysbios_family_arm_m3_Hwi_Module_State_0_excActive__A          
200033b4  errno                                                             
200033c0  main_func_sp                                                      
200033c8  ti_sysbios_family_arm_m3_Hwi_Module_State_0_excContext__A         
200033cc  ti_sysbios_family_arm_m3_Hwi_Module_State_0_excStack__A           
200033d0  ti_sysbios_gates_GateHwi_Object__table__V                         
200033d4  ti_sysbios_knl_Task_Module_State_0_idleTask__A                    
200033d8  xdc_runtime_Memory_Module__state__V                               
200033dc  xdc_runtime_Error_Module__state__V                                
200033e0  __stack                                                           
200036e0  __STACK_END                                                       
e000e000  ti_sysbios_family_arm_m3_Hwi_nvic                                 
ffffffff  __TI_pprof_out_hndl                                               
ffffffff  __TI_prof_data_size                                               
ffffffff  __TI_prof_data_start                                              
ffffffff  __binit__                                                         
ffffffff  __c_args__                                                        
ffffffff  binit                                                             
UNDEFED   SHT$$INIT_ARRAY$$Base                                             
UNDEFED   SHT$$INIT_ARRAY$$Limit                                            

[664 symbols]
